Initialized native services in: C:\Users\hp\.gradle\native
Initialized jansi services in: C:\Users\hp\.gradle\native
To honour the JVM settings for this build a single-use Daemon process will be forked. For more on this, please refer to https://docs.gradle.org/8.14.3/userguide/gradle_daemon.html#sec:disabling_the_daemon in the Gradle documentation.
Starting process 'Gradle build daemon'. Working directory: C:\Users\hp\.gradle\daemon\8.14.3 Command: C:\Program Files\Java\jdk-21\bin\java.exe --add-opens=java.base/java.lang=ALL-UNNAMED --add-opens=java.base/java.lang.invoke=ALL-UNNAMED --add-opens=java.base/java.util=ALL-UNNAMED --add-opens=java.prefs/java.util.prefs=ALL-UNNAMED --add-exports=jdk.compiler/com.sun.tools.javac.api=ALL-UNNAMED --add-exports=jdk.compiler/com.sun.tools.javac.util=ALL-UNNAMED --add-opens=java.base/java.util=ALL-UNNAMED --add-opens=java.prefs/java.util.prefs=ALL-UNNAMED --add-opens=java.base/java.nio.charset=ALL-UNNAMED --add-opens=java.base/java.net=ALL-UNNAMED --add-opens=java.base/java.util.concurrent.atomic=ALL-UNNAMED --add-opens=java.xml/javax.xml.namespace=ALL-UNNAMED -XX:MaxMetaspaceSize=1536m -XX:+UseParallelGC --add-exports jdk.compiler/com.sun.tools.javac.api=ALL-UNNAMED --add-exports jdk.compiler/com.sun.tools.javac.file=ALL-UNNAMED --add-exports jdk.compiler/com.sun.tools.javac.parser=ALL-UNNAMED --add-exports jdk.compiler/com.sun.tools.javac.tree=ALL-UNNAMED --add-exports jdk.compiler/com.sun.tools.javac.util=ALL-UNNAMED --add-exports=java.naming/com.sun.jndi.ldap=ALL-UNNAMED --add-opens=java.base/java.lang=ALL-UNNAMED --add-opens=java.base/java.lang.invoke=ALL-UNNAMED --add-opens=java.base/java.io=ALL-UNNAMED --add-opens=java.base/java.security=ALL-UNNAMED --add-opens=java.base/java.util=ALL-UNNAMED --add-opens=java.management/javax.management=ALL-UNNAMED --add-opens=java.naming/javax.naming=ALL-UNNAMED --add-opens=java.rmi/sun.rmi.transport=ALL-UNNAMED -Xms512m -Xmx3g -Dfile.encoding=UTF-8 -Duser.country=IN -Duser.language=en -Duser.variant -cp C:\Users\hp\.gradle\wrapper\dists\gradle-8.14.3-bin\cv11ve7ro1n3o1j4so8xd9n66\gradle-8.14.3\lib\gradle-daemon-main-8.14.3.jar -javaagent:C:\Users\hp\.gradle\wrapper\dists\gradle-8.14.3-bin\cv11ve7ro1n3o1j4so8xd9n66\gradle-8.14.3\lib\agents\gradle-instrumentation-agent-8.14.3.jar org.gradle.launcher.daemon.bootstrap.GradleDaemon 8.14.3
Successfully started process 'Gradle build daemon'
An attempt to start the daemon took 7.388 secs.
The client will now receive all logging from the daemon (pid: 23224). The daemon log file: C:\Users\hp\.gradle\daemon\8.14.3\daemon-23224.out.log
Daemon will be stopped at the end of the build 
Using 1 worker leases.
Received JVM installation metadata from 'C:\Program Files\Java\jdk-21': {JAVA_HOME=C:\Program Files\Java\jdk-21, JAVA_VERSION=21.0.8, JAVA_VENDOR=Oracle Corporation, RUNTIME_NAME=Java(TM) SE Runtime Environment, RUNTIME_VERSION=21.0.8+12-LTS-250, VM_NAME=Java HotSpot(TM) 64-Bit Server VM, VM_VERSION=21.0.8+12-LTS-250, VM_VENDOR=Oracle Corporation, OS_ARCH=amd64}
Watching the file system is configured to be disabled
File system watching is inactive
Starting Build
Invalidating in-memory cache of C:\Users\hp\.gradle\caches\journal-1\file-access.bin
Invalidating in-memory cache of C:\Users\hp\.gradle\caches\8.14.3\fileHashes\fileHashes.bin
Invalidating in-memory cache of C:\Users\hp\.gradle\caches\8.14.3\fileHashes\resourceHashesCache.bin
Settings evaluated using settings file 'D:\program_data\Fineract\Fineract-without-loan\settings.gradle'.
Using local directory build cache for the root build (location = C:\Users\hp\.gradle\caches\build-cache-1, remove unused entries = after 7 days).
Projects loaded. Root project using build file 'D:\program_data\Fineract\Fineract-without-loan\build.gradle'.
Included projects: [root project 'fineract-no-loans', project ':custom', project ':fineract-accounting', project ':fineract-avro-schemas', project ':fineract-charge', project ':fineract-client', project ':fineract-cob', project ':fineract-command', project ':fineract-core', project ':fineract-document', project ':fineract-group', project ':fineract-organisation', project ':fineract-provider', project ':fineract-report', project ':fineract-savings', project ':fineract-tax', project ':fineract-validation', project ':fineract-war', project ':custom:acme', project ':custom:acme:event', project ':custom:acme:note', project ':custom:acme:event:externalevent', project ':custom:acme:event:starter', project ':custom:acme:note:service', project ':custom:acme:note:starter']

> Configure project :buildSrc
Evaluating project ':buildSrc' using build file 'D:\program_data\Fineract\Fineract-without-loan\buildSrc\build.gradle'.
Resolved plugin [id: 'io.spring.dependency-management', version: '1.1.7']
Resolved plugin [id: 'groovy']
Resolved plugin [id: 'java-gradle-plugin']
Resolved plugin [id: 'groovy-gradle-plugin']
Applying dependency management to configuration 'annotationProcessor' in project 'buildSrc'
Applying dependency management to configuration 'api' in project 'buildSrc'
Applying dependency management to configuration 'apiElements' in project 'buildSrc'
Applying dependency management to configuration 'archives' in project 'buildSrc'
Applying dependency management to configuration 'compileClasspath' in project 'buildSrc'
Applying dependency management to configuration 'compileOnly' in project 'buildSrc'
Applying dependency management to configuration 'compileOnlyApi' in project 'buildSrc'
Applying dependency management to configuration 'default' in project 'buildSrc'
Applying dependency management to configuration 'implementation' in project 'buildSrc'
Applying dependency management to configuration 'mainSourceElements' in project 'buildSrc'
Applying dependency management to configuration 'runtimeClasspath' in project 'buildSrc'
Applying dependency management to configuration 'runtimeElements' in project 'buildSrc'
Applying dependency management to configuration 'runtimeOnly' in project 'buildSrc'
Applying dependency management to configuration 'testAnnotationProcessor' in project 'buildSrc'
Applying dependency management to configuration 'testCompileClasspath' in project 'buildSrc'
Applying dependency management to configuration 'testCompileOnly' in project 'buildSrc'
Applying dependency management to configuration 'testImplementation' in project 'buildSrc'
Applying dependency management to configuration 'testResultsElementsForTest' in project 'buildSrc'
Applying dependency management to configuration 'testRuntimeClasspath' in project 'buildSrc'
Applying dependency management to configuration 'testRuntimeOnly' in project 'buildSrc'
file or directory 'D:\program_data\Fineract\Fineract-without-loan\buildSrc\src\main\java', not found
Applying dependency management to configuration 'buildScriptClasspath' in project 'buildSrc'
Resolving global dependency management for project 'buildSrc'
Variant Selection Exception: org.gradle.internal.component.resolution.failure.exception.VariantSelectionByAttributesException caused by Resolution Failure: org.gradle.internal.component.resolution.failure.type.NoCompatibleVariantsFailure
Excluding []
file or directory 'D:\program_data\Fineract\Fineract-without-loan\buildSrc\src\main\java', not found
file or directory 'D:\program_data\Fineract\Fineract-without-loan\buildSrc\src\main\java', not found
Excluding []
Excluding []
Resolve mutations for :buildSrc:extractPluginRequests (Thread[#66,included builds,5,main]) started.
:buildSrc:extractPluginRequests (Thread[#66,included builds,5,main]) started.

> Task :buildSrc:extractPluginRequests UP-TO-DATE
Build cache key for task ':buildSrc:extractPluginRequests' is ba3f4dbcfb4a4e3118d0ede053918cda
Skipping task ':buildSrc:extractPluginRequests' as it is up-to-date.
Resolve mutations for :buildSrc:generatePluginAdapters (Thread[#66,included builds,5,main]) started.
:buildSrc:generatePluginAdapters (Thread[#66,included builds,5,main]) started.

> Task :buildSrc:generatePluginAdapters UP-TO-DATE
Build cache key for task ':buildSrc:generatePluginAdapters' is b9af4ee712bb623ba994dcb23c559ad7
Skipping task ':buildSrc:generatePluginAdapters' as it is up-to-date.
Resolve mutations for :buildSrc:compileJava (Thread[#66,included builds,5,main]) started.
:buildSrc:compileJava (Thread[#66,included builds,5,main]) started.

> Task :buildSrc:compileJava UP-TO-DATE
Build cache key for task ':buildSrc:compileJava' is 50bb495ec88f93d26a1e87e4a11f7aca
Skipping task ':buildSrc:compileJava' as it is up-to-date.
Resolve mutations for :buildSrc:compileGroovy (Thread[#66,included builds,5,main]) started.
:buildSrc:compileGroovy (Thread[#66,included builds,5,main]) started.

> Task :buildSrc:compileGroovy UP-TO-DATE
Build cache key for task ':buildSrc:compileGroovy' is 27ba3f8761fbeb7d67e0d20295480991
Skipping task ':buildSrc:compileGroovy' as it is up-to-date.
Resolve mutations for :buildSrc:compileGroovyPlugins (Thread[#66,included builds,5,main]) started.
:buildSrc:compileGroovyPlugins (Thread[#66,included builds,5,main]) started.

> Task :buildSrc:compileGroovyPlugins UP-TO-DATE
Build cache key for task ':buildSrc:compileGroovyPlugins' is e344781601e46738e87cccd7ad482a9c
Skipping task ':buildSrc:compileGroovyPlugins' as it is up-to-date.
Resolve mutations for :buildSrc:pluginDescriptors (Thread[#66,included builds,5,main]) started.
:buildSrc:pluginDescriptors (Thread[#66,included builds,5,main]) started.

> Task :buildSrc:pluginDescriptors UP-TO-DATE
Caching disabled for task ':buildSrc:pluginDescriptors' because:
  Not worth caching
Skipping task ':buildSrc:pluginDescriptors' as it is up-to-date.
Resolve mutations for :buildSrc:processResources (Thread[#66,included builds,5,main]) started.
:buildSrc:processResources (Thread[#66,included builds,5,main]) started.

> Task :buildSrc:processResources UP-TO-DATE
Caching disabled for task ':buildSrc:processResources' because:
  Not worth caching
Skipping task ':buildSrc:processResources' as it is up-to-date.
Resolve mutations for :buildSrc:classes (Thread[#66,included builds,5,main]) started.
:buildSrc:classes (Thread[#66,included builds,5,main]) started.

> Task :buildSrc:classes UP-TO-DATE
Skipping task ':buildSrc:classes' as it has no actions.
Resolve mutations for :buildSrc:jar (Thread[#66,included builds,5,main]) started.
:buildSrc:jar (Thread[#66,included builds,5,main]) started.

> Task :buildSrc:jar UP-TO-DATE
Caching disabled for task ':buildSrc:jar' because:
  Not worth caching
Skipping task ':buildSrc:jar' as it is up-to-date.

> Configure project :
Evaluating root project 'fineract-no-loans' using build file 'D:\program_data\Fineract\Fineract-without-loan\build.gradle'.
Resolved plugin [id: 'me.qoomon.git-versioning', version: '6.4.4']
Resolved plugin [id: 'org.barfuin.gradle.taskinfo', version: '2.2.0']
Resolved plugin [id: 'com.adarshr.test-logger', version: '4.0.0']
Resolved plugin [id: 'com.diffplug.spotless', version: '6.25.0', apply: false]
Resolved plugin [id: 'org.nosphere.apache.rat', version: '0.8.1', apply: false]
Resolved plugin [id: 'com.github.hierynomus.license', version: '0.16.1', apply: false]
Resolved plugin [id: 'com.github.jk1.dependency-license-report', version: '2.9', apply: false]
Resolved plugin [id: 'org.zeroturnaround.gradle.jrebel', version: '1.2.0', apply: false]
Resolved plugin [id: 'org.springframework.boot', version: '3.5.5', apply: false]
Resolved plugin [id: 'net.ltgt.errorprone', version: '4.1.0', apply: false]
Resolved plugin [id: 'io.swagger.core.v3.swagger-gradle-plugin', version: '2.2.23', apply: false]
Resolved plugin [id: 'com.gorylenko.gradle-git-properties', version: '2.4.2', apply: false]
Resolved plugin [id: 'org.asciidoctor.jvm.convert', version: '4.0.5', apply: false]
Resolved plugin [id: 'org.asciidoctor.jvm.pdf', version: '4.0.5', apply: false]
Resolved plugin [id: 'com.google.cloud.tools.jib', version: '3.4.5', apply: false]
Resolved plugin [id: 'org.sonarqube', version: '6.0.1.5171']
Resolved plugin [id: 'com.github.andygoossens.modernizer', version: '1.10.0', apply: false]
Resolved plugin [id: 'com.github.spotbugs', version: '6.0.26', apply: false]
Resolved plugin [id: 'se.thinkcode.cucumber-runner', version: '0.0.11', apply: false]
Resolved plugin [id: 'com.github.davidmc24.gradle.plugin.avro-base', version: '1.9.1', apply: false]
Resolved plugin [id: 'org.openapi.generator', version: '7.8.0', apply: false]
Resolved plugin [id: 'com.gradleup.shadow', version: '8.3.5', apply: false]
Resolved plugin [id: 'me.champeau.jmh', version: '0.7.1', apply: false]
Invalidating in-memory cache of C:\Users\hp\.gradle\caches\journal-1\file-access.bin
Invalidating in-memory cache of C:\Users\hp\.gradle\caches\8.14.3\fileHashes\fileHashes.bin
Invalidating in-memory cache of C:\Users\hp\.gradle\caches\8.14.3\fileHashes\resourceHashesCache.bin
matching ref: COMMIT - 1fbb99f996ba3197bd6ba1ee88ddfbd6a98334ce
  ref configuration: COMMIT - pattern: null
    version: ${describe.tag.version.major}.${describe.tag.version.minor.next}.0-SNAPSHOT
    describeTagPattern: .*(\d+\.\d+\.\d+).*
    describeTagFirstParent: false

set version to  0.1.0-SNAPSHOT
project version: 0.1.0-SNAPSHOT
set version to  0.1.0-SNAPSHOT
set version to  0.1.0-SNAPSHOT
set version to  0.1.0-SNAPSHOT
set version to  0.1.0-SNAPSHOT
set version to  0.1.0-SNAPSHOT
set version to  0.1.0-SNAPSHOT
set version to  0.1.0-SNAPSHOT
set version to  0.1.0-SNAPSHOT
set version to  0.1.0-SNAPSHOT
set version to  0.1.0-SNAPSHOT
set version to  0.1.0-SNAPSHOT
set version to  0.1.0-SNAPSHOT
set version to  0.1.0-SNAPSHOT
set version to  0.1.0-SNAPSHOT
set version to  0.1.0-SNAPSHOT
set version to  0.1.0-SNAPSHOT
set version to  0.1.0-SNAPSHOT
set version to  0.1.0-SNAPSHOT
set version to  0.1.0-SNAPSHOT
set version to  0.1.0-SNAPSHOT
set version to  0.1.0-SNAPSHOT
set version to  0.1.0-SNAPSHOT
set version to  0.1.0-SNAPSHOT
set version to  0.1.0-SNAPSHOT
Invalidating in-memory cache of C:\Users\hp\.gradle\caches\journal-1\file-access.bin
Invalidating in-memory cache of C:\Users\hp\.gradle\caches\8.14.3\fileHashes\fileHashes.bin
Invalidating in-memory cache of C:\Users\hp\.gradle\caches\8.14.3\fileHashes\resourceHashesCache.bin
Applying dependency management to configuration 'implementation' in project 'fineract-no-loans'
Applying dependency management to configuration 'api' in project 'fineract-no-loans'
Applying dependency management to configuration 'archives' in project 'fineract-no-loans'
Applying dependency management to configuration 'default' in project 'fineract-no-loans'
Adding license extension
Adding download licenses extension
Applying defaults to download task: :downloadLicenses
Applying dependency management to configuration 'errorprone' in project 'fineract-no-loans'
Applying dependency management to configuration 'errorproneJavac' in project 'fineract-no-loans'
Adding license extension
Adding download licenses extension
Applying defaults to download task: :custom:downloadLicenses
Adding license extension
Adding download licenses extension
Applying defaults to download task: :fineract-accounting:downloadLicenses
Adding license extension
Adding download licenses extension
Applying defaults to download task: :fineract-avro-schemas:downloadLicenses
Adding license extension
Adding download licenses extension
Applying defaults to download task: :fineract-charge:downloadLicenses
Adding license extension
Adding download licenses extension
Applying defaults to download task: :fineract-client:downloadLicenses
Adding license extension
Adding download licenses extension
Applying defaults to download task: :fineract-cob:downloadLicenses
Adding license extension
Adding download licenses extension
Applying defaults to download task: :fineract-command:downloadLicenses
Adding license extension
Adding download licenses extension
Applying defaults to download task: :fineract-core:downloadLicenses
Adding license extension
Adding download licenses extension
Applying defaults to download task: :fineract-document:downloadLicenses
Adding license extension
Adding download licenses extension
Applying defaults to download task: :fineract-group:downloadLicenses
Adding license extension
Adding download licenses extension
Applying defaults to download task: :fineract-organisation:downloadLicenses
Adding license extension
Adding download licenses extension
Applying defaults to download task: :fineract-provider:downloadLicenses
Adding license extension
Adding download licenses extension
Applying defaults to download task: :fineract-report:downloadLicenses
Adding license extension
Adding download licenses extension
Applying defaults to download task: :fineract-savings:downloadLicenses
Adding license extension
Adding download licenses extension
Applying defaults to download task: :fineract-tax:downloadLicenses
Adding license extension
Adding download licenses extension
Applying defaults to download task: :fineract-validation:downloadLicenses
Adding license extension
Adding download licenses extension
Applying defaults to download task: :fineract-war:downloadLicenses
Adding license extension
Adding download licenses extension
Applying defaults to download task: :custom:acme:downloadLicenses
Adding license extension
Adding download licenses extension
Applying defaults to download task: :custom:acme:event:downloadLicenses
Adding license extension
Adding download licenses extension
Applying defaults to download task: :custom:acme:note:downloadLicenses
Adding license extension
Adding download licenses extension
Applying defaults to download task: :custom:acme:event:externalevent:downloadLicenses
Adding license extension
Adding download licenses extension
Applying defaults to download task: :custom:acme:event:starter:downloadLicenses
Adding license extension
Adding download licenses extension
Applying defaults to download task: :custom:acme:note:service:downloadLicenses
Adding license extension
Adding download licenses extension
Applying defaults to download task: :custom:acme:note:starter:downloadLicenses
Adding licenseMain task for sourceSet main
Applying license defaults to task: :fineract-accounting:licenseMain
Applying license defaults to task: :fineract-accounting:licenseFormatMain
Adding licenseTest task for sourceSet test
Applying license defaults to task: :fineract-accounting:licenseTest
Applying license defaults to task: :fineract-accounting:licenseFormatTest
Applying dependency management to configuration 'annotationProcessor' in project 'fineract-accounting'
Applying dependency management to configuration 'api' in project 'fineract-accounting'
Applying dependency management to configuration 'apiElements' in project 'fineract-accounting'
Applying dependency management to configuration 'archives' in project 'fineract-accounting'
Applying dependency management to configuration 'checkstyle' in project 'fineract-accounting'
Applying dependency management to configuration 'compileClasspath' in project 'fineract-accounting'
Applying dependency management to configuration 'compileOnly' in project 'fineract-accounting'
Applying dependency management to configuration 'coverageDataElementsForTest' in project 'fineract-accounting'
Applying dependency management to configuration 'default' in project 'fineract-accounting'
Applying dependency management to configuration 'errorprone' in project 'fineract-accounting'
Applying dependency management to configuration 'errorproneJavac' in project 'fineract-accounting'
Applying dependency management to configuration 'implementation' in project 'fineract-accounting'
Applying dependency management to configuration 'jacocoAgent' in project 'fineract-accounting'
Applying dependency management to configuration 'jacocoAnt' in project 'fineract-accounting'
Applying dependency management to configuration 'javadocElements' in project 'fineract-accounting'
Applying dependency management to configuration 'mainSourceElements' in project 'fineract-accounting'
Applying dependency management to configuration 'modernizer' in project 'fineract-accounting'
Applying dependency management to configuration 'runtimeClasspath' in project 'fineract-accounting'
Applying dependency management to configuration 'runtimeElements' in project 'fineract-accounting'
Applying dependency management to configuration 'runtimeOnly' in project 'fineract-accounting'
Applying dependency management to configuration 'sourcesElements' in project 'fineract-accounting'
Applying dependency management to configuration 'spotbugs' in project 'fineract-accounting'
Applying dependency management to configuration 'spotbugsPlugins' in project 'fineract-accounting'
Applying dependency management to configuration 'spotbugsSlf4j' in project 'fineract-accounting'
Applying dependency management to configuration 'testAnnotationProcessor' in project 'fineract-accounting'
Applying dependency management to configuration 'testCompileClasspath' in project 'fineract-accounting'
Applying dependency management to configuration 'testCompileOnly' in project 'fineract-accounting'
Applying dependency management to configuration 'testImplementation' in project 'fineract-accounting'
Applying dependency management to configuration 'testResultsElementsForTest' in project 'fineract-accounting'
Applying dependency management to configuration 'testRuntimeClasspath' in project 'fineract-accounting'
Applying dependency management to configuration 'testRuntimeOnly' in project 'fineract-accounting'
Adding licenseMain task for sourceSet main
Applying license defaults to task: :fineract-avro-schemas:licenseMain
Applying license defaults to task: :fineract-avro-schemas:licenseFormatMain
Adding licenseTest task for sourceSet test
Applying license defaults to task: :fineract-avro-schemas:licenseTest
Applying license defaults to task: :fineract-avro-schemas:licenseFormatTest
Applying dependency management to configuration 'annotationProcessor' in project 'fineract-avro-schemas'
Applying dependency management to configuration 'api' in project 'fineract-avro-schemas'
Applying dependency management to configuration 'apiElements' in project 'fineract-avro-schemas'
Applying dependency management to configuration 'archives' in project 'fineract-avro-schemas'
Applying dependency management to configuration 'checkstyle' in project 'fineract-avro-schemas'
Applying dependency management to configuration 'compileClasspath' in project 'fineract-avro-schemas'
Applying dependency management to configuration 'compileOnly' in project 'fineract-avro-schemas'
Applying dependency management to configuration 'coverageDataElementsForTest' in project 'fineract-avro-schemas'
Applying dependency management to configuration 'default' in project 'fineract-avro-schemas'
Applying dependency management to configuration 'errorprone' in project 'fineract-avro-schemas'
Applying dependency management to configuration 'errorproneJavac' in project 'fineract-avro-schemas'
Applying dependency management to configuration 'implementation' in project 'fineract-avro-schemas'
Applying dependency management to configuration 'jacocoAgent' in project 'fineract-avro-schemas'
Applying dependency management to configuration 'jacocoAnt' in project 'fineract-avro-schemas'
Applying dependency management to configuration 'javadocElements' in project 'fineract-avro-schemas'
Applying dependency management to configuration 'mainSourceElements' in project 'fineract-avro-schemas'
Applying dependency management to configuration 'modernizer' in project 'fineract-avro-schemas'
Applying dependency management to configuration 'runtimeClasspath' in project 'fineract-avro-schemas'
Applying dependency management to configuration 'runtimeElements' in project 'fineract-avro-schemas'
Applying dependency management to configuration 'runtimeOnly' in project 'fineract-avro-schemas'
Applying dependency management to configuration 'sourcesElements' in project 'fineract-avro-schemas'
Applying dependency management to configuration 'spotbugs' in project 'fineract-avro-schemas'
Applying dependency management to configuration 'spotbugsPlugins' in project 'fineract-avro-schemas'
Applying dependency management to configuration 'spotbugsSlf4j' in project 'fineract-avro-schemas'
Applying dependency management to configuration 'testAnnotationProcessor' in project 'fineract-avro-schemas'
Applying dependency management to configuration 'testCompileClasspath' in project 'fineract-avro-schemas'
Applying dependency management to configuration 'testCompileOnly' in project 'fineract-avro-schemas'
Applying dependency management to configuration 'testImplementation' in project 'fineract-avro-schemas'
Applying dependency management to configuration 'testResultsElementsForTest' in project 'fineract-avro-schemas'
Applying dependency management to configuration 'testRuntimeClasspath' in project 'fineract-avro-schemas'
Applying dependency management to configuration 'testRuntimeOnly' in project 'fineract-avro-schemas'
Adding licenseMain task for sourceSet main
Applying license defaults to task: :fineract-charge:licenseMain
Applying license defaults to task: :fineract-charge:licenseFormatMain
Adding licenseTest task for sourceSet test
Applying license defaults to task: :fineract-charge:licenseTest
Applying license defaults to task: :fineract-charge:licenseFormatTest
Applying dependency management to configuration 'annotationProcessor' in project 'fineract-charge'
Applying dependency management to configuration 'api' in project 'fineract-charge'
Applying dependency management to configuration 'apiElements' in project 'fineract-charge'
Applying dependency management to configuration 'archives' in project 'fineract-charge'
Applying dependency management to configuration 'checkstyle' in project 'fineract-charge'
Applying dependency management to configuration 'compileClasspath' in project 'fineract-charge'
Applying dependency management to configuration 'compileOnly' in project 'fineract-charge'
Applying dependency management to configuration 'coverageDataElementsForTest' in project 'fineract-charge'
Applying dependency management to configuration 'default' in project 'fineract-charge'
Applying dependency management to configuration 'errorprone' in project 'fineract-charge'
Applying dependency management to configuration 'errorproneJavac' in project 'fineract-charge'
Applying dependency management to configuration 'implementation' in project 'fineract-charge'
Applying dependency management to configuration 'jacocoAgent' in project 'fineract-charge'
Applying dependency management to configuration 'jacocoAnt' in project 'fineract-charge'
Applying dependency management to configuration 'javadocElements' in project 'fineract-charge'
Applying dependency management to configuration 'mainSourceElements' in project 'fineract-charge'
Applying dependency management to configuration 'modernizer' in project 'fineract-charge'
Applying dependency management to configuration 'runtimeClasspath' in project 'fineract-charge'
Applying dependency management to configuration 'runtimeElements' in project 'fineract-charge'
Applying dependency management to configuration 'runtimeOnly' in project 'fineract-charge'
Applying dependency management to configuration 'sourcesElements' in project 'fineract-charge'
Applying dependency management to configuration 'spotbugs' in project 'fineract-charge'
Applying dependency management to configuration 'spotbugsPlugins' in project 'fineract-charge'
Applying dependency management to configuration 'spotbugsSlf4j' in project 'fineract-charge'
Applying dependency management to configuration 'testAnnotationProcessor' in project 'fineract-charge'
Applying dependency management to configuration 'testCompileClasspath' in project 'fineract-charge'
Applying dependency management to configuration 'testCompileOnly' in project 'fineract-charge'
Applying dependency management to configuration 'testImplementation' in project 'fineract-charge'
Applying dependency management to configuration 'testResultsElementsForTest' in project 'fineract-charge'
Applying dependency management to configuration 'testRuntimeClasspath' in project 'fineract-charge'
Applying dependency management to configuration 'testRuntimeOnly' in project 'fineract-charge'
Adding licenseMain task for sourceSet main
Applying license defaults to task: :fineract-client:licenseMain
Applying license defaults to task: :fineract-client:licenseFormatMain
Adding licenseTest task for sourceSet test
Applying license defaults to task: :fineract-client:licenseTest
Applying license defaults to task: :fineract-client:licenseFormatTest
Applying dependency management to configuration 'annotationProcessor' in project 'fineract-client'
Applying dependency management to configuration 'api' in project 'fineract-client'
Applying dependency management to configuration 'apiElements' in project 'fineract-client'
Applying dependency management to configuration 'archives' in project 'fineract-client'
Applying dependency management to configuration 'checkstyle' in project 'fineract-client'
Applying dependency management to configuration 'compileClasspath' in project 'fineract-client'
Applying dependency management to configuration 'compileOnly' in project 'fineract-client'
Applying dependency management to configuration 'coverageDataElementsForTest' in project 'fineract-client'
Applying dependency management to configuration 'default' in project 'fineract-client'
Applying dependency management to configuration 'errorprone' in project 'fineract-client'
Applying dependency management to configuration 'errorproneJavac' in project 'fineract-client'
Applying dependency management to configuration 'implementation' in project 'fineract-client'
Applying dependency management to configuration 'jacocoAgent' in project 'fineract-client'
Applying dependency management to configuration 'jacocoAnt' in project 'fineract-client'
Applying dependency management to configuration 'javadocElements' in project 'fineract-client'
Applying dependency management to configuration 'mainSourceElements' in project 'fineract-client'
Applying dependency management to configuration 'modernizer' in project 'fineract-client'
Applying dependency management to configuration 'runtimeClasspath' in project 'fineract-client'
Applying dependency management to configuration 'runtimeElements' in project 'fineract-client'
Applying dependency management to configuration 'runtimeOnly' in project 'fineract-client'
Applying dependency management to configuration 'sourcesElements' in project 'fineract-client'
Applying dependency management to configuration 'spotbugs' in project 'fineract-client'
Applying dependency management to configuration 'spotbugsPlugins' in project 'fineract-client'
Applying dependency management to configuration 'spotbugsSlf4j' in project 'fineract-client'
Applying dependency management to configuration 'testAnnotationProcessor' in project 'fineract-client'
Applying dependency management to configuration 'testCompileClasspath' in project 'fineract-client'
Applying dependency management to configuration 'testCompileOnly' in project 'fineract-client'
Applying dependency management to configuration 'testImplementation' in project 'fineract-client'
Applying dependency management to configuration 'testResultsElementsForTest' in project 'fineract-client'
Applying dependency management to configuration 'testRuntimeClasspath' in project 'fineract-client'
Applying dependency management to configuration 'testRuntimeOnly' in project 'fineract-client'
Adding licenseMain task for sourceSet main
Applying license defaults to task: :fineract-cob:licenseMain
Applying license defaults to task: :fineract-cob:licenseFormatMain
Adding licenseTest task for sourceSet test
Applying license defaults to task: :fineract-cob:licenseTest
Applying license defaults to task: :fineract-cob:licenseFormatTest
Applying dependency management to configuration 'annotationProcessor' in project 'fineract-cob'
Applying dependency management to configuration 'api' in project 'fineract-cob'
Applying dependency management to configuration 'apiElements' in project 'fineract-cob'
Applying dependency management to configuration 'archives' in project 'fineract-cob'
Applying dependency management to configuration 'checkstyle' in project 'fineract-cob'
Applying dependency management to configuration 'compileClasspath' in project 'fineract-cob'
Applying dependency management to configuration 'compileOnly' in project 'fineract-cob'
Applying dependency management to configuration 'coverageDataElementsForTest' in project 'fineract-cob'
Applying dependency management to configuration 'default' in project 'fineract-cob'
Applying dependency management to configuration 'errorprone' in project 'fineract-cob'
Applying dependency management to configuration 'errorproneJavac' in project 'fineract-cob'
Applying dependency management to configuration 'implementation' in project 'fineract-cob'
Applying dependency management to configuration 'jacocoAgent' in project 'fineract-cob'
Applying dependency management to configuration 'jacocoAnt' in project 'fineract-cob'
Applying dependency management to configuration 'javadocElements' in project 'fineract-cob'
Applying dependency management to configuration 'mainSourceElements' in project 'fineract-cob'
Applying dependency management to configuration 'modernizer' in project 'fineract-cob'
Applying dependency management to configuration 'runtimeClasspath' in project 'fineract-cob'
Applying dependency management to configuration 'runtimeElements' in project 'fineract-cob'
Applying dependency management to configuration 'runtimeOnly' in project 'fineract-cob'
Applying dependency management to configuration 'sourcesElements' in project 'fineract-cob'
Applying dependency management to configuration 'spotbugs' in project 'fineract-cob'
Applying dependency management to configuration 'spotbugsPlugins' in project 'fineract-cob'
Applying dependency management to configuration 'spotbugsSlf4j' in project 'fineract-cob'
Applying dependency management to configuration 'testAnnotationProcessor' in project 'fineract-cob'
Applying dependency management to configuration 'testCompileClasspath' in project 'fineract-cob'
Applying dependency management to configuration 'testCompileOnly' in project 'fineract-cob'
Applying dependency management to configuration 'testImplementation' in project 'fineract-cob'
Applying dependency management to configuration 'testResultsElementsForTest' in project 'fineract-cob'
Applying dependency management to configuration 'testRuntimeClasspath' in project 'fineract-cob'
Applying dependency management to configuration 'testRuntimeOnly' in project 'fineract-cob'
Adding licenseMain task for sourceSet main
Applying license defaults to task: :fineract-command:licenseMain
Applying license defaults to task: :fineract-command:licenseFormatMain
Adding licenseTest task for sourceSet test
Applying license defaults to task: :fineract-command:licenseTest
Applying license defaults to task: :fineract-command:licenseFormatTest
Applying dependency management to configuration 'annotationProcessor' in project 'fineract-command'
Applying dependency management to configuration 'api' in project 'fineract-command'
Applying dependency management to configuration 'apiElements' in project 'fineract-command'
Applying dependency management to configuration 'archives' in project 'fineract-command'
Applying dependency management to configuration 'checkstyle' in project 'fineract-command'
Applying dependency management to configuration 'compileClasspath' in project 'fineract-command'
Applying dependency management to configuration 'compileOnly' in project 'fineract-command'
Applying dependency management to configuration 'coverageDataElementsForTest' in project 'fineract-command'
Applying dependency management to configuration 'default' in project 'fineract-command'
Applying dependency management to configuration 'errorprone' in project 'fineract-command'
Applying dependency management to configuration 'errorproneJavac' in project 'fineract-command'
Applying dependency management to configuration 'implementation' in project 'fineract-command'
Applying dependency management to configuration 'jacocoAgent' in project 'fineract-command'
Applying dependency management to configuration 'jacocoAnt' in project 'fineract-command'
Applying dependency management to configuration 'javadocElements' in project 'fineract-command'
Applying dependency management to configuration 'mainSourceElements' in project 'fineract-command'
Applying dependency management to configuration 'modernizer' in project 'fineract-command'
Applying dependency management to configuration 'runtimeClasspath' in project 'fineract-command'
Applying dependency management to configuration 'runtimeElements' in project 'fineract-command'
Applying dependency management to configuration 'runtimeOnly' in project 'fineract-command'
Applying dependency management to configuration 'sourcesElements' in project 'fineract-command'
Applying dependency management to configuration 'spotbugs' in project 'fineract-command'
Applying dependency management to configuration 'spotbugsPlugins' in project 'fineract-command'
Applying dependency management to configuration 'spotbugsSlf4j' in project 'fineract-command'
Applying dependency management to configuration 'testAnnotationProcessor' in project 'fineract-command'
Applying dependency management to configuration 'testCompileClasspath' in project 'fineract-command'
Applying dependency management to configuration 'testCompileOnly' in project 'fineract-command'
Applying dependency management to configuration 'testImplementation' in project 'fineract-command'
Applying dependency management to configuration 'testResultsElementsForTest' in project 'fineract-command'
Applying dependency management to configuration 'testRuntimeClasspath' in project 'fineract-command'
Applying dependency management to configuration 'testRuntimeOnly' in project 'fineract-command'
Adding licenseMain task for sourceSet main
Applying license defaults to task: :fineract-core:licenseMain
Applying license defaults to task: :fineract-core:licenseFormatMain
Adding licenseTest task for sourceSet test
Applying license defaults to task: :fineract-core:licenseTest
Applying license defaults to task: :fineract-core:licenseFormatTest
Applying dependency management to configuration 'annotationProcessor' in project 'fineract-core'
Applying dependency management to configuration 'api' in project 'fineract-core'
Applying dependency management to configuration 'apiElements' in project 'fineract-core'
Applying dependency management to configuration 'archives' in project 'fineract-core'
Applying dependency management to configuration 'checkstyle' in project 'fineract-core'
Applying dependency management to configuration 'compileClasspath' in project 'fineract-core'
Applying dependency management to configuration 'compileOnly' in project 'fineract-core'
Applying dependency management to configuration 'coverageDataElementsForTest' in project 'fineract-core'
Applying dependency management to configuration 'default' in project 'fineract-core'
Applying dependency management to configuration 'errorprone' in project 'fineract-core'
Applying dependency management to configuration 'errorproneJavac' in project 'fineract-core'
Applying dependency management to configuration 'implementation' in project 'fineract-core'
Applying dependency management to configuration 'jacocoAgent' in project 'fineract-core'
Applying dependency management to configuration 'jacocoAnt' in project 'fineract-core'
Applying dependency management to configuration 'javadocElements' in project 'fineract-core'
Applying dependency management to configuration 'mainSourceElements' in project 'fineract-core'
Applying dependency management to configuration 'modernizer' in project 'fineract-core'
Applying dependency management to configuration 'runtimeClasspath' in project 'fineract-core'
Applying dependency management to configuration 'runtimeElements' in project 'fineract-core'
Applying dependency management to configuration 'runtimeOnly' in project 'fineract-core'
Applying dependency management to configuration 'sourcesElements' in project 'fineract-core'
Applying dependency management to configuration 'spotbugs' in project 'fineract-core'
Applying dependency management to configuration 'spotbugsPlugins' in project 'fineract-core'
Applying dependency management to configuration 'spotbugsSlf4j' in project 'fineract-core'
Applying dependency management to configuration 'testAnnotationProcessor' in project 'fineract-core'
Applying dependency management to configuration 'testCompileClasspath' in project 'fineract-core'
Applying dependency management to configuration 'testCompileOnly' in project 'fineract-core'
Applying dependency management to configuration 'testImplementation' in project 'fineract-core'
Applying dependency management to configuration 'testResultsElementsForTest' in project 'fineract-core'
Applying dependency management to configuration 'testRuntimeClasspath' in project 'fineract-core'
Applying dependency management to configuration 'testRuntimeOnly' in project 'fineract-core'
Adding licenseMain task for sourceSet main
Applying license defaults to task: :fineract-document:licenseMain
Applying license defaults to task: :fineract-document:licenseFormatMain
Adding licenseTest task for sourceSet test
Applying license defaults to task: :fineract-document:licenseTest
Applying license defaults to task: :fineract-document:licenseFormatTest
Applying dependency management to configuration 'annotationProcessor' in project 'fineract-document'
Applying dependency management to configuration 'api' in project 'fineract-document'
Applying dependency management to configuration 'apiElements' in project 'fineract-document'
Applying dependency management to configuration 'archives' in project 'fineract-document'
Applying dependency management to configuration 'checkstyle' in project 'fineract-document'
Applying dependency management to configuration 'compileClasspath' in project 'fineract-document'
Applying dependency management to configuration 'compileOnly' in project 'fineract-document'
Applying dependency management to configuration 'coverageDataElementsForTest' in project 'fineract-document'
Applying dependency management to configuration 'default' in project 'fineract-document'
Applying dependency management to configuration 'errorprone' in project 'fineract-document'
Applying dependency management to configuration 'errorproneJavac' in project 'fineract-document'
Applying dependency management to configuration 'implementation' in project 'fineract-document'
Applying dependency management to configuration 'jacocoAgent' in project 'fineract-document'
Applying dependency management to configuration 'jacocoAnt' in project 'fineract-document'
Applying dependency management to configuration 'javadocElements' in project 'fineract-document'
Applying dependency management to configuration 'mainSourceElements' in project 'fineract-document'
Applying dependency management to configuration 'modernizer' in project 'fineract-document'
Applying dependency management to configuration 'runtimeClasspath' in project 'fineract-document'
Applying dependency management to configuration 'runtimeElements' in project 'fineract-document'
Applying dependency management to configuration 'runtimeOnly' in project 'fineract-document'
Applying dependency management to configuration 'sourcesElements' in project 'fineract-document'
Applying dependency management to configuration 'spotbugs' in project 'fineract-document'
Applying dependency management to configuration 'spotbugsPlugins' in project 'fineract-document'
Applying dependency management to configuration 'spotbugsSlf4j' in project 'fineract-document'
Applying dependency management to configuration 'testAnnotationProcessor' in project 'fineract-document'
Applying dependency management to configuration 'testCompileClasspath' in project 'fineract-document'
Applying dependency management to configuration 'testCompileOnly' in project 'fineract-document'
Applying dependency management to configuration 'testImplementation' in project 'fineract-document'
Applying dependency management to configuration 'testResultsElementsForTest' in project 'fineract-document'
Applying dependency management to configuration 'testRuntimeClasspath' in project 'fineract-document'
Applying dependency management to configuration 'testRuntimeOnly' in project 'fineract-document'
Adding licenseMain task for sourceSet main
Applying license defaults to task: :fineract-provider:licenseMain
Applying license defaults to task: :fineract-provider:licenseFormatMain
Adding licenseTest task for sourceSet test
Applying license defaults to task: :fineract-provider:licenseTest
Applying license defaults to task: :fineract-provider:licenseFormatTest
Applying dependency management to configuration 'annotationProcessor' in project 'fineract-provider'
Applying dependency management to configuration 'api' in project 'fineract-provider'
Applying dependency management to configuration 'apiElements' in project 'fineract-provider'
Applying dependency management to configuration 'archives' in project 'fineract-provider'
Applying dependency management to configuration 'checkstyle' in project 'fineract-provider'
Applying dependency management to configuration 'compileClasspath' in project 'fineract-provider'
Applying dependency management to configuration 'compileOnly' in project 'fineract-provider'
Applying dependency management to configuration 'coverageDataElementsForTest' in project 'fineract-provider'
Applying dependency management to configuration 'default' in project 'fineract-provider'
Applying dependency management to configuration 'errorprone' in project 'fineract-provider'
Applying dependency management to configuration 'errorproneJavac' in project 'fineract-provider'
Applying dependency management to configuration 'implementation' in project 'fineract-provider'
Applying dependency management to configuration 'jacocoAgent' in project 'fineract-provider'
Applying dependency management to configuration 'jacocoAnt' in project 'fineract-provider'
Applying dependency management to configuration 'javadocElements' in project 'fineract-provider'
Applying dependency management to configuration 'mainSourceElements' in project 'fineract-provider'
Applying dependency management to configuration 'modernizer' in project 'fineract-provider'
Applying dependency management to configuration 'runtimeClasspath' in project 'fineract-provider'
Applying dependency management to configuration 'runtimeElements' in project 'fineract-provider'
Applying dependency management to configuration 'runtimeOnly' in project 'fineract-provider'
Applying dependency management to configuration 'sourcesElements' in project 'fineract-provider'
Applying dependency management to configuration 'spotbugs' in project 'fineract-provider'
Applying dependency management to configuration 'spotbugsPlugins' in project 'fineract-provider'
Applying dependency management to configuration 'spotbugsSlf4j' in project 'fineract-provider'
Applying dependency management to configuration 'testAnnotationProcessor' in project 'fineract-provider'
Applying dependency management to configuration 'testCompileClasspath' in project 'fineract-provider'
Applying dependency management to configuration 'testCompileOnly' in project 'fineract-provider'
Applying dependency management to configuration 'testImplementation' in project 'fineract-provider'
Applying dependency management to configuration 'testResultsElementsForTest' in project 'fineract-provider'
Applying dependency management to configuration 'testRuntimeClasspath' in project 'fineract-provider'
Applying dependency management to configuration 'testRuntimeOnly' in project 'fineract-provider'
Adding licenseMain task for sourceSet main
Applying license defaults to task: :fineract-report:licenseMain
Applying license defaults to task: :fineract-report:licenseFormatMain
Adding licenseTest task for sourceSet test
Applying license defaults to task: :fineract-report:licenseTest
Applying license defaults to task: :fineract-report:licenseFormatTest
Applying dependency management to configuration 'annotationProcessor' in project 'fineract-report'
Applying dependency management to configuration 'api' in project 'fineract-report'
Applying dependency management to configuration 'apiElements' in project 'fineract-report'
Applying dependency management to configuration 'archives' in project 'fineract-report'
Applying dependency management to configuration 'checkstyle' in project 'fineract-report'
Applying dependency management to configuration 'compileClasspath' in project 'fineract-report'
Applying dependency management to configuration 'compileOnly' in project 'fineract-report'
Applying dependency management to configuration 'coverageDataElementsForTest' in project 'fineract-report'
Applying dependency management to configuration 'default' in project 'fineract-report'
Applying dependency management to configuration 'errorprone' in project 'fineract-report'
Applying dependency management to configuration 'errorproneJavac' in project 'fineract-report'
Applying dependency management to configuration 'implementation' in project 'fineract-report'
Applying dependency management to configuration 'jacocoAgent' in project 'fineract-report'
Applying dependency management to configuration 'jacocoAnt' in project 'fineract-report'
Applying dependency management to configuration 'javadocElements' in project 'fineract-report'
Applying dependency management to configuration 'mainSourceElements' in project 'fineract-report'
Applying dependency management to configuration 'modernizer' in project 'fineract-report'
Applying dependency management to configuration 'runtimeClasspath' in project 'fineract-report'
Applying dependency management to configuration 'runtimeElements' in project 'fineract-report'
Applying dependency management to configuration 'runtimeOnly' in project 'fineract-report'
Applying dependency management to configuration 'sourcesElements' in project 'fineract-report'
Applying dependency management to configuration 'spotbugs' in project 'fineract-report'
Applying dependency management to configuration 'spotbugsPlugins' in project 'fineract-report'
Applying dependency management to configuration 'spotbugsSlf4j' in project 'fineract-report'
Applying dependency management to configuration 'testAnnotationProcessor' in project 'fineract-report'
Applying dependency management to configuration 'testCompileClasspath' in project 'fineract-report'
Applying dependency management to configuration 'testCompileOnly' in project 'fineract-report'
Applying dependency management to configuration 'testImplementation' in project 'fineract-report'
Applying dependency management to configuration 'testResultsElementsForTest' in project 'fineract-report'
Applying dependency management to configuration 'testRuntimeClasspath' in project 'fineract-report'
Applying dependency management to configuration 'testRuntimeOnly' in project 'fineract-report'
Adding licenseMain task for sourceSet main
Applying license defaults to task: :fineract-savings:licenseMain
Applying license defaults to task: :fineract-savings:licenseFormatMain
Adding licenseTest task for sourceSet test
Applying license defaults to task: :fineract-savings:licenseTest
Applying license defaults to task: :fineract-savings:licenseFormatTest
Applying dependency management to configuration 'annotationProcessor' in project 'fineract-savings'
Applying dependency management to configuration 'api' in project 'fineract-savings'
Applying dependency management to configuration 'apiElements' in project 'fineract-savings'
Applying dependency management to configuration 'archives' in project 'fineract-savings'
Applying dependency management to configuration 'checkstyle' in project 'fineract-savings'
Applying dependency management to configuration 'compileClasspath' in project 'fineract-savings'
Applying dependency management to configuration 'compileOnly' in project 'fineract-savings'
Applying dependency management to configuration 'coverageDataElementsForTest' in project 'fineract-savings'
Applying dependency management to configuration 'default' in project 'fineract-savings'
Applying dependency management to configuration 'errorprone' in project 'fineract-savings'
Applying dependency management to configuration 'errorproneJavac' in project 'fineract-savings'
Applying dependency management to configuration 'implementation' in project 'fineract-savings'
Applying dependency management to configuration 'jacocoAgent' in project 'fineract-savings'
Applying dependency management to configuration 'jacocoAnt' in project 'fineract-savings'
Applying dependency management to configuration 'javadocElements' in project 'fineract-savings'
Applying dependency management to configuration 'mainSourceElements' in project 'fineract-savings'
Applying dependency management to configuration 'modernizer' in project 'fineract-savings'
Applying dependency management to configuration 'runtimeClasspath' in project 'fineract-savings'
Applying dependency management to configuration 'runtimeElements' in project 'fineract-savings'
Applying dependency management to configuration 'runtimeOnly' in project 'fineract-savings'
Applying dependency management to configuration 'sourcesElements' in project 'fineract-savings'
Applying dependency management to configuration 'spotbugs' in project 'fineract-savings'
Applying dependency management to configuration 'spotbugsPlugins' in project 'fineract-savings'
Applying dependency management to configuration 'spotbugsSlf4j' in project 'fineract-savings'
Applying dependency management to configuration 'testAnnotationProcessor' in project 'fineract-savings'
Applying dependency management to configuration 'testCompileClasspath' in project 'fineract-savings'
Applying dependency management to configuration 'testCompileOnly' in project 'fineract-savings'
Applying dependency management to configuration 'testImplementation' in project 'fineract-savings'
Applying dependency management to configuration 'testResultsElementsForTest' in project 'fineract-savings'
Applying dependency management to configuration 'testRuntimeClasspath' in project 'fineract-savings'
Applying dependency management to configuration 'testRuntimeOnly' in project 'fineract-savings'
Adding licenseMain task for sourceSet main
Applying license defaults to task: :fineract-tax:licenseMain
Applying license defaults to task: :fineract-tax:licenseFormatMain
Adding licenseTest task for sourceSet test
Applying license defaults to task: :fineract-tax:licenseTest
Applying license defaults to task: :fineract-tax:licenseFormatTest
Applying dependency management to configuration 'annotationProcessor' in project 'fineract-tax'
Applying dependency management to configuration 'api' in project 'fineract-tax'
Applying dependency management to configuration 'apiElements' in project 'fineract-tax'
Applying dependency management to configuration 'archives' in project 'fineract-tax'
Applying dependency management to configuration 'checkstyle' in project 'fineract-tax'
Applying dependency management to configuration 'compileClasspath' in project 'fineract-tax'
Applying dependency management to configuration 'compileOnly' in project 'fineract-tax'
Applying dependency management to configuration 'coverageDataElementsForTest' in project 'fineract-tax'
Applying dependency management to configuration 'default' in project 'fineract-tax'
Applying dependency management to configuration 'errorprone' in project 'fineract-tax'
Applying dependency management to configuration 'errorproneJavac' in project 'fineract-tax'
Applying dependency management to configuration 'implementation' in project 'fineract-tax'
Applying dependency management to configuration 'jacocoAgent' in project 'fineract-tax'
Applying dependency management to configuration 'jacocoAnt' in project 'fineract-tax'
Applying dependency management to configuration 'javadocElements' in project 'fineract-tax'
Applying dependency management to configuration 'mainSourceElements' in project 'fineract-tax'
Applying dependency management to configuration 'modernizer' in project 'fineract-tax'
Applying dependency management to configuration 'runtimeClasspath' in project 'fineract-tax'
Applying dependency management to configuration 'runtimeElements' in project 'fineract-tax'
Applying dependency management to configuration 'runtimeOnly' in project 'fineract-tax'
Applying dependency management to configuration 'sourcesElements' in project 'fineract-tax'
Applying dependency management to configuration 'spotbugs' in project 'fineract-tax'
Applying dependency management to configuration 'spotbugsPlugins' in project 'fineract-tax'
Applying dependency management to configuration 'spotbugsSlf4j' in project 'fineract-tax'
Applying dependency management to configuration 'testAnnotationProcessor' in project 'fineract-tax'
Applying dependency management to configuration 'testCompileClasspath' in project 'fineract-tax'
Applying dependency management to configuration 'testCompileOnly' in project 'fineract-tax'
Applying dependency management to configuration 'testImplementation' in project 'fineract-tax'
Applying dependency management to configuration 'testResultsElementsForTest' in project 'fineract-tax'
Applying dependency management to configuration 'testRuntimeClasspath' in project 'fineract-tax'
Applying dependency management to configuration 'testRuntimeOnly' in project 'fineract-tax'
Adding licenseMain task for sourceSet main
Applying license defaults to task: :fineract-validation:licenseMain
Applying license defaults to task: :fineract-validation:licenseFormatMain
Adding licenseTest task for sourceSet test
Applying license defaults to task: :fineract-validation:licenseTest
Applying license defaults to task: :fineract-validation:licenseFormatTest
Applying dependency management to configuration 'annotationProcessor' in project 'fineract-validation'
Applying dependency management to configuration 'api' in project 'fineract-validation'
Applying dependency management to configuration 'apiElements' in project 'fineract-validation'
Applying dependency management to configuration 'archives' in project 'fineract-validation'
Applying dependency management to configuration 'checkstyle' in project 'fineract-validation'
Applying dependency management to configuration 'compileClasspath' in project 'fineract-validation'
Applying dependency management to configuration 'compileOnly' in project 'fineract-validation'
Applying dependency management to configuration 'coverageDataElementsForTest' in project 'fineract-validation'
Applying dependency management to configuration 'default' in project 'fineract-validation'
Applying dependency management to configuration 'errorprone' in project 'fineract-validation'
Applying dependency management to configuration 'errorproneJavac' in project 'fineract-validation'
Applying dependency management to configuration 'implementation' in project 'fineract-validation'
Applying dependency management to configuration 'jacocoAgent' in project 'fineract-validation'
Applying dependency management to configuration 'jacocoAnt' in project 'fineract-validation'
Applying dependency management to configuration 'javadocElements' in project 'fineract-validation'
Applying dependency management to configuration 'mainSourceElements' in project 'fineract-validation'
Applying dependency management to configuration 'modernizer' in project 'fineract-validation'
Applying dependency management to configuration 'runtimeClasspath' in project 'fineract-validation'
Applying dependency management to configuration 'runtimeElements' in project 'fineract-validation'
Applying dependency management to configuration 'runtimeOnly' in project 'fineract-validation'
Applying dependency management to configuration 'sourcesElements' in project 'fineract-validation'
Applying dependency management to configuration 'spotbugs' in project 'fineract-validation'
Applying dependency management to configuration 'spotbugsPlugins' in project 'fineract-validation'
Applying dependency management to configuration 'spotbugsSlf4j' in project 'fineract-validation'
Applying dependency management to configuration 'testAnnotationProcessor' in project 'fineract-validation'
Applying dependency management to configuration 'testCompileClasspath' in project 'fineract-validation'
Applying dependency management to configuration 'testCompileOnly' in project 'fineract-validation'
Applying dependency management to configuration 'testImplementation' in project 'fineract-validation'
Applying dependency management to configuration 'testResultsElementsForTest' in project 'fineract-validation'
Applying dependency management to configuration 'testRuntimeClasspath' in project 'fineract-validation'
Applying dependency management to configuration 'testRuntimeOnly' in project 'fineract-validation'
Adding licenseMain task for sourceSet main
Applying license defaults to task: :custom:acme:event:externalevent:licenseMain
Applying license defaults to task: :custom:acme:event:externalevent:licenseFormatMain
Adding licenseTest task for sourceSet test
Applying license defaults to task: :custom:acme:event:externalevent:licenseTest
Applying license defaults to task: :custom:acme:event:externalevent:licenseFormatTest
Applying dependency management to configuration 'annotationProcessor' in project 'externalevent'
Applying dependency management to configuration 'api' in project 'externalevent'
Applying dependency management to configuration 'apiElements' in project 'externalevent'
Applying dependency management to configuration 'archives' in project 'externalevent'
Applying dependency management to configuration 'checkstyle' in project 'externalevent'
Applying dependency management to configuration 'compileClasspath' in project 'externalevent'
Applying dependency management to configuration 'compileOnly' in project 'externalevent'
Applying dependency management to configuration 'coverageDataElementsForTest' in project 'externalevent'
Applying dependency management to configuration 'default' in project 'externalevent'
Applying dependency management to configuration 'errorprone' in project 'externalevent'
Applying dependency management to configuration 'errorproneJavac' in project 'externalevent'
Applying dependency management to configuration 'implementation' in project 'externalevent'
Applying dependency management to configuration 'jacocoAgent' in project 'externalevent'
Applying dependency management to configuration 'jacocoAnt' in project 'externalevent'
Applying dependency management to configuration 'javadocElements' in project 'externalevent'
Applying dependency management to configuration 'mainSourceElements' in project 'externalevent'
Applying dependency management to configuration 'modernizer' in project 'externalevent'
Applying dependency management to configuration 'runtimeClasspath' in project 'externalevent'
Applying dependency management to configuration 'runtimeElements' in project 'externalevent'
Applying dependency management to configuration 'runtimeOnly' in project 'externalevent'
Applying dependency management to configuration 'sourcesElements' in project 'externalevent'
Applying dependency management to configuration 'spotbugs' in project 'externalevent'
Applying dependency management to configuration 'spotbugsPlugins' in project 'externalevent'
Applying dependency management to configuration 'spotbugsSlf4j' in project 'externalevent'
Applying dependency management to configuration 'testAnnotationProcessor' in project 'externalevent'
Applying dependency management to configuration 'testCompileClasspath' in project 'externalevent'
Applying dependency management to configuration 'testCompileOnly' in project 'externalevent'
Applying dependency management to configuration 'testImplementation' in project 'externalevent'
Applying dependency management to configuration 'testResultsElementsForTest' in project 'externalevent'
Applying dependency management to configuration 'testRuntimeClasspath' in project 'externalevent'
Applying dependency management to configuration 'testRuntimeOnly' in project 'externalevent'
Adding licenseMain task for sourceSet main
Applying license defaults to task: :custom:acme:event:starter:licenseMain
Applying license defaults to task: :custom:acme:event:starter:licenseFormatMain
Adding licenseTest task for sourceSet test
Applying license defaults to task: :custom:acme:event:starter:licenseTest
Applying license defaults to task: :custom:acme:event:starter:licenseFormatTest
Applying dependency management to configuration 'annotationProcessor' in project 'starter'
Applying dependency management to configuration 'api' in project 'starter'
Applying dependency management to configuration 'apiElements' in project 'starter'
Applying dependency management to configuration 'archives' in project 'starter'
Applying dependency management to configuration 'checkstyle' in project 'starter'
Applying dependency management to configuration 'compileClasspath' in project 'starter'
Applying dependency management to configuration 'compileOnly' in project 'starter'
Applying dependency management to configuration 'coverageDataElementsForTest' in project 'starter'
Applying dependency management to configuration 'default' in project 'starter'
Applying dependency management to configuration 'errorprone' in project 'starter'
Applying dependency management to configuration 'errorproneJavac' in project 'starter'
Applying dependency management to configuration 'implementation' in project 'starter'
Applying dependency management to configuration 'jacocoAgent' in project 'starter'
Applying dependency management to configuration 'jacocoAnt' in project 'starter'
Applying dependency management to configuration 'javadocElements' in project 'starter'
Applying dependency management to configuration 'mainSourceElements' in project 'starter'
Applying dependency management to configuration 'modernizer' in project 'starter'
Applying dependency management to configuration 'runtimeClasspath' in project 'starter'
Applying dependency management to configuration 'runtimeElements' in project 'starter'
Applying dependency management to configuration 'runtimeOnly' in project 'starter'
Applying dependency management to configuration 'sourcesElements' in project 'starter'
Applying dependency management to configuration 'spotbugs' in project 'starter'
Applying dependency management to configuration 'spotbugsPlugins' in project 'starter'
Applying dependency management to configuration 'spotbugsSlf4j' in project 'starter'
Applying dependency management to configuration 'testAnnotationProcessor' in project 'starter'
Applying dependency management to configuration 'testCompileClasspath' in project 'starter'
Applying dependency management to configuration 'testCompileOnly' in project 'starter'
Applying dependency management to configuration 'testImplementation' in project 'starter'
Applying dependency management to configuration 'testResultsElementsForTest' in project 'starter'
Applying dependency management to configuration 'testRuntimeClasspath' in project 'starter'
Applying dependency management to configuration 'testRuntimeOnly' in project 'starter'
Adding licenseMain task for sourceSet main
Applying license defaults to task: :custom:acme:note:service:licenseMain
Applying license defaults to task: :custom:acme:note:service:licenseFormatMain
Adding licenseTest task for sourceSet test
Applying license defaults to task: :custom:acme:note:service:licenseTest
Applying license defaults to task: :custom:acme:note:service:licenseFormatTest
Applying dependency management to configuration 'annotationProcessor' in project 'service'
Applying dependency management to configuration 'api' in project 'service'
Applying dependency management to configuration 'apiElements' in project 'service'
Applying dependency management to configuration 'archives' in project 'service'
Applying dependency management to configuration 'checkstyle' in project 'service'
Applying dependency management to configuration 'compileClasspath' in project 'service'
Applying dependency management to configuration 'compileOnly' in project 'service'
Applying dependency management to configuration 'coverageDataElementsForTest' in project 'service'
Applying dependency management to configuration 'default' in project 'service'
Applying dependency management to configuration 'errorprone' in project 'service'
Applying dependency management to configuration 'errorproneJavac' in project 'service'
Applying dependency management to configuration 'implementation' in project 'service'
Applying dependency management to configuration 'jacocoAgent' in project 'service'
Applying dependency management to configuration 'jacocoAnt' in project 'service'
Applying dependency management to configuration 'javadocElements' in project 'service'
Applying dependency management to configuration 'mainSourceElements' in project 'service'
Applying dependency management to configuration 'modernizer' in project 'service'
Applying dependency management to configuration 'runtimeClasspath' in project 'service'
Applying dependency management to configuration 'runtimeElements' in project 'service'
Applying dependency management to configuration 'runtimeOnly' in project 'service'
Applying dependency management to configuration 'sourcesElements' in project 'service'
Applying dependency management to configuration 'spotbugs' in project 'service'
Applying dependency management to configuration 'spotbugsPlugins' in project 'service'
Applying dependency management to configuration 'spotbugsSlf4j' in project 'service'
Applying dependency management to configuration 'testAnnotationProcessor' in project 'service'
Applying dependency management to configuration 'testCompileClasspath' in project 'service'
Applying dependency management to configuration 'testCompileOnly' in project 'service'
Applying dependency management to configuration 'testImplementation' in project 'service'
Applying dependency management to configuration 'testResultsElementsForTest' in project 'service'
Applying dependency management to configuration 'testRuntimeClasspath' in project 'service'
Applying dependency management to configuration 'testRuntimeOnly' in project 'service'
Adding licenseMain task for sourceSet main
Applying license defaults to task: :custom:acme:note:starter:licenseMain
Applying license defaults to task: :custom:acme:note:starter:licenseFormatMain
Adding licenseTest task for sourceSet test
Applying license defaults to task: :custom:acme:note:starter:licenseTest
Applying license defaults to task: :custom:acme:note:starter:licenseFormatTest
Applying dependency management to configuration 'annotationProcessor' in project 'starter'
Applying dependency management to configuration 'api' in project 'starter'
Applying dependency management to configuration 'apiElements' in project 'starter'
Applying dependency management to configuration 'archives' in project 'starter'
Applying dependency management to configuration 'checkstyle' in project 'starter'
Applying dependency management to configuration 'compileClasspath' in project 'starter'
Applying dependency management to configuration 'compileOnly' in project 'starter'
Applying dependency management to configuration 'coverageDataElementsForTest' in project 'starter'
Applying dependency management to configuration 'default' in project 'starter'
Applying dependency management to configuration 'errorprone' in project 'starter'
Applying dependency management to configuration 'errorproneJavac' in project 'starter'
Applying dependency management to configuration 'implementation' in project 'starter'
Applying dependency management to configuration 'jacocoAgent' in project 'starter'
Applying dependency management to configuration 'jacocoAnt' in project 'starter'
Applying dependency management to configuration 'javadocElements' in project 'starter'
Applying dependency management to configuration 'mainSourceElements' in project 'starter'
Applying dependency management to configuration 'modernizer' in project 'starter'
Applying dependency management to configuration 'runtimeClasspath' in project 'starter'
Applying dependency management to configuration 'runtimeElements' in project 'starter'
Applying dependency management to configuration 'runtimeOnly' in project 'starter'
Applying dependency management to configuration 'sourcesElements' in project 'starter'
Applying dependency management to configuration 'spotbugs' in project 'starter'
Applying dependency management to configuration 'spotbugsPlugins' in project 'starter'
Applying dependency management to configuration 'spotbugsSlf4j' in project 'starter'
Applying dependency management to configuration 'testAnnotationProcessor' in project 'starter'
Applying dependency management to configuration 'testCompileClasspath' in project 'starter'
Applying dependency management to configuration 'testCompileOnly' in project 'starter'
Applying dependency management to configuration 'testImplementation' in project 'starter'
Applying dependency management to configuration 'testResultsElementsForTest' in project 'starter'
Applying dependency management to configuration 'testRuntimeClasspath' in project 'starter'
Applying dependency management to configuration 'testRuntimeOnly' in project 'starter'
Applying dependency management to configuration 'signatures' in project 'fineract-accounting'
Applying dependency management to configuration 'signatures' in project 'fineract-avro-schemas'
Applying dependency management to configuration 'signatures' in project 'fineract-charge'
Applying dependency management to configuration 'signatures' in project 'fineract-client'
Applying dependency management to configuration 'signatures' in project 'fineract-cob'
Applying dependency management to configuration 'signatures' in project 'fineract-command'
Applying dependency management to configuration 'signatures' in project 'fineract-core'
Applying dependency management to configuration 'signatures' in project 'fineract-document'
Applying dependency management to configuration 'signatures' in project 'fineract-provider'
Applying dependency management to configuration 'signatures' in project 'fineract-report'
Applying dependency management to configuration 'signatures' in project 'fineract-savings'
Applying dependency management to configuration 'signatures' in project 'fineract-tax'
Applying dependency management to configuration 'signatures' in project 'fineract-validation'

> Configure project :custom
Evaluating project ':custom' using build file 'D:\program_data\Fineract\Fineract-without-loan\custom\build.gradle'.
Γä╣ Skipping static weaving configuration for non-Java project: custom

> Configure project :fineract-accounting
Evaluating project ':fineract-accounting' using build file 'D:\program_data\Fineract\Fineract-without-loan\fineract-accounting\build.gradle'.
Invalidating in-memory cache of C:\Users\hp\.gradle\caches\journal-1\file-access.bin
Invalidating in-memory cache of C:\Users\hp\.gradle\caches\8.14.3\fileHashes\fileHashes.bin
Invalidating in-memory cache of C:\Users\hp\.gradle\caches\8.14.3\fileHashes\resourceHashesCache.bin
Applying dependency management to configuration 'providedRuntime' in project 'fineract-accounting'
Applying dependency management to configuration 'providedCompile' in project 'fineract-accounting'
Applying dependency management to configuration 'compile' in project 'fineract-accounting'
Applying dependency management to configuration 'runtime' in project 'fineract-accounting'
Configuring EclipseLink static weaving for fineract-accounting
Γ£ô EclipseLink static weaving configured for fineract-accounting

> Configure project :fineract-avro-schemas
Evaluating project ':fineract-avro-schemas' using build file 'D:\program_data\Fineract\Fineract-without-loan\fineract-avro-schemas\build.gradle'.
Applying dependency management to configuration 'generatedCompileClasspath' in project 'fineract-avro-schemas'
Applying dependency management to configuration 'generatedRuntimeClasspath' in project 'fineract-avro-schemas'
Γä╣ No JPA entities found in fineract-avro-schemas, skipping static weaving configuration
Applying dependency management to configuration 'spotless819558512' in project 'fineract-avro-schemas'
Resolving global dependency management for project 'fineract-avro-schemas'
Excluding []

> Configure project :fineract-charge
Evaluating project ':fineract-charge' using build file 'D:\program_data\Fineract\Fineract-without-loan\fineract-charge\build.gradle'.
Applying dependency management to configuration 'providedRuntime' in project 'fineract-charge'
Applying dependency management to configuration 'providedCompile' in project 'fineract-charge'
Applying dependency management to configuration 'compile' in project 'fineract-charge'
Applying dependency management to configuration 'runtime' in project 'fineract-charge'
Configuring EclipseLink static weaving for fineract-charge
Γ£ô EclipseLink static weaving configured for fineract-charge

> Configure project :fineract-client
Evaluating project ':fineract-client' using build file 'D:\program_data\Fineract\Fineract-without-loan\fineract-client\build.gradle'.
Applying dependency management to configuration 'generatedCompileClasspath' in project 'fineract-client'
Applying dependency management to configuration 'generatedRuntimeClasspath' in project 'fineract-client'
Γä╣ No JPA entities found in fineract-client, skipping static weaving configuration

> Configure project :fineract-cob
Evaluating project ':fineract-cob' using build file 'D:\program_data\Fineract\Fineract-without-loan\fineract-cob\build.gradle'.
Applying dependency management to configuration 'providedRuntime' in project 'fineract-cob'
Applying dependency management to configuration 'providedCompile' in project 'fineract-cob'
Applying dependency management to configuration 'compile' in project 'fineract-cob'
Applying dependency management to configuration 'runtime' in project 'fineract-cob'
Configuring EclipseLink static weaving for fineract-cob
Γ£ô EclipseLink static weaving configured for fineract-cob

> Configure project :fineract-command
Evaluating project ':fineract-command' using build file 'D:\program_data\Fineract\Fineract-without-loan\fineract-command\build.gradle'.
Applying dependency management to configuration 'jmh' in project 'fineract-command'
Applying dependency management to configuration 'jmhImplementation' in project 'fineract-command'
Applying dependency management to configuration 'jmhCompileOnly' in project 'fineract-command'
Applying dependency management to configuration 'jmhCompileClasspath' in project 'fineract-command'
Applying dependency management to configuration 'jmhAnnotationProcessor' in project 'fineract-command'
Applying dependency management to configuration 'jmhRuntimeOnly' in project 'fineract-command'
Applying dependency management to configuration 'jmhRuntimeClasspath' in project 'fineract-command'
Adding licenseJmh task for sourceSet jmh
Applying license defaults to task: :fineract-command:licenseJmh
Applying license defaults to task: :fineract-command:licenseFormatJmh
Applying dependency management to configuration 'asciidoctorExtensions' in project 'fineract-command'
Applying dependency management to configuration 'providedRuntime' in project 'fineract-command'
Applying dependency management to configuration 'providedCompile' in project 'fineract-command'
Applying dependency management to configuration 'compile' in project 'fineract-command'
Applying dependency management to configuration 'runtime' in project 'fineract-command'
Configuring EclipseLink static weaving for fineract-command
Γ£ô EclipseLink static weaving configured for fineract-command

> Configure project :fineract-core
Evaluating project ':fineract-core' using build file 'D:\program_data\Fineract\Fineract-without-loan\fineract-core\build.gradle'.
Applying dependency management to configuration 'providedRuntime' in project 'fineract-core'
Applying dependency management to configuration 'providedCompile' in project 'fineract-core'
Applying dependency management to configuration 'compile' in project 'fineract-core'
Applying dependency management to configuration 'runtime' in project 'fineract-core'
Configuring EclipseLink static weaving for fineract-core
Γ£ô EclipseLink static weaving configured for fineract-core

> Configure project :fineract-document
Evaluating project ':fineract-document' using build file 'D:\program_data\Fineract\Fineract-without-loan\fineract-document\build.gradle'.
Applying dependency management to configuration 'providedRuntime' in project 'fineract-document'
Applying dependency management to configuration 'providedCompile' in project 'fineract-document'
Applying dependency management to configuration 'compile' in project 'fineract-document'
Applying dependency management to configuration 'runtime' in project 'fineract-document'
Configuring EclipseLink static weaving for fineract-document
Γ£ô EclipseLink static weaving configured for fineract-document

> Configure project :fineract-group
Evaluating project ':fineract-group' using build file 'D:\program_data\Fineract\Fineract-without-loan\fineract-group\build.gradle'.
Γä╣ Skipping static weaving configuration for non-Java project: fineract-group

> Configure project :fineract-organisation
Evaluating project ':fineract-organisation' using build file 'D:\program_data\Fineract\Fineract-without-loan\fineract-organisation\build.gradle'.
Γä╣ Skipping static weaving configuration for non-Java project: fineract-organisation

> Configure project :fineract-provider
Evaluating project ':fineract-provider' using build file 'D:\program_data\Fineract\Fineract-without-loan\fineract-provider\build.gradle'.
[rebel] Configuring Rebel plugin for project fineract-provider
[rebel] Creating task for sourceSet main
[rebel] Creating task for sourceSet test
Applying dependency management to configuration 'bootArchives' in project 'fineract-provider'
Applying dependency management to configuration 'productionRuntimeClasspath' in project 'fineract-provider'
Applying dependency management to configuration 'developmentOnly' in project 'fineract-provider'
Applying dependency management to configuration 'testAndDevelopmentOnly' in project 'fineract-provider'
Applying dependency management to configuration 'swaggerDeps' in project 'fineract-provider'
Applying dependency management to configuration 'providedRuntime' in project 'fineract-provider'
Applying dependency management to configuration 'providedCompile' in project 'fineract-provider'
Applying dependency management to configuration 'compile' in project 'fineract-provider'
Applying dependency management to configuration 'runtime' in project 'fineract-provider'
Applying dependency management to configuration 'driver' in project 'fineract-provider'
Resolving global dependency management for project 'fineract-provider'
Excluding [com.google.protobuf:protobuf-java]
Configuring EclipseLink static weaving for fineract-provider
Γ£ô EclipseLink static weaving configured for fineract-provider

> Configure project :fineract-report
Evaluating project ':fineract-report' using build file 'D:\program_data\Fineract\Fineract-without-loan\fineract-report\build.gradle'.
Applying dependency management to configuration 'providedRuntime' in project 'fineract-report'
Applying dependency management to configuration 'providedCompile' in project 'fineract-report'
Applying dependency management to configuration 'compile' in project 'fineract-report'
Applying dependency management to configuration 'runtime' in project 'fineract-report'
Configuring EclipseLink static weaving for fineract-report
Γ£ô EclipseLink static weaving configured for fineract-report

> Configure project :fineract-savings
Evaluating project ':fineract-savings' using build file 'D:\program_data\Fineract\Fineract-without-loan\fineract-savings\build.gradle'.
Applying dependency management to configuration 'providedRuntime' in project 'fineract-savings'
Applying dependency management to configuration 'providedCompile' in project 'fineract-savings'
Applying dependency management to configuration 'compile' in project 'fineract-savings'
Applying dependency management to configuration 'runtime' in project 'fineract-savings'
Configuring EclipseLink static weaving for fineract-savings
Γ£ô EclipseLink static weaving configured for fineract-savings

> Configure project :fineract-tax
Evaluating project ':fineract-tax' using build file 'D:\program_data\Fineract\Fineract-without-loan\fineract-tax\build.gradle'.
Applying dependency management to configuration 'providedRuntime' in project 'fineract-tax'
Applying dependency management to configuration 'providedCompile' in project 'fineract-tax'
Applying dependency management to configuration 'compile' in project 'fineract-tax'
Applying dependency management to configuration 'runtime' in project 'fineract-tax'
Configuring EclipseLink static weaving for fineract-tax
Γ£ô EclipseLink static weaving configured for fineract-tax

> Configure project :fineract-validation
Evaluating project ':fineract-validation' using build file 'D:\program_data\Fineract\Fineract-without-loan\fineract-validation\build.gradle'.
Γä╣ No JPA entities found in fineract-validation, skipping static weaving configuration

> Configure project :fineract-war
Evaluating project ':fineract-war' using build file 'D:\program_data\Fineract\Fineract-without-loan\fineract-war\build.gradle'.
Adding licenseMain task for sourceSet main
Applying license defaults to task: :fineract-war:licenseMain
Applying license defaults to task: :fineract-war:licenseFormatMain
Adding licenseTest task for sourceSet test
Applying license defaults to task: :fineract-war:licenseTest
Applying license defaults to task: :fineract-war:licenseFormatTest
Applying dependency management to configuration 'annotationProcessor' in project 'fineract-war'
Applying dependency management to configuration 'api' in project 'fineract-war'
Applying dependency management to configuration 'apiElements' in project 'fineract-war'
Applying dependency management to configuration 'archives' in project 'fineract-war'
Applying dependency management to configuration 'compileClasspath' in project 'fineract-war'
Applying dependency management to configuration 'compileOnly' in project 'fineract-war'
Applying dependency management to configuration 'default' in project 'fineract-war'
Applying dependency management to configuration 'errorprone' in project 'fineract-war'
Applying dependency management to configuration 'errorproneJavac' in project 'fineract-war'
Applying dependency management to configuration 'implementation' in project 'fineract-war'
Applying dependency management to configuration 'mainSourceElements' in project 'fineract-war'
Applying dependency management to configuration 'providedCompile' in project 'fineract-war'
Applying dependency management to configuration 'providedRuntime' in project 'fineract-war'
Applying dependency management to configuration 'runtimeClasspath' in project 'fineract-war'
Applying dependency management to configuration 'runtimeElements' in project 'fineract-war'
Applying dependency management to configuration 'runtimeOnly' in project 'fineract-war'
Applying dependency management to configuration 'testAnnotationProcessor' in project 'fineract-war'
Applying dependency management to configuration 'testCompileClasspath' in project 'fineract-war'
Applying dependency management to configuration 'testCompileOnly' in project 'fineract-war'
Applying dependency management to configuration 'testImplementation' in project 'fineract-war'
Applying dependency management to configuration 'testResultsElementsForTest' in project 'fineract-war'
Applying dependency management to configuration 'testRuntimeClasspath' in project 'fineract-war'
Applying dependency management to configuration 'testRuntimeOnly' in project 'fineract-war'
Γä╣ No JPA entities found in fineract-war, skipping static weaving configuration

> Configure project :custom:acme
Evaluating project ':custom:acme' using build file 'D:\program_data\Fineract\Fineract-without-loan\custom\acme\build.gradle'.
Γä╣ Skipping static weaving configuration for non-Java project: acme

> Configure project :custom:acme:event
Evaluating project ':custom:acme:event' using build file 'D:\program_data\Fineract\Fineract-without-loan\custom\acme\event\build.gradle'.
Γä╣ Skipping static weaving configuration for non-Java project: event

> Configure project :custom:acme:note
Evaluating project ':custom:acme:note' using build file 'D:\program_data\Fineract\Fineract-without-loan\custom\acme\note\build.gradle'.
Γä╣ Skipping static weaving configuration for non-Java project: note

> Configure project :custom:acme:event:externalevent
Evaluating project ':custom:acme:event:externalevent' using build file 'D:\program_data\Fineract\Fineract-without-loan\custom\acme\event\externalevent\build.gradle'.
Γä╣ No JPA entities found in externalevent, skipping static weaving configuration

> Configure project :custom:acme:event:starter
Evaluating project ':custom:acme:event:starter' using build file 'D:\program_data\Fineract\Fineract-without-loan\custom\acme\event\starter\build.gradle'.
Γä╣ No JPA entities found in starter, skipping static weaving configuration

> Configure project :custom:acme:note:service
Evaluating project ':custom:acme:note:service' using build file 'D:\program_data\Fineract\Fineract-without-loan\custom\acme\note\service\build.gradle'.
Γä╣ No JPA entities found in service, skipping static weaving configuration

> Configure project :custom:acme:note:starter
Evaluating project ':custom:acme:note:starter' using build file 'D:\program_data\Fineract\Fineract-without-loan\custom\acme\note\starter\build.gradle'.
Γä╣ No JPA entities found in starter, skipping static weaving configuration
All projects evaluated.
Task path ':fineract-provider:bootRun' matched project ':fineract-provider'
Task name matched 'bootRun'
Selected primary task 'bootRun' from project :fineract-provider
Starting process 'command 'C:\Users\hp\.jdks\ms-21.0.8\bin\java.exe''. Working directory: C:\Users\hp\.gradle\.tmp\tmp-jvm10434012775015951491probe Command: C:\Users\hp\.jdks\ms-21.0.8\bin\java.exe -Xmx32m -Xms32m -cp . JavaProbe
Successfully started process 'command 'C:\Users\hp\.jdks\ms-21.0.8\bin\java.exe''
Received JVM installation metadata from 'C:\Users\hp\.jdks\ms-21.0.8': {JAVA_HOME=C:\Users\hp\.jdks\ms-21.0.8, JAVA_VERSION=21.0.8, JAVA_VENDOR=Microsoft, RUNTIME_NAME=OpenJDK Runtime Environment, RUNTIME_VERSION=21.0.8+9-LTS, VM_NAME=OpenJDK 64-Bit Server VM, VM_VERSION=21.0.8+9-LTS, VM_VENDOR=Microsoft, OS_ARCH=amd64}
Starting process 'command 'C:\Users\hp\.jdks\corretto-22.0.2\bin\java.exe''. Working directory: C:\Users\hp\.gradle\.tmp\tmp-jvm11373533346939040547probe Command: C:\Users\hp\.jdks\corretto-22.0.2\bin\java.exe -Xmx32m -Xms32m -cp . JavaProbe
Successfully started process 'command 'C:\Users\hp\.jdks\corretto-22.0.2\bin\java.exe''
Received JVM installation metadata from 'C:\Users\hp\.jdks\corretto-22.0.2': {JAVA_HOME=C:\Users\hp\.jdks\corretto-22.0.2, JAVA_VERSION=22.0.2, JAVA_VENDOR=Amazon.com Inc., RUNTIME_NAME=OpenJDK Runtime Environment, RUNTIME_VERSION=22.0.2+9-FR, VM_NAME=OpenJDK 64-Bit Server VM, VM_VERSION=22.0.2+9-FR, VM_VENDOR=Amazon.com Inc., OS_ARCH=amd64}
Excluding []
Excluding []
Resolving global dependency management for project 'fineract-core'
Excluding []
Excluding []
Excluding []
Excluding []
Excluding []
Excluding []
Excluding []
Excluding []
Excluding []
Resolving global dependency management for project 'fineract-cob'
Excluding []
Excluding []
Excluding []
Excluding []
Excluding []
Excluding []
Excluding []
Excluding []
Resolving global dependency management for project 'fineract-command'
Excluding []
Excluding []
Excluding []
Excluding []
Excluding []
Excluding []
Excluding []
Excluding []
Excluding []
Excluding []
Resolving global dependency management for project 'fineract-validation'
Excluding []
Excluding []
Excluding []
Excluding []
Excluding []
Excluding []
Excluding []
Resolving global dependency management for project 'fineract-accounting'
Excluding []
Excluding []
Excluding []
Excluding []
Excluding []
Excluding []
Excluding []
Excluding []
Excluding []
Resolving global dependency management for project 'fineract-charge'
Excluding []
Excluding []
Excluding []
Excluding []
Excluding []
Excluding []
Excluding []
Excluding []
Excluding []
Resolving global dependency management for project 'fineract-savings'
Excluding []
Excluding []
Excluding []
Excluding []
Excluding []
Excluding []
Excluding []
Excluding []
Excluding []
Resolving global dependency management for project 'fineract-document'
Excluding []
Excluding []
Excluding []
Excluding []
Excluding []
Excluding []
Excluding []
Excluding []
Excluding []
Resolving global dependency management for project 'fineract-report'
Excluding []
Excluding []
Excluding []
Excluding []
Excluding []
Excluding []
Excluding []
Excluding []
Excluding []
Resolving global dependency management for project 'fineract-tax'
Excluding []
Excluding []
Excluding []
Excluding []
Excluding []
Excluding []
Excluding []
Excluding []
Excluding []
Excluding []
Excluding []
Excluding []
Excluding []
Excluding []
Excluding []
Excluding [xpp3:xpp3, pull-parser:pull-parser, xml-apis:xml-apis, org.bouncycastle:bcutil-jdk18on, relaxngDatatype:relaxngDatatype, org.bouncycastle:bcmail-jdk18on, org.bouncycastle:bcpkix-jdk18on, org.bouncycastle:bcprov-jdk18on, org.apache.poi:poi-scratchpad, commons-logging:commons-logging, jakarta.activation:jakarta.activation-api, javax.xml.bind:jaxb-api]
Excluding []
Excluding []
Excluding []
Excluding [xpp3:xpp3, com.google.protobuf:protobuf-java, pull-parser:pull-parser, jakarta.activation:jakarta.activation-api, javax.xml.bind:jaxb-api, relaxngDatatype:relaxngDatatype]
Excluding []
Excluding []
Excluding []
Excluding [xpp3:xpp3, com.google.protobuf:protobuf-java, pull-parser:pull-parser, jakarta.activation:jakarta.activation-api, javax.xml.bind:jaxb-api, relaxngDatatype:relaxngDatatype]
Excluding []
Excluding [xpp3:xpp3, com.google.protobuf:protobuf-java, pull-parser:pull-parser, jakarta.activation:jakarta.activation-api, javax.xml.bind:jaxb-api, relaxngDatatype:relaxngDatatype]
Excluding []
Excluding [javax.xml.bind:jaxb-api, jakarta.activation:jakarta.activation-api, com.google.protobuf:protobuf-java]
Excluding []
Excluding []
Excluding []
Excluding [xpp3:xpp3, com.google.protobuf:protobuf-java, pull-parser:pull-parser, jakarta.activation:jakarta.activation-api, javax.xml.bind:jaxb-api, relaxngDatatype:relaxngDatatype]
Excluding []
Excluding [xpp3:xpp3, com.google.protobuf:protobuf-java, pull-parser:pull-parser, jakarta.activation:jakarta.activation-api, javax.xml.bind:jaxb-api, relaxngDatatype:relaxngDatatype]
Excluding []
Excluding [org.bouncycastle:bcmail-jdk18on, xpp3:xpp3, org.bouncycastle:bcpkix-jdk18on, com.google.protobuf:protobuf-java, com.zaxxer:SparseBitSet, pull-parser:pull-parser, org.bouncycastle:bcprov-jdk18on, xml-apis:xml-apis, org.apache.poi:poi-scratchpad, org.apache.poi:poi, commons-logging:commons-logging, org.bouncycastle:bcutil-jdk18on, jakarta.activation:jakarta.activation-api, javax.xml.bind:jaxb-api, relaxngDatatype:relaxngDatatype]
Excluding []
Excluding [xpp3:xpp3, pull-parser:pull-parser, xml-apis:xml-apis, org.bouncycastle:bcutil-jdk18on, relaxngDatatype:relaxngDatatype, org.bouncycastle:bcmail-jdk18on, org.bouncycastle:bcpkix-jdk18on, org.bouncycastle:bcprov-jdk18on, org.apache.poi:poi-scratchpad, commons-logging:commons-logging, jakarta.activation:jakarta.activation-api, javax.xml.bind:jaxb-api]
Excluding []
Excluding [xpp3:xpp3, com.google.protobuf:protobuf-java, pull-parser:pull-parser, jakarta.activation:jakarta.activation-api, javax.xml.bind:jaxb-api, relaxngDatatype:relaxngDatatype]
Excluding []
Excluding [xpp3:xpp3, com.google.protobuf:protobuf-java, pull-parser:pull-parser, jakarta.activation:jakarta.activation-api, javax.xml.bind:jaxb-api, relaxngDatatype:relaxngDatatype]
Excluding []
Excluding [xpp3:xpp3, pull-parser:pull-parser, xml-apis:xml-apis, relaxngDatatype:relaxngDatatype, org.bouncycastle:bcmail-jdk18on, org.apache.poi:poi-scratchpad, commons-logging:commons-logging, jakarta.activation:jakarta.activation-api, javax.xml.bind:jaxb-api]
Tasks to be executed: [task ':fineract-avro-schemas:preprocessAvroSchemas', task ':spotlessInternalRegisterDependencies', task ':fineract-avro-schemas:spotlessJson', task ':fineract-avro-schemas:spotlessJsonApply', task ':fineract-avro-schemas:buildJavaSdk', task ':fineract-avro-schemas:compileJava', task ':fineract-avro-schemas:processResources', task ':fineract-avro-schemas:classes', task ':fineract-avro-schemas:jar', task ':fineract-command:compileJava', task ':fineract-command:processResources', task ':fineract-command:classes', task ':fineract-command:jar', task ':fineract-validation:compileJava', task ':fineract-validation:processResources', task ':fineract-validation:classes', task ':fineract-validation:jar', task ':fineract-core:compileJava', task ':fineract-core:processResources', task ':fineract-core:classes', task ':fineract-core:jar', task ':fineract-tax:compileJava', task ':fineract-tax:processResources', task ':fineract-tax:classes', task ':fineract-tax:jar', task ':fineract-charge:compileJava', task ':fineract-charge:processResources', task ':fineract-charge:classes', task ':fineract-charge:jar', task ':fineract-accounting:compileJava', task ':fineract-accounting:processResources', task ':fineract-accounting:classes', task ':fineract-accounting:jar', task ':fineract-cob:compileJava', task ':fineract-cob:processResources', task ':fineract-cob:classes', task ':fineract-cob:jar', task ':fineract-document:compileJava', task ':fineract-document:processResources', task ':fineract-document:classes', task ':fineract-document:jar', task ':fineract-report:compileJava', task ':fineract-report:processResources', task ':fineract-report:classes', task ':fineract-report:jar', task ':fineract-savings:compileJava', task ':fineract-savings:processResources', task ':fineract-savings:classes', task ':fineract-savings:jar', task ':fineract-provider:compileJava', task ':fineract-provider:generateGitProperties', task ':fineract-provider:generateRebelMain', task ':fineract-provider:processResources', task ':fineract-provider:classes', task ':fineract-provider:compileTestJava', task ':fineract-provider:prepareInputYaml', task ':fineract-provider:processTestResources', task ':fineract-provider:testClasses', task ':fineract-provider:resolve', task ':fineract-provider:resolveMainClassName', task ':fineract-provider:bootRun']
Tasks that were excluded: []
Resolve mutations for :fineract-avro-schemas:preprocessAvroSchemas (Thread[#91,included builds Thread 2,5,main]) started.
:fineract-avro-schemas:preprocessAvroSchemas (Thread[#91,included builds Thread 2,5,main]) started.

> Task :fineract-avro-schemas:preprocessAvroSchemas UP-TO-DATE
Caching disabled for task ':fineract-avro-schemas:preprocessAvroSchemas' because:
  Caching has not been enabled for the task
Skipping task ':fineract-avro-schemas:preprocessAvroSchemas' as it is up-to-date.
Resolve mutations for :spotlessInternalRegisterDependencies (Thread[#91,included builds Thread 2,5,main]) started.
:spotlessInternalRegisterDependencies (Thread[#91,included builds Thread 2,5,main]) started.

> Task :spotlessInternalRegisterDependencies UP-TO-DATE
Caching disabled for task ':spotlessInternalRegisterDependencies' because:
  This task coordinates the setup and execution of other tasks, and should not be cached
Skipping task ':spotlessInternalRegisterDependencies' as it is up-to-date.
Resolve mutations for :fineract-avro-schemas:spotlessJson (Thread[#91,included builds Thread 2,5,main]) started.
:fineract-avro-schemas:spotlessJson (Thread[#91,included builds Thread 2,5,main]) started.

> Task :fineract-avro-schemas:spotlessJson UP-TO-DATE
Build cache key for task ':fineract-avro-schemas:spotlessJson' is ea27c334ddba747dd757c742e60992fc
Skipping task ':fineract-avro-schemas:spotlessJson' as it is up-to-date.
Resolve mutations for :fineract-avro-schemas:spotlessJsonApply (Thread[#91,included builds Thread 2,5,main]) started.
:fineract-avro-schemas:spotlessJsonApply (Thread[#91,included builds Thread 2,5,main]) started.

> Task :fineract-avro-schemas:spotlessJsonApply UP-TO-DATE
Caching disabled for task ':fineract-avro-schemas:spotlessJsonApply' because:
  Caching has not been enabled for the task
Task ':fineract-avro-schemas:spotlessJsonApply' is not up-to-date because:
  Task has not declared any outputs despite executing actions.
Resolve mutations for :fineract-avro-schemas:buildJavaSdk (Thread[#91,included builds Thread 2,5,main]) started.
:fineract-avro-schemas:buildJavaSdk (Thread[#91,included builds Thread 2,5,main]) started.

> Task :fineract-avro-schemas:buildJavaSdk UP-TO-DATE
Build cache key for task ':fineract-avro-schemas:buildJavaSdk' is 64f80359d8a216bb52c6464c30f82635
Skipping task ':fineract-avro-schemas:buildJavaSdk' as it is up-to-date.
Resolve mutations for :fineract-avro-schemas:compileJava (Thread[#91,included builds Thread 2,5,main]) started.
:fineract-avro-schemas:compileJava (Thread[#91,included builds Thread 2,5,main]) started.

> Task :fineract-avro-schemas:compileJava UP-TO-DATE
Custom actions are attached to task ':fineract-avro-schemas:compileJava'.
Build cache key for task ':fineract-avro-schemas:compileJava' is f7a38d36eecc7b7f5c1287e6aa4aada9
Skipping task ':fineract-avro-schemas:compileJava' as it is up-to-date.
No compile result for :fineract-avro-schemas:compileJava
Resolve mutations for :fineract-avro-schemas:processResources (Thread[#91,included builds Thread 2,5,main]) started.
:fineract-avro-schemas:processResources (Thread[#91,included builds Thread 2,5,main]) started.

> Task :fineract-avro-schemas:processResources UP-TO-DATE
Caching disabled for task ':fineract-avro-schemas:processResources' because:
  Not worth caching
Skipping task ':fineract-avro-schemas:processResources' as it is up-to-date.
Resolve mutations for :fineract-avro-schemas:classes (Thread[#91,included builds Thread 2,5,main]) started.
:fineract-avro-schemas:classes (Thread[#91,included builds Thread 2,5,main]) started.

> Task :fineract-avro-schemas:classes UP-TO-DATE
Skipping task ':fineract-avro-schemas:classes' as it has no actions.
Resolve mutations for :fineract-avro-schemas:jar (Thread[#91,included builds Thread 2,5,main]) started.
:fineract-avro-schemas:jar (Thread[#91,included builds Thread 2,5,main]) started.

> Task :fineract-avro-schemas:jar UP-TO-DATE
Caching disabled for task ':fineract-avro-schemas:jar' because:
  Not worth caching
Skipping task ':fineract-avro-schemas:jar' as it is up-to-date.
work action resolve fineract-avro-schemas-0.1.0-SNAPSHOT.jar (project :fineract-avro-schemas) (Thread[#91,included builds Thread 2,5,main]) started.
Resolve mutations for :fineract-command:compileJava (Thread[#91,included builds Thread 2,5,main]) started.
:fineract-command:compileJava (Thread[#91,included builds Thread 2,5,main]) started.

> Task :fineract-command:compileJava UP-TO-DATE
Custom actions are attached to task ':fineract-command:compileJava'.
Build cache key for task ':fineract-command:compileJava' is 3248c1c0e4b409b132b4756b92735dad
Skipping task ':fineract-command:compileJava' as it is up-to-date.
No compile result for :fineract-command:compileJava
Resolve mutations for :fineract-command:processResources (Thread[#91,included builds Thread 2,5,main]) started.
:fineract-command:processResources (Thread[#91,included builds Thread 2,5,main]) started.

> Task :fineract-command:processResources UP-TO-DATE
Caching disabled for task ':fineract-command:processResources' because:
  Not worth caching
Skipping task ':fineract-command:processResources' as it is up-to-date.
Resolve mutations for :fineract-command:classes (Thread[#91,included builds Thread 2,5,main]) started.
:fineract-command:classes (Thread[#91,included builds Thread 2,5,main]) started.

> Task :fineract-command:classes UP-TO-DATE
Skipping task ':fineract-command:classes' as it has no actions.
Resolve mutations for :fineract-command:jar (Thread[#91,included builds Thread 2,5,main]) started.
:fineract-command:jar (Thread[#91,included builds Thread 2,5,main]) started.

> Task :fineract-command:jar UP-TO-DATE
Caching disabled for task ':fineract-command:jar' because:
  Not worth caching
Skipping task ':fineract-command:jar' as it is up-to-date.
work action resolve fineract-command-0.1.0-SNAPSHOT.jar (project :fineract-command) (Thread[#91,included builds Thread 2,5,main]) started.
Resolve mutations for :fineract-validation:compileJava (Thread[#91,included builds Thread 2,5,main]) started.
:fineract-validation:compileJava (Thread[#91,included builds Thread 2,5,main]) started.

> Task :fineract-validation:compileJava UP-TO-DATE
Custom actions are attached to task ':fineract-validation:compileJava'.
Build cache key for task ':fineract-validation:compileJava' is 67123d7c38567417184c640f842d8d04
Skipping task ':fineract-validation:compileJava' as it is up-to-date.
No compile result for :fineract-validation:compileJava
Resolve mutations for :fineract-validation:processResources (Thread[#91,included builds Thread 2,5,main]) started.
:fineract-validation:processResources (Thread[#91,included builds Thread 2,5,main]) started.

> Task :fineract-validation:processResources UP-TO-DATE
Caching disabled for task ':fineract-validation:processResources' because:
  Not worth caching
Skipping task ':fineract-validation:processResources' as it is up-to-date.
Resolve mutations for :fineract-validation:classes (Thread[#91,included builds Thread 2,5,main]) started.
:fineract-validation:classes (Thread[#91,included builds Thread 2,5,main]) started.

> Task :fineract-validation:classes UP-TO-DATE
Skipping task ':fineract-validation:classes' as it has no actions.
Resolve mutations for :fineract-validation:jar (Thread[#91,included builds Thread 2,5,main]) started.
:fineract-validation:jar (Thread[#91,included builds Thread 2,5,main]) started.

> Task :fineract-validation:jar UP-TO-DATE
Caching disabled for task ':fineract-validation:jar' because:
  Not worth caching
Skipping task ':fineract-validation:jar' as it is up-to-date.
work action resolve fineract-validation-0.1.0-SNAPSHOT.jar (project :fineract-validation) (Thread[#91,included builds Thread 2,5,main]) started.
Resolve mutations for :fineract-core:compileJava (Thread[#91,included builds Thread 2,5,main]) started.
:fineract-core:compileJava (Thread[#91,included builds Thread 2,5,main]) started.

> Task :fineract-core:compileJava UP-TO-DATE
Custom actions are attached to task ':fineract-core:compileJava'.
Build cache key for task ':fineract-core:compileJava' is b92d2ba74bd1a8213a29ba54a52f1483
Skipping task ':fineract-core:compileJava' as it is up-to-date.
No compile result for :fineract-core:compileJava
Resolve mutations for :fineract-core:processResources (Thread[#91,included builds Thread 2,5,main]) started.
:fineract-core:processResources (Thread[#91,included builds Thread 2,5,main]) started.

> Task :fineract-core:processResources UP-TO-DATE
Caching disabled for task ':fineract-core:processResources' because:
  Not worth caching
Skipping task ':fineract-core:processResources' as it is up-to-date.
Resolve mutations for :fineract-core:classes (Thread[#91,included builds Thread 2,5,main]) started.
:fineract-core:classes (Thread[#91,included builds Thread 2,5,main]) started.

> Task :fineract-core:classes UP-TO-DATE
Skipping task ':fineract-core:classes' as it has no actions.
Resolve mutations for :fineract-core:jar (Thread[#91,included builds Thread 2,5,main]) started.
:fineract-core:jar (Thread[#91,included builds Thread 2,5,main]) started.

> Task :fineract-core:jar UP-TO-DATE
Caching disabled for task ':fineract-core:jar' because:
  Not worth caching
Skipping task ':fineract-core:jar' as it is up-to-date.
work action resolve fineract-core-0.1.0-SNAPSHOT.jar (project :fineract-core) (Thread[#91,included builds Thread 2,5,main]) started.
Resolve mutations for :fineract-tax:compileJava (Thread[#91,included builds Thread 2,5,main]) started.
:fineract-tax:compileJava (Thread[#91,included builds Thread 2,5,main]) started.

> Task :fineract-tax:compileJava UP-TO-DATE
Custom actions are attached to task ':fineract-tax:compileJava'.
Build cache key for task ':fineract-tax:compileJava' is a8dd10df068abe369614eef15f673462
Skipping task ':fineract-tax:compileJava' as it is up-to-date.
No compile result for :fineract-tax:compileJava
Resolve mutations for :fineract-tax:processResources (Thread[#91,included builds Thread 2,5,main]) started.
:fineract-tax:processResources (Thread[#91,included builds Thread 2,5,main]) started.

> Task :fineract-tax:processResources UP-TO-DATE
Caching disabled for task ':fineract-tax:processResources' because:
  Not worth caching
Skipping task ':fineract-tax:processResources' as it is up-to-date.
Resolve mutations for :fineract-tax:classes (Thread[#91,included builds Thread 2,5,main]) started.
:fineract-tax:classes (Thread[#91,included builds Thread 2,5,main]) started.

> Task :fineract-tax:classes UP-TO-DATE
Skipping task ':fineract-tax:classes' as it has no actions.
Resolve mutations for :fineract-tax:jar (Thread[#91,included builds Thread 2,5,main]) started.
:fineract-tax:jar (Thread[#91,included builds Thread 2,5,main]) started.

> Task :fineract-tax:jar UP-TO-DATE
Caching disabled for task ':fineract-tax:jar' because:
  Not worth caching
Skipping task ':fineract-tax:jar' as it is up-to-date.
work action resolve fineract-tax-0.1.0-SNAPSHOT.jar (project :fineract-tax) (Thread[#91,included builds Thread 2,5,main]) started.
Resolve mutations for :fineract-charge:compileJava (Thread[#91,included builds Thread 2,5,main]) started.
:fineract-charge:compileJava (Thread[#91,included builds Thread 2,5,main]) started.

> Task :fineract-charge:compileJava UP-TO-DATE
Custom actions are attached to task ':fineract-charge:compileJava'.
Build cache key for task ':fineract-charge:compileJava' is ae9dafc53931bfa0498577bd01030dba
Skipping task ':fineract-charge:compileJava' as it is up-to-date.
No compile result for :fineract-charge:compileJava
Resolve mutations for :fineract-charge:processResources (Thread[#91,included builds Thread 2,5,main]) started.
:fineract-charge:processResources (Thread[#91,included builds Thread 2,5,main]) started.

> Task :fineract-charge:processResources UP-TO-DATE
Caching disabled for task ':fineract-charge:processResources' because:
  Not worth caching
Skipping task ':fineract-charge:processResources' as it is up-to-date.
Resolve mutations for :fineract-charge:classes (Thread[#91,included builds Thread 2,5,main]) started.
:fineract-charge:classes (Thread[#91,included builds Thread 2,5,main]) started.

> Task :fineract-charge:classes UP-TO-DATE
Skipping task ':fineract-charge:classes' as it has no actions.
Resolve mutations for :fineract-charge:jar (Thread[#91,included builds Thread 2,5,main]) started.
:fineract-charge:jar (Thread[#91,included builds Thread 2,5,main]) started.

> Task :fineract-charge:jar UP-TO-DATE
Caching disabled for task ':fineract-charge:jar' because:
  Not worth caching
Skipping task ':fineract-charge:jar' as it is up-to-date.
work action resolve fineract-charge-0.1.0-SNAPSHOT.jar (project :fineract-charge) (Thread[#91,included builds Thread 2,5,main]) started.
Resolve mutations for :fineract-accounting:compileJava (Thread[#91,included builds Thread 2,5,main]) started.
:fineract-accounting:compileJava (Thread[#91,included builds Thread 2,5,main]) started.

> Task :fineract-accounting:compileJava UP-TO-DATE
Custom actions are attached to task ':fineract-accounting:compileJava'.
Build cache key for task ':fineract-accounting:compileJava' is a18e8e50cdd5523d90dab61ddfbe64be
Skipping task ':fineract-accounting:compileJava' as it is up-to-date.
No compile result for :fineract-accounting:compileJava
Resolve mutations for :fineract-accounting:processResources (Thread[#91,included builds Thread 2,5,main]) started.
:fineract-accounting:processResources (Thread[#91,included builds Thread 2,5,main]) started.

> Task :fineract-accounting:processResources UP-TO-DATE
Caching disabled for task ':fineract-accounting:processResources' because:
  Not worth caching
Skipping task ':fineract-accounting:processResources' as it is up-to-date.
Resolve mutations for :fineract-accounting:classes (Thread[#91,included builds Thread 2,5,main]) started.
:fineract-accounting:classes (Thread[#91,included builds Thread 2,5,main]) started.

> Task :fineract-accounting:classes UP-TO-DATE
Skipping task ':fineract-accounting:classes' as it has no actions.
Resolve mutations for :fineract-accounting:jar (Thread[#91,included builds Thread 2,5,main]) started.
:fineract-accounting:jar (Thread[#91,included builds Thread 2,5,main]) started.

> Task :fineract-accounting:jar UP-TO-DATE
Caching disabled for task ':fineract-accounting:jar' because:
  Not worth caching
Skipping task ':fineract-accounting:jar' as it is up-to-date.
work action resolve fineract-accounting-0.1.0-SNAPSHOT.jar (project :fineract-accounting) (Thread[#91,included builds Thread 2,5,main]) started.
Resolve mutations for :fineract-cob:compileJava (Thread[#91,included builds Thread 2,5,main]) started.
:fineract-cob:compileJava (Thread[#91,included builds Thread 2,5,main]) started.

> Task :fineract-cob:compileJava UP-TO-DATE
Custom actions are attached to task ':fineract-cob:compileJava'.
Build cache key for task ':fineract-cob:compileJava' is 84816630088d7ca1cfc9236b9fc75100
Skipping task ':fineract-cob:compileJava' as it is up-to-date.
No compile result for :fineract-cob:compileJava
Resolve mutations for :fineract-cob:processResources (Thread[#91,included builds Thread 2,5,main]) started.
:fineract-cob:processResources (Thread[#91,included builds Thread 2,5,main]) started.

> Task :fineract-cob:processResources UP-TO-DATE
Caching disabled for task ':fineract-cob:processResources' because:
  Not worth caching
Skipping task ':fineract-cob:processResources' as it is up-to-date.
Resolve mutations for :fineract-cob:classes (Thread[#91,included builds Thread 2,5,main]) started.
:fineract-cob:classes (Thread[#91,included builds Thread 2,5,main]) started.

> Task :fineract-cob:classes UP-TO-DATE
Skipping task ':fineract-cob:classes' as it has no actions.
Resolve mutations for :fineract-cob:jar (Thread[#91,included builds Thread 2,5,main]) started.
:fineract-cob:jar (Thread[#91,included builds Thread 2,5,main]) started.

> Task :fineract-cob:jar UP-TO-DATE
Caching disabled for task ':fineract-cob:jar' because:
  Not worth caching
Skipping task ':fineract-cob:jar' as it is up-to-date.
work action resolve fineract-cob-0.1.0-SNAPSHOT.jar (project :fineract-cob) (Thread[#91,included builds Thread 2,5,main]) started.
Resolve mutations for :fineract-document:compileJava (Thread[#91,included builds Thread 2,5,main]) started.
:fineract-document:compileJava (Thread[#91,included builds Thread 2,5,main]) started.

> Task :fineract-document:compileJava UP-TO-DATE
Custom actions are attached to task ':fineract-document:compileJava'.
Build cache key for task ':fineract-document:compileJava' is 3055f95a706e752795c9f30c3fa00600
Skipping task ':fineract-document:compileJava' as it is up-to-date.
No compile result for :fineract-document:compileJava
Resolve mutations for :fineract-document:processResources (Thread[#91,included builds Thread 2,5,main]) started.
:fineract-document:processResources (Thread[#91,included builds Thread 2,5,main]) started.

> Task :fineract-document:processResources UP-TO-DATE
Caching disabled for task ':fineract-document:processResources' because:
  Not worth caching
Skipping task ':fineract-document:processResources' as it is up-to-date.
Resolve mutations for :fineract-document:classes (Thread[#91,included builds Thread 2,5,main]) started.
:fineract-document:classes (Thread[#91,included builds Thread 2,5,main]) started.

> Task :fineract-document:classes UP-TO-DATE
Skipping task ':fineract-document:classes' as it has no actions.
Resolve mutations for :fineract-document:jar (Thread[#91,included builds Thread 2,5,main]) started.
:fineract-document:jar (Thread[#91,included builds Thread 2,5,main]) started.

> Task :fineract-document:jar UP-TO-DATE
Caching disabled for task ':fineract-document:jar' because:
  Not worth caching
Skipping task ':fineract-document:jar' as it is up-to-date.
work action resolve fineract-document-0.1.0-SNAPSHOT.jar (project :fineract-document) (Thread[#91,included builds Thread 2,5,main]) started.
Resolve mutations for :fineract-report:compileJava (Thread[#91,included builds Thread 2,5,main]) started.
:fineract-report:compileJava (Thread[#91,included builds Thread 2,5,main]) started.

> Task :fineract-report:compileJava UP-TO-DATE
Custom actions are attached to task ':fineract-report:compileJava'.
Build cache key for task ':fineract-report:compileJava' is dce4ae25603058a97109bcceeed95e9a
Skipping task ':fineract-report:compileJava' as it is up-to-date.
No compile result for :fineract-report:compileJava
Resolve mutations for :fineract-report:processResources (Thread[#91,included builds Thread 2,5,main]) started.
:fineract-report:processResources (Thread[#91,included builds Thread 2,5,main]) started.

> Task :fineract-report:processResources UP-TO-DATE
Caching disabled for task ':fineract-report:processResources' because:
  Not worth caching
Skipping task ':fineract-report:processResources' as it is up-to-date.
Resolve mutations for :fineract-report:classes (Thread[#91,included builds Thread 2,5,main]) started.
:fineract-report:classes (Thread[#91,included builds Thread 2,5,main]) started.

> Task :fineract-report:classes UP-TO-DATE
Skipping task ':fineract-report:classes' as it has no actions.
Resolve mutations for :fineract-report:jar (Thread[#91,included builds Thread 2,5,main]) started.
:fineract-report:jar (Thread[#91,included builds Thread 2,5,main]) started.

> Task :fineract-report:jar UP-TO-DATE
Caching disabled for task ':fineract-report:jar' because:
  Not worth caching
Skipping task ':fineract-report:jar' as it is up-to-date.
work action resolve fineract-report-0.1.0-SNAPSHOT.jar (project :fineract-report) (Thread[#91,included builds Thread 2,5,main]) started.
Resolve mutations for :fineract-savings:compileJava (Thread[#91,included builds Thread 2,5,main]) started.
:fineract-savings:compileJava (Thread[#91,included builds Thread 2,5,main]) started.

> Task :fineract-savings:compileJava UP-TO-DATE
Custom actions are attached to task ':fineract-savings:compileJava'.
Build cache key for task ':fineract-savings:compileJava' is 513c099025146645f3d815d5b8f1ba59
Skipping task ':fineract-savings:compileJava' as it is up-to-date.
No compile result for :fineract-savings:compileJava
Resolve mutations for :fineract-savings:processResources (Thread[#91,included builds Thread 2,5,main]) started.
:fineract-savings:processResources (Thread[#91,included builds Thread 2,5,main]) started.

> Task :fineract-savings:processResources UP-TO-DATE
Caching disabled for task ':fineract-savings:processResources' because:
  Not worth caching
Skipping task ':fineract-savings:processResources' as it is up-to-date.
Resolve mutations for :fineract-savings:classes (Thread[#91,included builds Thread 2,5,main]) started.
:fineract-savings:classes (Thread[#91,included builds Thread 2,5,main]) started.

> Task :fineract-savings:classes UP-TO-DATE
Skipping task ':fineract-savings:classes' as it has no actions.
Resolve mutations for :fineract-savings:jar (Thread[#91,included builds Thread 2,5,main]) started.
:fineract-savings:jar (Thread[#91,included builds Thread 2,5,main]) started.

> Task :fineract-savings:jar UP-TO-DATE
Caching disabled for task ':fineract-savings:jar' because:
  Not worth caching
Skipping task ':fineract-savings:jar' as it is up-to-date.
work action resolve fineract-savings-0.1.0-SNAPSHOT.jar (project :fineract-savings) (Thread[#91,included builds Thread 2,5,main]) started.
Resolve mutations for :fineract-provider:compileJava (Thread[#91,included builds Thread 2,5,main]) started.
:fineract-provider:compileJava (Thread[#91,included builds Thread 2,5,main]) started.

> Task :fineract-provider:compileJava UP-TO-DATE
Custom actions are attached to task ':fineract-provider:compileJava'.
Caching disabled for task ':fineract-provider:compileJava' because:
  Gradle does not know how file 'build\classes\java\main\git.properties' was created (output property 'destinationDirectory'). Task output caching requires exclusive access to output paths to guarantee correctness (i.e. multiple tasks are not allowed to produce output in the same location).
Skipping task ':fineract-provider:compileJava' as it is up-to-date.
No compile result for :fineract-provider:compileJava
Resolve mutations for :fineract-provider:generateGitProperties (Thread[#91,included builds Thread 2,5,main]) started.
:fineract-provider:generateGitProperties (Thread[#91,included builds Thread 2,5,main]) started.

> Task :fineract-provider:generateGitProperties
dotGitDirectory = [D:\program_data\Fineract\Fineract-without-loan\.git]
Build cache key for task ':fineract-provider:generateGitProperties' is 94ef998eb30203aaa63c071d136de5df
Task ':fineract-provider:generateGitProperties' is not up-to-date because:
  Task.upToDateWhen is false.
git.properties location = [D:\program_data\Fineract\Fineract-without-loan\fineract-provider\build\classes\java\main\git.properties]
Skip writing properties to [property(org.gradle.api.file.RegularFile, fixed(class org.gradle.api.internal.file.DefaultFilePropertyFactory$FixedFile, D:\program_data\Fineract\Fineract-without-loan\fineract-provider\build\classes\java\main\git.properties))] as it is up-to-date.
Stored cache entry for task ':fineract-provider:generateGitProperties' with cache key 94ef998eb30203aaa63c071d136de5df
Resolve mutations for :fineract-provider:generateRebelMain (Thread[#91,included builds Thread 2,5,main]) started.
:fineract-provider:generateRebelMain (Thread[#91,included builds Thread 2,5,main]) started.

> Task :fineract-provider:generateRebelMain UP-TO-DATE
Caching disabled for task ':fineract-provider:generateRebelMain' because:
  Caching has not been enabled for the task
Skipping task ':fineract-provider:generateRebelMain' as it is up-to-date.
Resolve mutations for :fineract-provider:processResources (Thread[#91,included builds Thread 2,5,main]) started.
:fineract-provider:processResources (Thread[#91,included builds Thread 2,5,main]) started.

> Task :fineract-provider:processResources UP-TO-DATE
Caching disabled for task ':fineract-provider:processResources' because:
  Not worth caching
Skipping task ':fineract-provider:processResources' as it is up-to-date.
Resolve mutations for :fineract-provider:classes (Thread[#91,included builds Thread 2,5,main]) started.
:fineract-provider:classes (Thread[#91,included builds Thread 2,5,main]) started.

> Task :fineract-provider:classes
Skipping task ':fineract-provider:classes' as it has no actions.
Resolve mutations for :fineract-provider:compileTestJava (Thread[#91,included builds Thread 2,5,main]) started.
:fineract-provider:compileTestJava (Thread[#91,included builds Thread 2,5,main]) started.

> Task :fineract-provider:compileTestJava UP-TO-DATE
Custom actions are attached to task ':fineract-provider:compileTestJava'.
Caching disabled for task ':fineract-provider:compileTestJava' because:
  Gradle does not know how file 'build\generated\sources\annotationProcessor\java\main\org' was created (output property 'options.generatedSourceOutputDirectory'). Task output caching requires exclusive access to output paths to guarantee correctness (i.e. multiple tasks are not allowed to produce output in the same location).
Skipping task ':fineract-provider:compileTestJava' as it is up-to-date.
No compile result for :fineract-provider:compileTestJava
Resolve mutations for :fineract-provider:prepareInputYaml (Thread[#91,included builds Thread 2,5,main]) started.
:fineract-provider:prepareInputYaml (Thread[#91,included builds Thread 2,5,main]) started.

> Task :fineract-provider:prepareInputYaml UP-TO-DATE
Custom actions are attached to task ':fineract-provider:prepareInputYaml'.
Caching disabled for task ':fineract-provider:prepareInputYaml' because:
  Gradle would require more information to cache this task
Skipping task ':fineract-provider:prepareInputYaml' as it is up-to-date.
Resolve mutations for :fineract-provider:processTestResources (Thread[#91,included builds Thread 2,5,main]) started.
:fineract-provider:processTestResources (Thread[#91,included builds Thread 2,5,main]) started.

> Task :fineract-provider:processTestResources UP-TO-DATE
Caching disabled for task ':fineract-provider:processTestResources' because:
  Not worth caching
Skipping task ':fineract-provider:processTestResources' as it is up-to-date.
Resolve mutations for :fineract-provider:testClasses (Thread[#91,included builds Thread 2,5,main]) started.
:fineract-provider:testClasses (Thread[#91,included builds Thread 2,5,main]) started.

> Task :fineract-provider:testClasses UP-TO-DATE
Skipping task ':fineract-provider:testClasses' as it has no actions.
Resolve mutations for :fineract-provider:resolve (Thread[#91,included builds Thread 2,5,main]) started.
:fineract-provider:resolve (Thread[#91,included builds Thread 2,5,main]) started.

> Task :fineract-provider:resolve UP-TO-DATE
Caching disabled for task ':fineract-provider:resolve' because:
  Gradle does not know how file 'build\resources\main\static\legacy-docs' was created (output property 'outputDir'). Task output caching requires exclusive access to output paths to guarantee correctness (i.e. multiple tasks are not allowed to produce output in the same location).
Skipping task ':fineract-provider:resolve' as it is up-to-date.
Resolve mutations for :fineract-provider:resolveMainClassName (Thread[#91,included builds Thread 2,5,main]) started.
:fineract-provider:resolveMainClassName (Thread[#91,included builds Thread 2,5,main]) started.

> Task :fineract-provider:resolveMainClassName UP-TO-DATE
Caching disabled for task ':fineract-provider:resolveMainClassName' because:
  Not worth caching
Skipping task ':fineract-provider:resolveMainClassName' as it is up-to-date.
Resolve mutations for :fineract-provider:bootRun (Thread[#91,included builds Thread 2,5,main]) started.
:fineract-provider:bootRun (Thread[#91,included builds Thread 2,5,main]) started.

> Task :fineract-provider:bootRun
Caching disabled for task ':fineract-provider:bootRun' because:
  Application should always run
Task ':fineract-provider:bootRun' is not up-to-date because:
  Task has not declared any outputs despite executing actions.
Shortening Java classpath [D:\program_data\Fineract\Fineract-without-loan\fineract-provider\build\classes\java\main, D:\program_data\Fineract\Fineract-without-loan\fineract-provider\build\resources\main, D:\program_data\Fineract\Fineract-without-loan\fineract-savings\build\libs\fineract-savings-0.1.0-SNAPSHOT.jar, D:\program_data\Fineract\Fineract-without-loan\fineract-cob\build\libs\fineract-cob-0.1.0-SNAPSHOT.jar, D:\program_data\Fineract\Fineract-without-loan\fineract-accounting\build\libs\fineract-accounting-0.1.0-SNAPSHOT.jar, D:\program_data\Fineract\Fineract-without-loan\fineract-charge\build\libs\fineract-charge-0.1.0-SNAPSHOT.jar, D:\program_data\Fineract\Fineract-without-loan\fineract-document\build\libs\fineract-document-0.1.0-SNAPSHOT.jar, D:\program_data\Fineract\Fineract-without-loan\fineract-report\build\libs\fineract-report-0.1.0-SNAPSHOT.jar, D:\program_data\Fineract\Fineract-without-loan\fineract-tax\build\libs\fineract-tax-0.1.0-SNAPSHOT.jar, D:\program_data\Fineract\Fineract-without-loan\fineract-core\build\libs\fineract-core-0.1.0-SNAPSHOT.jar, D:\program_data\Fineract\Fineract-without-loan\fineract-command\build\libs\fineract-command-0.1.0-SNAPSHOT.jar, D:\program_data\Fineract\Fineract-without-loan\fineract-validation\build\libs\fineract-validation-0.1.0-SNAPSHOT.jar, D:\program_data\Fineract\Fineract-without-loan\fineract-avro-schemas\build\libs\fineract-avro-schemas-0.1.0-SNAPSHOT.jar, C:\Users\hp\.gradle\caches\modules-2\files-2.1\com.github.spotbugs\spotbugs-annotations\4.8.6\1dcffed3e561ed32134a0dff4717f19bc2fdf4d8\spotbugs-annotations-4.8.6.jar, C:\Users\hp\.gradle\caches\modules-2\files-2.1\ch.qos.logback.contrib\logback-json-classic\0.1.5\f7fd4e747a9b0c50fc4f71b0055d5bea64dc05c3\logback-json-classic-0.1.5.jar, C:\Users\hp\.gradle\caches\modules-2\files-2.1\io.awspring.cloud\spring-cloud-aws-starter\3.2.1\336bcefe87f38925608afeb2257bbfbba6555190\spring-cloud-aws-starter-3.2.1.jar, C:\Users\hp\.gradle\caches\modules-2\files-2.1\ch.qos.logback\logback-classic\1.5.17\74fe20db4899858d368b68d84f6d45bf3ad40a17\logback-classic-1.5.17.jar, C:\Users\hp\.gradle\caches\modules-2\files-2.1\ch.qos.logback.contrib\logback-jackson\0.1.5\e8b202a23691048a01e6322dd040f75e08e9ca2\logback-jackson-0.1.5.jar, C:\Users\hp\.gradle\caches\modules-2\files-2.1\ch.qos.logback.contrib\logback-json-core\0.1.5\90bdb547819957fc940188f5830b7b59375f6fdd\logback-json-core-0.1.5.jar, C:\Users\hp\.gradle\caches\modules-2\files-2.1\ch.qos.logback\logback-core\1.5.17\f5f1c3e04cc0d97cbd50d8f876b72d479c111806\logback-core-1.5.17.jar, C:\Users\hp\.gradle\caches\modules-2\files-2.1\org.slf4j\log4j-over-slf4j\2.0.17\55e55c79a0b89ccc9e411049005c02b7514e0cf9\log4j-over-slf4j-2.0.17.jar, C:\Users\hp\.gradle\caches\modules-2\files-2.1\org.slf4j\jul-to-slf4j\2.0.17\524cb6ccc2b68a57604750e1ab8b13b5a786a6aa\jul-to-slf4j-2.0.17.jar, C:\Users\hp\.gradle\caches\modules-2\files-2.1\io.micrometer\micrometer-registry-cloudwatch2\1.15.3\93bc710103e79e6f23a63e44238fb80fadf2cf33\micrometer-registry-cloudwatch2-1.15.3.jar, C:\Users\hp\.gradle\caches\modules-2\files-2.1\org.apache.avro\avro\1.12.0\6e692a464b213f6df49f8e3e7fcf42df0dbb7639\avro-1.12.0.jar, C:\Users\hp\.gradle\caches\modules-2\files-2.1\org.apache.tika\tika-core\2.9.3\845aa37928a26118fd18e0c6dbd760cd7598bb93\tika-core-2.9.3.jar, C:\Users\hp\.gradle\caches\modules-2\files-2.1\org.apache.tika\tika-parser-microsoft-module\2.9.3\c2146460b18fd814714040b16b7cf6e4c3e73b87\tika-parser-microsoft-module-2.9.3.jar, C:\Users\hp\.gradle\caches\modules-2\files-2.1\com.jayway.jsonpath\json-path\2.9.0\37fe2217f577b0b68b18e62c4d17a8858ecf9b69\json-path-2.9.0.jar, C:\Users\hp\.gradle\caches\modules-2\files-2.1\io.github.resilience4j\resilience4j-spring-boot3\2.2.0\176a6dd44d00c9147d018647a26da6ceb044346\resilience4j-spring-boot3-2.2.0.jar, C:\Users\hp\.gradle\caches\modules-2\files-2.1\org.reflections\reflections\0.10.2\b638d7ca0e0fe0146b60a0e7ba232ad852a73b31\reflections-0.10.2.jar, C:\Users\hp\.gradle\caches\modules-2\files-2.1\software.amazon.msk\aws-msk-iam-auth\2.2.0\9ee22d998ebffa34d1e1567d7863be2130ec8010\aws-msk-iam-auth-2.2.0.jar, C:\Users\hp\.gradle\caches\modules-2\files-2.1\org.apache.activemq\activemq-client\6.1.6\64c52537aebd2b88cb3c39e2aa2c5e833fc76772\activemq-client-6.1.6.jar, C:\Users\hp\.gradle\caches\modules-2\files-2.1\org.quartz-scheduler\quartz\2.5.0\f5f0e256f6c82299e0bccbf559a8ca38bd8c187b\quartz-2.5.0.jar, C:\Users\hp\.gradle\caches\modules-2\files-2.1\org.mnode.ical4j\ical4j\3.2.19\8ba874c01391bbc3849efcf32f320c08aa160ef4\ical4j-3.2.19.jar, C:\Users\hp\.gradle\caches\modules-2\files-2.1\org.ehcache\ehcache\3.10.8\f0d50ede46609db78413ca7f4250d348a597b101\ehcache-3.10.8.jar, C:\Users\hp\.gradle\caches\modules-2\files-2.1\org.springframework.data\spring-data-jpa\3.5.3\ed2764475a3c53fec8d1b844f9700ce6427b29dc\spring-data-jpa-3.5.3.jar, C:\Users\hp\.gradle\caches\modules-2\files-2.1\org.springframework.integration\spring-integration-kafka\6.5.1\d841096b2a8eae886c2b3ff7d00dce9b255242e5\spring-integration-kafka-6.5.1.jar, C:\Users\hp\.gradle\caches\modules-2\files-2.1\org.springframework.kafka\spring-kafka\3.3.9\784ce910bb5671c21a4e7318bfa709893eb73da3\spring-kafka-3.3.9.jar, C:\Users\hp\.gradle\caches\modules-2\files-2.1\org.apache.kafka\kafka-clients\3.9.1\86ca079953ed5606257ff298c24666b26da6985b\kafka-clients-3.9.1.jar, C:\Users\hp\.gradle\caches\modules-2\files-2.1\io.awspring.cloud\spring-cloud-aws-autoconfigure\3.2.1\5afb9e0bcbd234ea24061bd3439f228df050e9ab\spring-cloud-aws-autoconfigure-3.2.1.jar, C:\Users\hp\.gradle\caches\modules-2\files-2.1\io.awspring.cloud\spring-cloud-aws-core\3.2.1\397f305bfb4307b279e94dbf732149cacdffe6dd\spring-cloud-aws-core-3.2.1.jar, C:\Users\hp\.gradle\caches\modules-2\files-2.1\com.google.cloud.sql\mysql-socket-factory-connector-j-8\1.23.1\3cbb10b1d3af241e76811cadd27d13fd1c21b20f\mysql-socket-factory-connector-j-8-1.23.1.jar, C:\Users\hp\.gradle\caches\modules-2\files-2.1\com.google.cloud.sql\jdbc-socket-factory-core\1.23.1\90108e5c39869da9dc32b0315a913cdf7857e6bc\jdbc-socket-factory-core-1.23.1.jar, C:\Users\hp\.gradle\caches\modules-2\files-2.1\io.github.resilience4j\resilience4j-spring6\2.2.0\8c397fa70dc17c0f6d206d0dac73dea2b54824fc\resilience4j-spring6-2.2.0.jar, C:\Users\hp\.gradle\caches\modules-2\files-2.1\io.github.resilience4j\resilience4j-framework-common\2.2.0\a4fa6f0bff5fa7a9d12a2d349a66699c4c1e3dc7\resilience4j-framework-common-2.2.0.jar, C:\Users\hp\.gradle\caches\modules-2\files-2.1\io.github.resilience4j\resilience4j-micrometer\2.2.0\67470bfe3a59e74bc5198aef9b2c6fabab67c35d\resilience4j-micrometer-2.2.0.jar, C:\Users\hp\.gradle\caches\modules-2\files-2.1\software.amazon.awssdk\s3\2.29.9\90e7ccd5be5ef045e6fdfc0f9cd9fcb712d8552e\s3-2.29.9.jar, C:\Users\hp\.gradle\caches\modules-2\files-2.1\software.amazon.awssdk\cloudwatch\2.29.9\4d87537da40093200218ff4de89c2f915b70ede7\cloudwatch-2.29.9.jar, C:\Users\hp\.gradle\caches\modules-2\files-2.1\software.amazon.awssdk\sso\2.29.9\627aa075e67c79f778810aa4e4eb7b3548e63fab\sso-2.29.9.jar, C:\Users\hp\.gradle\caches\modules-2\files-2.1\software.amazon.awssdk\ssooidc\2.29.9\1568ce0a9f8d60e73e5f4b3efe137f9b9de4ef34\ssooidc-2.29.9.jar, C:\Users\hp\.gradle\caches\modules-2\files-2.1\software.amazon.awssdk\sts\2.29.9\83a1557629a886e9c728878cb400861770e06681\sts-2.29.9.jar, C:\Users\hp\.gradle\caches\modules-2\files-2.1\software.amazon.awssdk\aws-xml-protocol\2.29.9\51530f7ca60c0d1c2505461b220a614a2edc041e\aws-xml-protocol-2.29.9.jar, C:\Users\hp\.gradle\caches\modules-2\files-2.1\software.amazon.awssdk\aws-query-protocol\2.29.9\e34ad85f8f82f6661fa8e2475d20601d3b8bbd7e\aws-query-protocol-2.29.9.jar, C:\Users\hp\.gradle\caches\modules-2\files-2.1\software.amazon.awssdk\aws-json-protocol\2.29.9\a86a1d02d3c3dbc09aa0c86f13426305fe8645e9\aws-json-protocol-2.29.9.jar, C:\Users\hp\.gradle\caches\modules-2\files-2.1\software.amazon.awssdk\aws-core\2.29.9\3945301c980a63c039a6e44a5d5ff9797e237a46\aws-core-2.29.9.jar, C:\Users\hp\.gradle\caches\modules-2\files-2.1\software.amazon.awssdk\auth\2.29.9\d3fd77dbecc43be68e665d7d351141cddb2da4dd\auth-2.29.9.jar, C:\Users\hp\.gradle\caches\modules-2\files-2.1\software.amazon.awssdk\protocol-core\2.29.9\d59c550d4d32cc1e4793fd62029254869cbbe468\protocol-core-2.29.9.jar, C:\Users\hp\.gradle\caches\modules-2\files-2.1\software.amazon.awssdk\regions\2.29.9\6577ba75c22793f761ca0b6cec33bac1fad926fa\regions-2.29.9.jar, C:\Users\hp\.gradle\caches\modules-2\files-2.1\software.amazon.awssdk\sdk-core\2.29.9\9d60ad3dcb8c211ae271ebe47b15f3c344ea593f\sdk-core-2.29.9.jar, C:\Users\hp\.gradle\caches\modules-2\files-2.1\software.amazon.awssdk\apache-client\2.29.9\148bb4e123e0d89e27ad327865e72a827ca60f0a\apache-client-2.29.9.jar, C:\Users\hp\.gradle\caches\modules-2\files-2.1\software.amazon.awssdk\arns\2.29.9\98f752f8425ced13094f6dbc233e2e4c0e224197\arns-2.29.9.jar, C:\Users\hp\.gradle\caches\modules-2\files-2.1\software.amazon.awssdk\profiles\2.29.9\2b5bf2c182efcd6f8d5cd68be8eff31071bfe3e3\profiles-2.29.9.jar, C:\Users\hp\.gradle\caches\modules-2\files-2.1\software.amazon.awssdk\crt-core\2.29.9\208431b9329ef0e0b72290827a4eeb868acbd053\crt-core-2.29.9.jar, C:\Users\hp\.gradle\caches\modules-2\files-2.1\software.amazon.awssdk\http-auth\2.29.9\ce71d9bb9b6188cd69340287d9bc4c798bfb57f2\http-auth-2.29.9.jar, C:\Users\hp\.gradle\caches\modules-2\files-2.1\software.amazon.awssdk\http-auth-aws\2.29.9\fc43c45edaf19fe231cef1d07fbeb3857d78170\http-auth-aws-2.29.9.jar, C:\Users\hp\.gradle\caches\modules-2\files-2.1\software.amazon.awssdk\http-auth-spi\2.29.9\1ff477c774d2ae5e8c6a524cbcad983fa36435c5\http-auth-spi-2.29.9.jar, C:\Users\hp\.gradle\caches\modules-2\files-2.1\software.amazon.awssdk\identity-spi\2.29.9\a9ac82dbc4de165f1b1d9b43da61d18942806a10\identity-spi-2.29.9.jar, C:\Users\hp\.gradle\caches\modules-2\files-2.1\software.amazon.awssdk\checksums\2.29.9\c60ebe02dc58b4eb84b4aaba1f0da36b1ba70686\checksums-2.29.9.jar, C:\Users\hp\.gradle\caches\modules-2\files-2.1\software.amazon.awssdk\retries\2.29.9\dd648139b828910bfa5adc05b4729b8ebefc2cc1\retries-2.29.9.jar, C:\Users\hp\.gradle\caches\modules-2\files-2.1\software.amazon.awssdk\retries-spi\2.29.9\947907561334fad517e0ffbb789960274e1de5d5\retries-spi-2.29.9.jar, C:\Users\hp\.gradle\caches\modules-2\files-2.1\software.amazon.awssdk\netty-nio-client\2.29.9\aba42f0dcf2a164685051487c0ae7234ac282f7f\netty-nio-client-2.29.9.jar, C:\Users\hp\.gradle\caches\modules-2\files-2.1\software.amazon.awssdk\http-client-spi\2.29.9\671f27e25b45713e552e6baaf221d08330dfaa2\http-client-spi-2.29.9.jar, C:\Users\hp\.gradle\caches\modules-2\files-2.1\software.amazon.awssdk\metrics-spi\2.29.9\e8545b6ecd574a46dac99eecf006726be253236f\metrics-spi-2.29.9.jar, C:\Users\hp\.gradle\caches\modules-2\files-2.1\software.amazon.awssdk\json-utils\2.29.9\2f7d85126864c37869fe0f29f701992ed179aa63\json-utils-2.29.9.jar, C:\Users\hp\.gradle\caches\modules-2\files-2.1\software.amazon.awssdk\utils\2.29.9\1a9b1c6cfd45b6120645fedcfa17af02cc44058e\utils-2.29.9.jar, C:\Users\hp\.gradle\caches\modules-2\files-2.1\org.thymeleaf\thymeleaf-spring6\3.1.3.RELEASE\4b276ea2bd536a18e44b40ff1d9f4848965ff59c\thymeleaf-spring6-3.1.3.RELEASE.jar, C:\Users\hp\.gradle\caches\modules-2\files-2.1\com.zaxxer\HikariCP\6.3.2\d09ad7d252c2a8daaa99ed5f3b0d54f95b9b344\HikariCP-6.3.2.jar, C:\Users\hp\.gradle\caches\modules-2\files-2.1\org.springframework.batch\spring-batch-integration\5.2.2\480864efa679688158310be94a0b4f9f8d537b7e\spring-batch-integration-5.2.2.jar, C:\Users\hp\.gradle\caches\modules-2\files-2.1\org.springframework.batch\spring-batch-core\5.2.2\141649d81fae24922d98775cd4b4aecc254528e6\spring-batch-core-5.2.2.jar, C:\Users\hp\.gradle\caches\modules-2\files-2.1\org.springframework.data\spring-data-commons\3.5.3\886e56cfc383f757f057901dc7c448d8dcc73fed\spring-data-commons-3.5.3.jar, C:\Users\hp\.gradle\caches\modules-2\files-2.1\io.github.resilience4j\resilience4j-bulkhead\2.2.0\3f0b483516bcd171e6c0b9e913c5def0ca3b89fe\resilience4j-bulkhead-2.2.0.jar, C:\Users\hp\.gradle\caches\modules-2\files-2.1\io.github.resilience4j\resilience4j-circuitbreaker\2.2.0\dd296acf884f278c33d262e757ccedbe402926af\resilience4j-circuitbreaker-2.2.0.jar, C:\Users\hp\.gradle\caches\modules-2\files-2.1\io.github.resilience4j\resilience4j-retry\2.2.0\949e85e5501f75a54641276947143282ac13e102\resilience4j-retry-2.2.0.jar, C:\Users\hp\.gradle\caches\modules-2\files-2.1\io.github.resilience4j\resilience4j-ratelimiter\2.2.0\1f8d4e451685e031ef181974c93748f6e378f73c\resilience4j-ratelimiter-2.2.0.jar, C:\Users\hp\.gradle\caches\modules-2\files-2.1\io.github.resilience4j\resilience4j-timelimiter\2.2.0\de12f126a9795eb6d28c304d41e2141506c037b\resilience4j-timelimiter-2.2.0.jar, C:\Users\hp\.gradle\caches\modules-2\files-2.1\io.github.resilience4j\resilience4j-annotations\2.2.0\c7e4ed9146560d414cf2ee472873b650f81305dc\resilience4j-annotations-2.2.0.jar, C:\Users\hp\.gradle\caches\modules-2\files-2.1\io.github.resilience4j\resilience4j-consumer\2.2.0\22c57d0cbe13ffbe823a6a23126263dbf54c29b1\resilience4j-consumer-2.2.0.jar, C:\Users\hp\.gradle\caches\modules-2\files-2.1\io.swagger.core.v3\swagger-jaxrs2-jakarta\2.2.22\117ee9e8bf8cd65a16220d82f1ef7fb58cf5c5e\swagger-jaxrs2-jakarta-2.2.22.jar, C:\Users\hp\.gradle\caches\modules-2\files-2.1\io.swagger.core.v3\swagger-integration-jakarta\2.2.22\543593ee7ae8c3f7df5e0519ab458d9e431dec8d\swagger-integration-jakarta-2.2.22.jar, C:\Users\hp\.gradle\caches\modules-2\files-2.1\org.springdoc\springdoc-openapi-starter-webmvc-ui\2.6.0\2dddebb56441dbaa1009c4de434a83c65596f6ad\springdoc-openapi-starter-webmvc-ui-2.6.0.jar, C:\Users\hp\.gradle\caches\modules-2\files-2.1\org.springdoc\springdoc-openapi-starter-webmvc-api\2.6.0\d235c2989247641e5dfe764d7add3a11e4d54a5f\springdoc-openapi-starter-webmvc-api-2.6.0.jar, C:\Users\hp\.gradle\caches\modules-2\files-2.1\org.springdoc\springdoc-openapi-starter-common\2.6.0\c8cf5fbd1f9e4c410d67f1de27dfc3529de13620\springdoc-openapi-starter-common-2.6.0.jar, C:\Users\hp\.gradle\caches\modules-2\files-2.1\io.swagger.core.v3\swagger-core-jakarta\2.2.22\9ed5daaaa1c94c9a6b56c058c9d1b3190044a2e2\swagger-core-jakarta-2.2.22.jar, C:\Users\hp\.gradle\caches\modules-2\files-2.1\org.thymeleaf\thymeleaf\3.1.3.RELEASE\51474f2a90b282ee97dabcd159c7faf24790f373\thymeleaf-3.1.3.RELEASE.jar, C:\Users\hp\.gradle\caches\modules-2\files-2.1\org.apache.logging.log4j\log4j-to-slf4j\2.24.3\da1143e2a2531ee1c2d90baa98eb50a28a39d5a7\log4j-to-slf4j-2.24.3.jar, C:\Users\hp\.gradle\caches\modules-2\files-2.1\io.github.resilience4j\resilience4j-core\2.2.0\61b780cfbfbc41d7b8b26278ca3b81c034330457\resilience4j-core-2.2.0.jar, C:\Users\hp\.gradle\caches\modules-2\files-2.1\io.github.resilience4j\resilience4j-circularbuffer\2.2.0\f858f1e28c9fe7bd31758d7f68126888347f1c8b\resilience4j-circularbuffer-2.2.0.jar, C:\Users\hp\.gradle\caches\modules-2\files-2.1\org.slf4j\slf4j-api\2.0.17\d9e58ac9c7779ba3bf8142aff6c830617a7fe60f\slf4j-api-2.0.17.jar, C:\Users\hp\.gradle\caches\modules-2\files-2.1\org.mockito\mockito-junit-jupiter\5.17.0\4399e19e3fb5b55230027583323e4c883d5da07d\mockito-junit-jupiter-5.17.0.jar, C:\Users\hp\.gradle\caches\modules-2\files-2.1\org.mockito\mockito-core\5.17.0\f5fe5a2f94eb65f4f83ca0607bfe13ec0d9c6f3b\mockito-core-5.17.0.jar, C:\Users\hp\.gradle\caches\modules-2\files-2.1\org.junit.platform\junit-platform-launcher\1.12.2\79d49ad13017c67a8bf76e10ba5ac8937d811772\junit-platform-launcher-1.12.2.jar, C:\Users\hp\.gradle\caches\modules-2\files-2.1\org.junit.jupiter\junit-jupiter-engine\5.12.2\b8df7575b8cd3a94dbe27b481d1cd52c57864559\junit-jupiter-engine-5.12.2.jar, C:\Users\hp\.gradle\caches\modules-2\files-2.1\org.junit.platform\junit-platform-engine\1.12.2\8519ece93f91b8115705d36be2c36d49808935cd\junit-platform-engine-1.12.2.jar, C:\Users\hp\.gradle\caches\modules-2\files-2.1\org.junit.platform\junit-platform-commons\1.12.2\b89e88a89ee009937374a4c96912e007b34c8e35\junit-platform-commons-1.12.2.jar, C:\Users\hp\.gradle\caches\modules-2\files-2.1\org.junit.jupiter\junit-jupiter-params\5.12.2\ff1434a66d1fb84c2c709cde2e2d56d5c8f4fad3\junit-jupiter-params-5.12.2.jar, C:\Users\hp\.gradle\caches\modules-2\files-2.1\org.junit.jupiter\junit-jupiter\5.12.2\64d3ec64ae06517bc14b7faaaec7c996b0d05bea\junit-jupiter-5.12.2.jar, C:\Users\hp\.gradle\caches\modules-2\files-2.1\org.junit.jupiter\junit-jupiter-api\5.12.2\6de3a3256c5d90f4a439edcb6c2e8dc5180907b0\junit-jupiter-api-5.12.2.jar, C:\Users\hp\.gradle\caches\modules-2\files-2.1\org.liquibase\liquibase-core\5.0.1\1e4e697eaf3baaff887fb7e45acf4a01bb770bad\liquibase-core-5.0.1.jar, C:\Users\hp\.gradle\caches\modules-2\files-2.1\org.springframework.integration\spring-integration-event\6.5.1\8ec0d81a80a188ec25a12d6060976baf10000b57\spring-integration-event-6.5.1.jar, C:\Users\hp\.gradle\caches\modules-2\files-2.1\org.springframework.integration\spring-integration-jms\6.5.1\4076bfa8d0916fefb9c96d4003fea5fdcaffb678\spring-integration-jms-6.5.1.jar, C:\Users\hp\.gradle\caches\modules-2\files-2.1\io.micrometer\micrometer-registry-prometheus\1.15.3\82cfe2686434857c1b0652f2412650ad6b38bb77\micrometer-registry-prometheus-1.15.3.jar, C:\Users\hp\.gradle\caches\modules-2\files-2.1\io.micrometer\micrometer-registry-otlp\1.15.3\3e19a32866a5dc60dcad6edff94d4c86ca547e6c\micrometer-registry-otlp-1.15.3.jar, C:\Users\hp\.gradle\caches\modules-2\files-2.1\org.glassfish.jersey.media\jersey-media-multipart\3.1.11\bd24fc31c6d70b48b418ea97f0ddb45838e01324\jersey-media-multipart-3.1.11.jar, C:\Users\hp\.gradle\caches\modules-2\files-2.1\org.glassfish.jersey.containers\jersey-container-servlet\3.1.11\ce07cde6cbed8e612a605da0a0978417688d4c48\jersey-container-servlet-3.1.11.jar, C:\Users\hp\.gradle\caches\modules-2\files-2.1\org.glassfish.jersey.ext\jersey-spring6\3.1.11\ec68dcb9443bffdd77beeab6f38bf220197f5e15\jersey-spring6-3.1.11.jar, C:\Users\hp\.gradle\caches\modules-2\files-2.1\org.glassfish.jersey.containers\jersey-container-servlet-core\3.1.11\1ed90ffac6a6cfd9a496a3a8002dc0b2037470c4\jersey-container-servlet-core-3.1.11.jar, C:\Users\hp\.gradle\caches\modules-2\files-2.1\org.glassfish.jersey.ext\jersey-bean-validation\3.1.11\8bfe5f54a6387546aa2a5dedc1695c755a290831\jersey-bean-validation-3.1.11.jar, C:\Users\hp\.gradle\caches\modules-2\files-2.1\org.glassfish.jersey.core\jersey-server\3.1.11\b65a67a4ce399063cd88107b360d210d434f1e9a\jersey-server-3.1.11.jar, C:\Users\hp\.gradle\caches\modules-2\files-2.1\org.glassfish.jersey.media\jersey-media-json-jackson\3.1.11\c6f8fcee52cbfdacb2e611c37dc8d4fced320f21\jersey-media-json-jackson-3.1.11.jar, C:\Users\hp\.gradle\caches\modules-2\files-2.1\org.glassfish.jersey.core\jersey-client\3.1.11\d33fa8450c53b5d4c3405e9fecdf68e8d190af64\jersey-client-3.1.11.jar, C:\Users\hp\.gradle\caches\modules-2\files-2.1\org.glassfish.jersey.inject\jersey-hk2\3.1.11\3f51dfcd27ed8a773eb42f0317c9a4de07328d07\jersey-hk2-3.1.11.jar, C:\Users\hp\.gradle\caches\modules-2\files-2.1\org.glassfish.jersey.core\jersey-common\3.1.11\58cea05a20223bc23ffd96ade81536d61a26ac3\jersey-common-3.1.11.jar, C:\Users\hp\.gradle\caches\modules-2\files-2.1\org.glassfish.jersey.ext\jersey-entity-filtering\3.1.11\d4e618838d81c88972989451880e55baa2143ade\jersey-entity-filtering-3.1.11.jar, C:\Users\hp\.gradle\caches\modules-2\files-2.1\jakarta.ws.rs\jakarta.ws.rs-api\3.1.0\15ce10d249a38865b58fc39521f10f29ab0e3363\jakarta.ws.rs-api-3.1.0.jar, C:\Users\hp\.gradle\caches\modules-2\files-2.1\org.springframework\spring-jms\6.2.10\c4385e4a0d2c7e6c24309c85af7ea7413c77f90b\spring-jms-6.2.10.jar, C:\Users\hp\.gradle\caches\modules-2\files-2.1\org.springframework\spring-context-support\6.2.10\a7e8c2e3113342f564f88c323a23310855cbe427\spring-context-support-6.2.10.jar, C:\Users\hp\.gradle\caches\modules-2\files-2.1\com.google.apis\google-api-services-sqladmin\v1beta4-rev20250205-2.0.0\154c093673bb27b4990adbc87fe6454c67a26416\google-api-services-sqladmin-v1beta4-rev20250205-2.0.0.jar, C:\Users\hp\.gradle\caches\modules-2\files-2.1\com.google.api-client\google-api-client\2.7.2\495d58d6e31c2c5e24a707a50d6355ba92dd3d0c\google-api-client-2.7.2.jar, C:\Users\hp\.gradle\caches\modules-2\files-2.1\com.google.auth\google-auth-library-oauth2-http\1.32.1\3ee91bcb7e4937ee739c2d149a036fdab48bbc64\google-auth-library-oauth2-http-1.32.1.jar, C:\Users\hp\.gradle\caches\modules-2\files-2.1\com.google.oauth-client\google-oauth-client\1.37.0\e96f14541c967098841fc546e746a171cba2f11a\google-oauth-client-1.37.0.jar, C:\Users\hp\.gradle\caches\modules-2\files-2.1\com.google.http-client\google-http-client-gson\1.46.1\af46b79a133c4c09856efa4ddb614a8982a087d\google-http-client-gson-1.46.1.jar, C:\Users\hp\.gradle\caches\modules-2\files-2.1\com.google.http-client\google-http-client-apache-v2\1.45.2\709e720ca21bf6e201dd244137d38281548172e\google-http-client-apache-v2-1.45.2.jar, C:\Users\hp\.gradle\caches\modules-2\files-2.1\com.google.http-client\google-http-client\1.46.1\e41b1f5a0f631276630162834f6466932af9402f\google-http-client-1.46.1.jar, C:\Users\hp\.gradle\caches\modules-2\files-2.1\io.opencensus\opencensus-contrib-http-util\0.31.1\3c13fc5715231fadb16a9b74a44d9d59c460cfa8\opencensus-contrib-http-util-0.31.1.jar, C:\Users\hp\.gradle\caches\modules-2\files-2.1\com.google.guava\guava\33.1.0-jre\9b7ed39143d59e8eabcc6f91ffe4d23db2efe558\guava-33.1.0-jre.jar, C:\Users\hp\.gradle\caches\modules-2\files-2.1\com.squareup.retrofit2\converter-gson\2.11.0\9d1fe9d1662de0548e08e293041140a8e4026f81\converter-gson-2.11.0.jar, C:\Users\hp\.gradle\caches\modules-2\files-2.1\com.google.code.gson\gson\2.11.0\527175ca6d81050b53bdd4c457a6d6e017626b0e\gson-2.11.0.jar, C:\Users\hp\.gradle\caches\modules-2\files-2.1\jakarta.jms\jakarta.jms-api\3.1.0\e194cf91a3f908e4846542849ac11a8e0b3c68ad\jakarta.jms-api-3.1.0.jar, C:\Users\hp\.gradle\caches\modules-2\files-2.1\jakarta.management.j2ee\jakarta.management.j2ee-api\1.1.4\dbbe7575f97efd0b04f3a8455cf82c256c853055\jakarta.management.j2ee-api-1.1.4.jar, C:\Users\hp\.gradle\caches\modules-2\files-2.1\com.squareup.retrofit2\retrofit\2.11.0\6ca8c6caf842271f3232e075519fe04081ef7069\retrofit-2.11.0.jar, C:\Users\hp\.gradle\caches\modules-2\files-2.1\com.squareup.okhttp3\okhttp-urlconnection\4.12.0\f182bfa2eaca0bb8086904c8b5710976e5b55d65\okhttp-urlconnection-4.12.0.jar, C:\Users\hp\.gradle\caches\modules-2\files-2.1\com.squareup.okhttp3\okhttp\4.12.0\2f4525d4a200e97e1b87449c2cd9bd2e25b7e8cd\okhttp-4.12.0.jar, C:\Users\hp\.gradle\caches\modules-2\files-2.1\org.apache.tika\tika-parser-miscoffice-module\2.9.3\8fb7be9bd6ec1952023546243693a7a675e3eb8c\tika-parser-miscoffice-module-2.9.3.jar, C:\Users\hp\.gradle\caches\modules-2\files-2.1\com.opencsv\opencsv\5.12.0\bc55d53c0961f8b191c96276e778a9ec67f7dd58\opencsv-5.12.0.jar, C:\Users\hp\.gradle\caches\modules-2\files-2.1\org.apache.commons\commons-text\1.14.0\adcb0d4c67eabc79682604b47eb852aaff21138a\commons-text-1.14.0.jar, C:\Users\hp\.gradle\caches\modules-2\files-2.1\org.apache.poi\poi-ooxml\5.4.1\508ed3e7fcc775738415870d0bc6d27196317fe3\poi-ooxml-5.4.1.jar, C:\Users\hp\.gradle\caches\modules-2\files-2.1\org.apache.tika\tika-parser-zip-commons\2.9.3\be5de1d58214626b498e4fddf3a0fe1fbf23df34\tika-parser-zip-commons-2.9.3.jar, C:\Users\hp\.gradle\caches\modules-2\files-2.1\org.apache.commons\commons-compress\1.26.0\659feffdd12280201c8aacb8f7be94f9a883c824\commons-compress-1.26.0.jar, C:\Users\hp\.gradle\caches\modules-2\files-2.1\com.healthmarketscience.jackcess\jackcess-encrypt\4.0.2\e8efcbe171ac131ec32b20478d8381227e3e8d17\jackcess-encrypt-4.0.2.jar, C:\Users\hp\.gradle\caches\modules-2\files-2.1\com.healthmarketscience.jackcess\jackcess\4.0.8\f5942e0c45233b7a521cdb3ae0253dfd658a46ab\jackcess-4.0.8.jar, C:\Users\hp\.gradle\caches\modules-2\files-2.1\org.apache.commons\commons-lang3\3.18.0\fb14946f0e39748a6571de0635acbe44e7885491\commons-lang3-3.18.0.jar, C:\Users\hp\.gradle\caches\modules-2\files-2.1\org.apache.poi\poi\5.4.1\e4c74c59e13f62d8edd215756d14ce55566c6efe\poi-5.4.1.jar, C:\Users\hp\.gradle\caches\modules-2\files-2.1\org.apache.tika\tika-parser-text-module\2.9.3\940509f6b3f8ba810aa27ef459828d6acf69ca4d\tika-parser-text-module-2.9.3.jar, C:\Users\hp\.gradle\caches\modules-2\files-2.1\org.apache.commons\commons-csv\1.12.0\c77e053d7189bc0857f8d323ab61cb949965fbd1\commons-csv-1.12.0.jar, C:\Users\hp\.gradle\caches\modules-2\files-2.1\org.owasp.esapi\esapi\2.7.0.0\c523d9613022ffe7e27702dcf8beaf4877c4e444\esapi-2.7.0.0.jar, C:\Users\hp\.gradle\caches\modules-2\files-2.1\org.owasp.antisamy\antisamy\1.7.8\ceac842c56731ee331763360b1cfe1368eaaa6a3\antisamy-1.7.8.jar, C:\Users\hp\.gradle\caches\modules-2\files-2.1\org.apache.tika\tika-parser-mail-commons\2.9.3\b51b91d0f7f707563fe6aa3e6c124247b40a36e2\tika-parser-mail-commons-2.9.3.jar, C:\Users\hp\.gradle\caches\modules-2\files-2.1\org.apache.james\apache-mime4j-dom\0.8.12\7bb72605bf69bed1cb2393b9677b61e96c932b4f\apache-mime4j-dom-0.8.12.jar, C:\Users\hp\.gradle\caches\modules-2\files-2.1\org.apache.james\apache-mime4j-core\0.8.12\42ad2e9bfc1c0afaf04aefba080079c7e1f4c15\apache-mime4j-core-0.8.12.jar, C:\Users\hp\.gradle\caches\modules-2\files-2.1\commons-io\commons-io\2.18.0\44084ef756763795b31c578403dd028ff4a22950\commons-io-2.18.0.jar, C:\Users\hp\.gradle\caches\modules-2\files-2.1\com.github.librepdf\openpdf\3.0.0\4db6d145d6ef90fe755fb4c37d83cffb4c24ad7c\openpdf-3.0.0.jar, C:\Users\hp\.gradle\caches\modules-2\files-2.1\com.github.spullara.mustache.java\compiler\0.9.14\e6df8b5aabb80d6eb6d8fef312a56d66b7659ba6\compiler-0.9.14.jar, C:\Users\hp\.gradle\caches\modules-2\files-2.1\javax.cache\cache-api\1.1.1\c56fb980eb5208bfee29a9a5b9d951aba076bd91\cache-api-1.1.1.jar, C:\Users\hp\.gradle\caches\modules-2\files-2.1\io.swagger.core.v3\swagger-annotations-jakarta\2.2.22\1efc0b0af32fce629f0786062c89e8b117abe120\swagger-annotations-jakarta-2.2.22.jar, C:\Users\hp\.gradle\caches\modules-2\files-2.1\org.apache.commons\commons-email\1.6.0\3fae6004e0c5e1b2b46a2b28e017efcc1a40d6bf\commons-email-1.6.0.jar, C:\Users\hp\.gradle\caches\modules-2\files-2.1\com.sun.mail\jakarta.mail\2.0.1\96d3645f02a92bcc5e7ae1ff037151e44179f230\jakarta.mail-2.0.1.jar, C:\Users\hp\.gradle\caches\modules-2\files-2.1\org.hibernate.orm\hibernate-core\6.6.26.Final\4a89014a34c7c46d15da49de85aa879c603c962\hibernate-core-6.6.26.Final.jar, C:\Users\hp\.gradle\caches\modules-2\files-2.1\org.glassfish.jaxb\jaxb-runtime\2.3.6\1e6cd0e5d9f9919c8c8824fb4d310b09a978a60e\jaxb-runtime-2.3.6.jar, C:\Users\hp\.gradle\caches\modules-2\files-2.1\com.sun.activation\jakarta.activation\2.0.1\828b80e886a52bb09fe41ff410b10b342f533ce1\jakarta.activation-2.0.1.jar, C:\Users\hp\.gradle\caches\modules-2\files-2.1\org.mapstruct\mapstruct\1.6.3\416a2155212286d6a1c4cb3bb553c7dfd6a1a092\mapstruct-1.6.3.jar, C:\Users\hp\.gradle\caches\modules-2\files-2.1\org.dom4j\dom4j\2.1.4\35c16721b88cf17b8279fcb134c0abb161cc0e9b\dom4j-2.1.4.jar, C:\Users\hp\.gradle\caches\modules-2\files-2.1\jakarta.xml.bind\jakarta.xml.bind-api\4.0.2\6cd5a999b834b63238005b7144136379dc36cad2\jakarta.xml.bind-api-4.0.2.jar, C:\Users\hp\.gradle\caches\modules-2\files-2.1\org.eclipse.persistence\org.eclipse.persistence.jpa\4.0.2\db3f5ab591ac871392467c39dfee214e1f516bf4\org.eclipse.persistence.jpa-4.0.2.jar, C:\Users\hp\.gradle\caches\modules-2\files-2.1\org.codehaus.janino\janino\3.1.12\ffcd3dfa84057ef76092b6b66c53871a97ae40b8\janino-3.1.12.jar, C:\Users\hp\.gradle\caches\modules-2\files-2.1\org.apache.commons\commons-math3\3.6.1\e4ba98f1d4b3c80ec46392f25e094a6a2e58fcbf\commons-math3-3.6.1.jar, C:\Users\hp\.gradle\caches\modules-2\files-2.1\io.github.classgraph\classgraph\4.8.179\f159dd8bbbf381c4006c1f675ec4e648c8317f32\classgraph-4.8.179.jar, C:\Users\hp\.gradle\caches\modules-2\files-2.1\org.mariadb.jdbc\mariadb-java-client\3.5.2\58ed153947aa147c58056a990ac6cd8b1c995925\mariadb-java-client-3.5.2.jar, C:\Users\hp\.gradle\caches\modules-2\files-2.1\org.postgresql\postgresql\42.7.8\81b840fbfe0a6c0b7aa14c6bd4856108d36ed780\postgresql-42.7.8.jar, C:\Users\hp\.gradle\caches\modules-2\files-2.1\com.mysql\mysql-connector-j\9.2.0\cc7bed59ccee3c47554aeb89e37c24d95a74bec3\mysql-connector-j-9.2.0.jar, C:\Users\hp\.gradle\caches\modules-2\files-2.1\org.apache.httpcomponents\httpclient\4.5.14\1194890e6f56ec29177673f2f12d0b8e627dec98\httpclient-4.5.14.jar, C:\Users\hp\.gradle\caches\modules-2\files-2.1\org.apache.httpcomponents\httpcore\4.4.16\51cf043c87253c9f58b539c9f7e44c8894223850\httpcore-4.4.16.jar, C:\Users\hp\.gradle\caches\modules-2\files-2.1\org.springframework.boot\spring-boot-test-autoconfigure\3.5.5\f68808c0dbd4660c2f901f7991ffb94601217257\spring-boot-test-autoconfigure-3.5.5.jar, C:\Users\hp\.gradle\caches\modules-2\files-2.1\org.springframework.boot\spring-boot-test\3.5.5\8ea9fc3febf3d6f4e8c179c9ec08a94aa93201ab\spring-boot-test-3.5.5.jar, C:\Users\hp\.gradle\caches\modules-2\files-2.1\net.minidev\json-smart\2.5.2\95d166b18f95907be0f46cdb9e1c0695eed03387\json-smart-2.5.2.jar, C:\Users\hp\.gradle\caches\modules-2\files-2.1\org.assertj\assertj-core\3.26.3\d26263eb7524252d98e602fc6942996a3195e29\assertj-core-3.26.3.jar, C:\Users\hp\.gradle\caches\modules-2\files-2.1\org.awaitility\awaitility\4.2.2\7336242073ebf83fe034e42b46a403c5501b63c9\awaitility-4.2.2.jar, C:\Users\hp\.gradle\caches\modules-2\files-2.1\org.hamcrest\hamcrest\3.0\8fd9b78a8e6a6510a078a9e30e9e86a6035cfaf7\hamcrest-3.0.jar, C:\Users\hp\.gradle\caches\modules-2\files-2.1\org.skyscreamer\jsonassert\1.5.3\aaa43e0823d2a0e106e8754d6a9c4ab24e05e9bc\jsonassert-1.5.3.jar, C:\Users\hp\.gradle\caches\modules-2\files-2.1\org.springframework\spring-test\6.2.10\7d5ff84114e0ab4cac29cccee4647ce440368046\spring-test-6.2.10.jar, C:\Users\hp\.gradle\caches\modules-2\files-2.1\org.springframework\spring-webmvc\6.2.10\d3491aedc2636378cd273f6266d49f43a8b3e241\spring-webmvc-6.2.10.jar, C:\Users\hp\.gradle\caches\modules-2\files-2.1\org.springframework.security\spring-security-oauth2-authorization-server\1.5.2\735731f3880824c04e3924998ec4b20d8725f93b\spring-security-oauth2-authorization-server-1.5.2.jar, C:\Users\hp\.gradle\caches\modules-2\files-2.1\org.springframework.security\spring-security-oauth2-resource-server\6.5.3\8d94263c074debf8ad4f0ebaa807dd3ba3c9c0a7\spring-security-oauth2-resource-server-6.5.3.jar, C:\Users\hp\.gradle\caches\modules-2\files-2.1\org.springframework.security\spring-security-web\6.5.3\29e50540ef987241f13ece8aa4297c524cdca5ed\spring-security-web-6.5.3.jar, C:\Users\hp\.gradle\caches\modules-2\files-2.1\org.springframework.security\spring-security-oauth2-jose\6.5.3\dc56f4791f647f317b3a9a7f1c212987c2f6d1a\spring-security-oauth2-jose-6.5.3.jar, C:\Users\hp\.gradle\caches\modules-2\files-2.1\org.springframework.security\spring-security-oauth2-core\6.5.3\a7375808f7030850d76b2afd79c28a9ad403d3af\spring-security-oauth2-core-6.5.3.jar, C:\Users\hp\.gradle\caches\modules-2\files-2.1\org.springframework\spring-web\6.2.10\38c2f6633a44b385b6263294c38e5a4f217c005c\spring-web-6.2.10.jar, C:\Users\hp\.gradle\caches\modules-2\files-2.1\org.springframework.security\spring-security-config\6.5.3\3f6b50fd0d0bd61dc1bc4e49c055b6995c47c2a3\spring-security-config-6.5.3.jar, C:\Users\hp\.gradle\caches\modules-2\files-2.1\org.springframework.security\spring-security-core\6.5.4\d4c20ad2818e954344c0293bd6460ee2b030180d\spring-security-core-6.5.4.jar, C:\Users\hp\.gradle\caches\modules-2\files-2.1\org.springframework.integration\spring-integration-core\6.5.1\52c8e55cafcda4af72043de501c06c0ac5ce7565\spring-integration-core-6.5.1.jar, C:\Users\hp\.gradle\caches\modules-2\files-2.1\org.springframework.boot\spring-boot-actuator-autoconfigure\3.5.5\eba0490f64dd1f2bb96b6c484d34df03b388676\spring-boot-actuator-autoconfigure-3.5.5.jar, C:\Users\hp\.gradle\caches\modules-2\files-2.1\org.springframework.boot\spring-boot-autoconfigure\3.5.5\348f4fb99d61a1ea039a44ec667b61657adb54b2\spring-boot-autoconfigure-3.5.5.jar, C:\Users\hp\.gradle\caches\modules-2\files-2.1\org.springframework.boot\spring-boot-actuator\3.5.5\11a70af846b9527a4f26c66368543719bf4d0419\spring-boot-actuator-3.5.5.jar, C:\Users\hp\.gradle\caches\modules-2\files-2.1\org.springframework.boot\spring-boot\3.5.5\7d50b76ea4905d6c61fea5cb6556bc735c55da1\spring-boot-3.5.5.jar, C:\Users\hp\.gradle\caches\modules-2\files-2.1\org.springframework\spring-context\6.2.10\80464a79539a19a00e32eccb041670f34857fe7\spring-context-6.2.10.jar, C:\Users\hp\.gradle\caches\modules-2\files-2.1\org.springframework\spring-aop\6.2.10\2b194c29deaadb71a8a8e5b8b41d9521c29a0d66\spring-aop-6.2.10.jar, C:\Users\hp\.gradle\caches\modules-2\files-2.1\org.springframework\spring-messaging\6.2.10\24304032586ab583c2ab1cdd9b35b72f595b77b9\spring-messaging-6.2.10.jar, C:\Users\hp\.gradle\caches\modules-2\files-2.1\org.springframework\spring-orm\6.2.10\4bf04f4693bfbb56248b0dccc7f5e0ec77f95ca6\spring-orm-6.2.10.jar, C:\Users\hp\.gradle\caches\modules-2\files-2.1\org.springframework\spring-jdbc\6.2.10\4514e36bf0880464b9b55ecf0ea6ebd7362b664\spring-jdbc-6.2.10.jar, C:\Users\hp\.gradle\caches\modules-2\files-2.1\org.springframework\spring-tx\6.2.10\bd4915d9862f127b45bae75195622d84f36a5373\spring-tx-6.2.10.jar, C:\Users\hp\.gradle\caches\modules-2\files-2.1\org.springframework\spring-beans\6.2.10\88ffda89593a74bb356a96ea2ed235ec6e083cfa\spring-beans-6.2.10.jar, C:\Users\hp\.gradle\caches\modules-2\files-2.1\org.springframework\spring-expression\6.2.10\16bdfead8a73673e395441c14b1868a128fc87c2\spring-expression-6.2.10.jar, C:\Users\hp\.gradle\caches\modules-2\files-2.1\org.springframework.batch\spring-batch-infrastructure\5.2.2\19e109ec420e6e6c191b7a5f3262b7fded4c348d\spring-batch-infrastructure-5.2.2.jar, C:\Users\hp\.gradle\caches\modules-2\files-2.1\org.springframework\spring-core\6.2.11\f4860eb6ea92abb8ae6c5e82e2e7efc395cef8d\spring-core-6.2.11.jar, C:\Users\hp\.gradle\caches\modules-2\files-2.1\org.xmlunit\xmlunit-core\2.10.3\cb07af25c710796e67fb13c439fd717a8f427088\xmlunit-core-2.10.3.jar, C:\Users\hp\.gradle\caches\modules-2\files-2.1\net.bytebuddy\byte-buddy\1.17.7\3856bfab61beb23e099a0d6629f2ba8de4b98ace\byte-buddy-1.17.7.jar, C:\Users\hp\.gradle\caches\modules-2\files-2.1\net.bytebuddy\byte-buddy-agent\1.17.7\fbf3d6d649ed37fc9e9c59480a05be0a26e3c2da\byte-buddy-agent-1.17.7.jar, C:\Users\hp\.gradle\caches\modules-2\files-2.1\org.objenesis\objenesis\3.3\1049c09f1de4331e8193e579448d0916d75b7631\objenesis-3.3.jar, C:\Users\hp\.gradle\caches\modules-2\files-2.1\org.opentest4j\opentest4j\1.3.0\152ea56b3a72f655d4fd677fc0ef2596c3dd5e6e\opentest4j-1.3.0.jar, C:\Users\hp\.gradle\caches\modules-2\files-2.1\org.springframework\spring-aspects\6.2.10\34303b4c9a50261522dbce2d4c3c659660b3c33\spring-aspects-6.2.10.jar, C:\Users\hp\.gradle\caches\modules-2\files-2.1\com.fasterxml.jackson.datatype\jackson-datatype-jdk8\2.19.2\a720d3946c3a1ab04b780f3b3163d62eee6948a0\jackson-datatype-jdk8-2.19.2.jar, C:\Users\hp\.gradle\caches\modules-2\files-2.1\com.fasterxml.jackson.datatype\jackson-datatype-jsr310\2.19.2\72e73f048b36d9df82aef146bf8b2ae63b2e28e2\jackson-datatype-jsr310-2.19.2.jar, C:\Users\hp\.gradle\caches\modules-2\files-2.1\com.fasterxml.jackson.module\jackson-module-parameter-names\2.19.2\3c4ce467c11364c72ec4967c570fd5a2d1be1d0b\jackson-module-parameter-names-2.19.2.jar, C:\Users\hp\.gradle\caches\modules-2\files-2.1\com.fasterxml.jackson.jakarta.rs\jackson-jakarta-rs-json-provider\2.19.2\e225f74b86e1ae14264134d0e437f311aef0d76c\jackson-jakarta-rs-json-provider-2.19.2.jar, C:\Users\hp\.gradle\caches\modules-2\files-2.1\com.fasterxml.jackson.jakarta.rs\jackson-jakarta-rs-base\2.19.2\221d266051bdc28a6f2b97350260195e63f9529f\jackson-jakarta-rs-base-2.19.2.jar, C:\Users\hp\.gradle\caches\modules-2\files-2.1\com.fasterxml.jackson.module\jackson-module-jakarta-xmlbind-annotations\2.19.2\957553ad851d562470e06f648e087a4a7bc690db\jackson-module-jakarta-xmlbind-annotations-2.19.2.jar, C:\Users\hp\.gradle\caches\modules-2\files-2.1\com.fasterxml.jackson.core\jackson-databind\2.19.2\46509399d28f57ca32c6bb4b0d4e10e8f062051e\jackson-databind-2.19.2.jar, C:\Users\hp\.gradle\caches\modules-2\files-2.1\com.fasterxml.jackson.core\jackson-core\2.19.2\50f3b4bd59b9ff51a0ed493e7b5abaf5c39709bf\jackson-core-2.19.2.jar, C:\Users\hp\.gradle\caches\modules-2\files-2.1\io.swagger.core.v3\swagger-models-jakarta\2.2.22\bc2809b2efa1f7b062bc9668304a84b198fececd\swagger-models-jakarta-2.2.22.jar, C:\Users\hp\.gradle\caches\modules-2\files-2.1\com.fasterxml.jackson.core\jackson-annotations\2.19.2\c5381f11988ae3d424b197a26087d86067b6d7d\jackson-annotations-2.19.2.jar, C:\Users\hp\.gradle\caches\modules-2\files-2.1\com.fasterxml.jackson.dataformat\jackson-dataformat-yaml\2.19.2\ba1079940daa609061e46c80b72c5546c4718401\jackson-dataformat-yaml-2.19.2.jar, C:\Users\hp\.gradle\caches\modules-2\files-2.1\org.yaml\snakeyaml\2.4\e0666b825b796f85521f02360e77f4c92c5a7a07\snakeyaml-2.4.jar, C:\Users\hp\.gradle\caches\modules-2\files-2.1\org.apache.commons\commons-collections4\4.4\62ebe7544cb7164d87e0637a2a6a2bdc981395e8\commons-collections4-4.4.jar, C:\Users\hp\.gradle\caches\modules-2\files-2.1\com.lmax\disruptor\3.4.4\588321627643b6de45db44c6575e750fea3ae3f5\disruptor-3.4.4.jar, C:\Users\hp\.gradle\caches\modules-2\files-2.1\commons-validator\commons-validator\1.7\76069c915de3787f3ddd8726a56f47a95bfcbb0e\commons-validator-1.7.jar, C:\Users\hp\.gradle\caches\modules-2\files-2.1\commons-beanutils\commons-beanutils\1.11.0\ac03ea606d13de04c2e4508227680faff151f491\commons-beanutils-1.11.0.jar, C:\Users\hp\.gradle\caches\modules-2\files-2.1\org.hibernate.validator\hibernate-validator\9.0.1.Final\28c0e41ecc84d1f0b8b6d81d16e0784e63364e68\hibernate-validator-9.0.1.Final.jar, C:\Users\hp\.gradle\caches\modules-2\files-2.1\jakarta.validation\jakarta.validation-api\3.1.1\ec8622148afc5564235d17af80ea80288d0e7f92\jakarta.validation-api-3.1.1.jar, C:\Users\hp\.gradle\caches\modules-2\files-2.1\org.yakworks\spring-icu4j\0.4.2\fb85907936c77921e905d205f165f9ac5f996160\spring-icu4j-0.4.2.jar, C:\Users\hp\.gradle\caches\modules-2\files-2.1\com.ibm.icu\icu4j\76.1\215f3a8e936d4069344bd75f2b1368fd58112894\icu4j-76.1.jar, C:\Users\hp\.gradle\caches\modules-2\files-2.1\org.apache.tomcat.embed\tomcat-embed-el\10.1.44\6ee7685651c5eba1f4bef99f9dbb38b89d1a6cb6\tomcat-embed-el-10.1.44.jar, C:\Users\hp\.gradle\caches\modules-2\files-2.1\io.micrometer\micrometer-jakarta9\1.15.3\1f6d5a1bab3ac5a674abfce61d1b82554aeb90e4\micrometer-jakarta9-1.15.3.jar, C:\Users\hp\.gradle\caches\modules-2\files-2.1\io.micrometer\micrometer-core\1.15.3\7d9458b1138c8f32a0dcc2e4a0dbfc7717542985\micrometer-core-1.15.3.jar, C:\Users\hp\.gradle\caches\modules-2\files-2.1\io.micrometer\micrometer-observation\1.15.3\e95d07e329f6d3ecb15a6ba1c5d96c25b9df0a97\micrometer-observation-1.15.3.jar, C:\Users\hp\.gradle\caches\modules-2\files-2.1\org.springframework.retry\spring-retry\2.0.12\62a14736086ffd6f382f0df3bf066a5a34f174fa\spring-retry-2.0.12.jar, C:\Users\hp\.gradle\caches\modules-2\files-2.1\io.prometheus\prometheus-metrics-core\1.3.10\30c645782bc458a4868f59a9218c8395250a9f69\prometheus-metrics-core-1.3.10.jar, C:\Users\hp\.gradle\caches\modules-2\files-2.1\io.prometheus\prometheus-metrics-tracer-common\1.3.10\abf6e4d1a41d96e37b200606e121697751794a45\prometheus-metrics-tracer-common-1.3.10.jar, C:\Users\hp\.gradle\caches\modules-2\files-2.1\io.prometheus\prometheus-metrics-exposition-formats\1.3.10\9f8433c962ff720dc2c83f6c2e8af069dd36a898\prometheus-metrics-exposition-formats-1.3.10.jar, C:\Users\hp\.gradle\caches\modules-2\files-2.1\io.opentelemetry.proto\opentelemetry-proto\1.5.0-alpha\fb744be44e48818d8f0c97ef7b6bcc82ad3d2626\opentelemetry-proto-1.5.0-alpha.jar, C:\Users\hp\.gradle\caches\modules-2\files-2.1\org.jvnet.mimepull\mimepull\1.9.15\60f9a7991ad9ec1a280db8deea216a91c10aae74\mimepull-1.9.15.jar, C:\Users\hp\.gradle\caches\modules-2\files-2.1\com.google.guava\failureaccess\1.0.2\c4a06a64e650562f30b7bf9aaec1bfed43aca12b\failureaccess-1.0.2.jar, C:\Users\hp\.gradle\caches\modules-2\files-2.1\com.google.guava\listenablefuture\9999.0-empty-to-avoid-conflict-with-guava\b421526c5f297295adef1c886e5246c39d4ac629\listenablefuture-9999.0-empty-to-avoid-conflict-with-guava.jar, C:\Users\hp\.gradle\caches\modules-2\files-2.1\com.google.code.findbugs\jsr305\3.0.2\25ea2e8b0c338a877313bd4672d3fe056ea78f0d\jsr305-3.0.2.jar, C:\Users\hp\.gradle\caches\modules-2\files-2.1\org.checkerframework\checker-qual\3.49.5\f0d119b5a4adb4164e9d6fa9fd3ffa5d0e458963\checker-qual-3.49.5.jar, C:\Users\hp\.gradle\caches\modules-2\files-2.1\com.google.errorprone\error_prone_annotations\2.36.0\227d4d4957ccc3dc5761bd897e3a0ee587e750a7\error_prone_annotations-2.36.0.jar, C:\Users\hp\.gradle\caches\modules-2\files-2.1\com.squareup.okio\okio-jvm\3.6.0\5600569133b7bdefe1daf9ec7f4abeb6d13e1786\okio-jvm-3.6.0.jar, C:\Users\hp\.gradle\caches\modules-2\files-2.1\org.jetbrains.kotlin\kotlin-stdlib-jdk7\1.9.25\1c166692314a2639e5edfed0d23ed7eee4a5c7a5\kotlin-stdlib-jdk7-1.9.25.jar, C:\Users\hp\.gradle\caches\modules-2\files-2.1\org.jetbrains.kotlin\kotlin-stdlib\1.9.25\f700a2f2b8f0d6d0fde48f56d894dc722fb029d7\kotlin-stdlib-1.9.25.jar, C:\Users\hp\.gradle\caches\modules-2\files-2.1\org.jetbrains.kotlin\kotlin-stdlib-jdk8\1.9.25\20d44e880a284f7b5cd99dd69450b403073f49b2\kotlin-stdlib-jdk8-1.9.25.jar, C:\Users\hp\.gradle\caches\modules-2\files-2.1\org.apache.tika\tika-parser-html-module\2.9.3\1ae0e58485ace073b4e23fbc372b91948c85fac3\tika-parser-html-module-2.9.3.jar, C:\Users\hp\.gradle\caches\modules-2\files-2.1\org.apache.tika\tika-parser-xml-module\2.9.3\8244c899e94e4c1bddbc9e29e0985e326d78f695\tika-parser-xml-module-2.9.3.jar, C:\Users\hp\.gradle\caches\modules-2\files-2.1\commons-codec\commons-codec\1.17.1\973638b7149d333563584137ebf13a691bb60579\commons-codec-1.17.1.jar, C:\Users\hp\.gradle\caches\modules-2\files-2.1\com.zaxxer\SparseBitSet\1.3\533eac055afe3d5f614ea95e333afd6c2bde8f26\SparseBitSet-1.3.jar, C:\Users\hp\.gradle\caches\modules-2\files-2.1\org.apache.logging.log4j\log4j-api\2.24.3\b02c125db8b6d295adf72ae6e71af5d83bce2370\log4j-api-2.24.3.jar, C:\Users\hp\.gradle\caches\modules-2\files-2.1\org.apache.poi\poi-ooxml-lite\5.4.1\ed2246f88254ba40fc2e7999c8f8e4e9031208a\poi-ooxml-lite-5.4.1.jar, C:\Users\hp\.gradle\caches\modules-2\files-2.1\org.apache.xmlbeans\xmlbeans\5.3.0\f93c3ba820d7240b7fec4ec5bc35e7223cc6fc1f\xmlbeans-5.3.0.jar, C:\Users\hp\.gradle\caches\modules-2\files-2.1\com.github.virtuald\curvesapi\1.08\3d3d36568154059825089b289dcfca481fe44e2c\curvesapi-1.08.jar, C:\Users\hp\.gradle\caches\modules-2\files-2.1\com.pff\java-libpst\0.9.3\928a6698850cd89577d28201ff1ac443bb339d2b\java-libpst-0.9.3.jar, C:\Users\hp\.gradle\caches\modules-2\files-2.1\org.apache.tika\tika-parser-xmp-commons\2.9.3\5663a04c6d77306920b94eff42ff7fb25fc43c42\tika-parser-xmp-commons-2.9.3.jar, C:\Users\hp\.gradle\caches\modules-2\files-2.1\org.webjars\swagger-ui\5.17.14\7c746d197424eb721b4e08fcaa9e85231662d81f\swagger-ui-5.17.14.jar, C:\Users\hp\.gradle\caches\modules-2\files-2.1\org.glassfish.hk2\hk2\3.0.6\12187beb6321e6a7fdc2ef4d196e16c8c58a3a1\hk2-3.0.6.jar, C:\Users\hp\.gradle\caches\modules-2\files-2.1\org.glassfish.hk2\hk2-core\3.0.6\78dfb2117c3148e357a0cec8f514e60bbf689efd\hk2-core-3.0.6.jar, C:\Users\hp\.gradle\caches\modules-2\files-2.1\org.glassfish.hk2\hk2-locator\3.0.6\92d5c92c9f23bea4b8681c6f8d6ba3d708619f81\hk2-locator-3.0.6.jar, C:\Users\hp\.gradle\caches\modules-2\files-2.1\org.javassist\javassist\3.30.2-GA\284580b5e42dfa1b8267058566435d9e93fae7f7\javassist-3.30.2-GA.jar, C:\Users\hp\.gradle\caches\modules-2\files-2.1\jaxen\jaxen\2.0.0\bd6a33b0fda054a5678010df843cc999f288dc6c\jaxen-2.0.0.jar, C:\Users\hp\.gradle\caches\modules-2\files-2.1\javax.xml.stream\stax-api\1.0-2\d6337b0de8b25e53e81b922352fbea9f9f57ba0b\stax-api-1.0-2.jar, C:\Users\hp\.gradle\caches\modules-2\files-2.1\net.java.dev.msv\xsdlib\2013.6.1\280f7c45aaec5102cc756d1afdb416b7775f2ef4\xsdlib-2013.6.1.jar, C:\Users\hp\.gradle\caches\modules-2\files-2.1\org.fusesource.hawtbuf\hawtbuf\1.11\8f0e50ad8bea37b84b698ec40cce09e47714a63e\hawtbuf-1.11.jar, C:\Users\hp\.gradle\caches\modules-2\files-2.1\org.eclipse.persistence\org.eclipse.persistence.core\4.0.2\64b969f4520e792c6da832883bf151b0da4a06ef\org.eclipse.persistence.core-4.0.2.jar, C:\Users\hp\.gradle\caches\modules-2\files-2.1\org.eclipse.persistence\org.eclipse.persistence.asm\9.5.0\b28829841a8203616d7976ec3b94f0523c875ae4\org.eclipse.persistence.asm-9.5.0.jar, C:\Users\hp\.gradle\caches\modules-2\files-2.1\org.eclipse.persistence\org.eclipse.persistence.jpa.jpql\4.0.2\d33900b7274b08acff3b56a80d7e788e18aa012d\org.eclipse.persistence.jpa.jpql-4.0.2.jar, C:\Users\hp\.gradle\caches\modules-2\files-2.1\jakarta.persistence\jakarta.persistence-api\3.1.0\66901fa1c373c6aff65c13791cc11da72060a8d6\jakarta.persistence-api-3.1.0.jar, C:\Users\hp\.gradle\caches\modules-2\files-2.1\software.amazon.awssdk\checksums-spi\2.29.9\87da069d4f2fae106ae183fc95c2a73e077f7044\checksums-spi-2.29.9.jar, C:\Users\hp\.gradle\caches\modules-2\files-2.1\software.amazon.awssdk\endpoints-spi\2.29.9\17ad9c50305b161044512e09da37849792cfe1f7\endpoints-spi-2.29.9.jar, C:\Users\hp\.gradle\caches\modules-2\files-2.1\software.amazon.awssdk\http-auth-aws-eventstream\2.29.9\18af37739317dda966ce32e6f58dc1a957fc1ff8\http-auth-aws-eventstream-2.29.9.jar, C:\Users\hp\.gradle\caches\modules-2\files-2.1\software.amazon.awssdk\annotations\2.29.9\db323405e49adad9f5889f083f666a4a58c913c1\annotations-2.29.9.jar, C:\Users\hp\.gradle\caches\modules-2\files-2.1\software.amazon.eventstream\eventstream\1.0.1\6ff8649dffc5190366ada897ba8525a836297784\eventstream-1.0.1.jar, C:\Users\hp\.gradle\caches\modules-2\files-2.1\xom\xom\1.3.9\c1012b95027799beabd123a3f651aea19d13edc5\xom-1.3.9.jar, C:\Users\hp\.gradle\caches\modules-2\files-2.1\commons-configuration\commons-configuration\1.10\2b36e4adfb66d966c5aef2d73deb6be716389dc9\commons-configuration-1.10.jar, C:\Users\hp\.gradle\caches\modules-2\files-2.1\commons-fileupload\commons-fileupload\1.6.0\2392704cccb4632b3ccd9b8cfbe2943cca6fc455\commons-fileupload-1.6.0.jar, C:\Users\hp\.gradle\caches\modules-2\files-2.1\org.apache-extras.beanshell\bsh\2.0b6\fb418f9b33a0b951e9a2978b4b6ee93b2707e72f\bsh-2.0b6.jar, C:\Users\hp\.gradle\caches\modules-2\files-2.1\org.codehaus.janino\commons-compiler\3.1.12\501779107b06a981ff359eab7369ff7a2bf077e\commons-compiler-3.1.12.jar, C:\Users\hp\.gradle\caches\modules-2\files-2.1\com.google.protobuf\protobuf-java\4.29.0\ffea90ab158435d68de76951857ef5f8b0f98365\protobuf-java-4.29.0.jar, C:\Users\hp\.gradle\caches\modules-2\files-2.1\org.glassfish.jaxb\txw2\4.0.5\f36a4ef12120a9bb06d766d6a0e54b144fd7ed98\txw2-4.0.5.jar, C:\Users\hp\.gradle\caches\modules-2\files-2.1\com.sun.istack\istack-commons-runtime\4.1.2\18ec117c85f3ba0ac65409136afa8e42bc74e739\istack-commons-runtime-4.1.2.jar, C:\Users\hp\.gradle\caches\modules-2\files-2.1\jakarta.annotation\jakarta.annotation-api\3.0.0\54f928fadec906a99d558536756d171917b9d936\jakarta.annotation-api-3.0.0.jar, C:\Users\hp\.gradle\caches\modules-2\files-2.1\net.minidev\accessors-smart\2.5.2\ce16fd235cfee48e67eda33e684423bba09f7d07\accessors-smart-2.5.2.jar, C:\Users\hp\.gradle\caches\modules-2\files-2.1\com.vaadin.external.google\android-json\0.0.20131108.vaadin1\fa26d351fe62a6a17f5cda1287c1c6110dec413f\android-json-0.0.20131108.vaadin1.jar, C:\Users\hp\.gradle\caches\modules-2\files-2.1\org.springframework\spring-jcl\6.2.10\9ff7e998fe11d991f6b7fd000a0c6583c9e6ffee\spring-jcl-6.2.10.jar, C:\Users\hp\.gradle\caches\modules-2\files-2.1\jakarta.transaction\jakarta.transaction-api\2.0.1\51a520e3fae406abb84e2e1148e6746ce3f80a1a\jakarta.transaction-api-2.0.1.jar, C:\Users\hp\.gradle\caches\modules-2\files-2.1\org.jboss.logging\jboss-logging\3.6.1.Final\886afbb445b4016a37c8960a7aef6ebd769ce7e5\jboss-logging-3.6.1.Final.jar, C:\Users\hp\.gradle\caches\modules-2\files-2.1\org.hibernate.common\hibernate-commons-annotations\7.0.3.Final\e183c4be8bb41d12e9f19b374e00c34a0a85f439\hibernate-commons-annotations-7.0.3.Final.jar, C:\Users\hp\.gradle\caches\modules-2\files-2.1\io.smallrye\jandex\3.2.0\f17ad860f62a08487b9edabde608f8ac55c62fa7\jandex-3.2.0.jar, C:\Users\hp\.gradle\caches\modules-2\files-2.1\com.fasterxml\classmate\1.7.0\e98374da1f2143ac8e6e0a95036994bb19137a3\classmate-1.7.0.jar, C:\Users\hp\.gradle\caches\modules-2\files-2.1\org.glassfish.hk2\hk2-api\3.0.6\5a5152dea2c43384f5c07985eb27140134074ecb\hk2-api-3.0.6.jar, C:\Users\hp\.gradle\caches\modules-2\files-2.1\org.glassfish.hk2\hk2-utils\3.0.6\b3187d0673c0fd52de197e52c62545c34d4eda29\hk2-utils-3.0.6.jar, C:\Users\hp\.gradle\caches\modules-2\files-2.1\jakarta.inject\jakarta.inject-api\2.0.1\4c28afe1991a941d7702fe1362c365f0a8641d1e\jakarta.inject-api-2.0.1.jar, C:\Users\hp\.gradle\caches\modules-2\files-2.1\org.antlr\antlr4-runtime\4.13.0\5a02e48521624faaf5ff4d99afc88b01686af655\antlr4-runtime-4.13.0.jar, C:\Users\hp\.gradle\caches\modules-2\files-2.1\org.aspectj\aspectjweaver\1.9.24\9b5aeb0cea9f958b9c57fb80e62996e95a3e9379\aspectjweaver-1.9.24.jar, C:\Users\hp\.gradle\caches\modules-2\files-2.1\commons-collections\commons-collections\3.2.2\8ad72fe39fa8c91eaaf12aadb21e0c3661fe26d5\commons-collections-3.2.2.jar, C:\Users\hp\.gradle\caches\modules-2\files-2.1\org.yakworks\i18n\0.4.2\d4575b673f1e08710166f97b7e8e987affd20fc8\i18n-0.4.2.jar, C:\Users\hp\.gradle\caches\modules-2\files-2.1\org.apache.tomcat.embed\tomcat-embed-websocket\10.1.44\1966a8224858c4b4480469bfcdcaa3f8faf59cc7\tomcat-embed-websocket-10.1.44.jar, C:\Users\hp\.gradle\caches\modules-2\files-2.1\org.apache.tomcat.embed\tomcat-embed-core\10.1.44\5e18d00936ca925c9249f1a8e77c0e8adf1d6287\tomcat-embed-core-10.1.44.jar, C:\Users\hp\.gradle\caches\modules-2\files-2.1\com.nimbusds\nimbus-jose-jwt\10.0.2\93347ea9247ae09e095575e10f9cae79c195fbb8\nimbus-jose-jwt-10.0.2.jar, C:\Users\hp\.gradle\caches\modules-2\files-2.1\org.springframework.security\spring-security-crypto\6.5.3\b120779667b42a1a412aa0e4426dfab5287f2d5a\spring-security-crypto-6.5.3.jar, C:\Users\hp\.gradle\caches\modules-2\files-2.1\io.micrometer\micrometer-commons\1.15.3\3a97060d64a54daa11f14365aebc559fa8820281\micrometer-commons-1.15.3.jar, C:\Users\hp\.gradle\caches\modules-2\files-2.1\io.projectreactor\reactor-core\3.7.9\95a14ea97f7c99e0897120dc6fe46370c040f7a6\reactor-core-3.7.9.jar, C:\Users\hp\.gradle\caches\modules-2\files-2.1\com.github.luben\zstd-jni\1.5.6-4\ba9e303e0b5e94cdd0017390d7d8c06f47fd61f7\zstd-jni-1.5.6-4.jar, C:\Users\hp\.gradle\caches\modules-2\files-2.1\org.lz4\lz4-java\1.8.0\4b986a99445e49ea5fbf5d149c4b63f6ed6c6780\lz4-java-1.8.0.jar, C:\Users\hp\.gradle\caches\modules-2\files-2.1\org.xerial.snappy\snappy-java\1.1.10.5\ac605269f3598506196e469f1fb0d7ed5c55059e\snappy-java-1.1.10.5.jar, C:\Users\hp\.gradle\caches\modules-2\files-2.1\org.hdrhistogram\HdrHistogram\2.2.2\7959933ebcc0f05b2eaa5af0a0c8689fa257b15c\HdrHistogram-2.2.2.jar, C:\Users\hp\.gradle\caches\modules-2\files-2.1\org.latencyutils\LatencyUtils\2.0.3\769c0b82cb2421c8256300e907298a9410a2a3d3\LatencyUtils-2.0.3.jar, C:\Users\hp\.gradle\caches\modules-2\files-2.1\io.prometheus\prometheus-metrics-exposition-textformats\1.3.10\7475c21ee94b4c46ff0394a2df02b3d2c5443690\prometheus-metrics-exposition-textformats-1.3.10.jar, C:\Users\hp\.gradle\caches\modules-2\files-2.1\io.prometheus\prometheus-metrics-model\1.3.10\e74c144f68e0258cbbdea64d4e387e65ebae6329\prometheus-metrics-model-1.3.10.jar, C:\Users\hp\.gradle\caches\modules-2\files-2.1\io.prometheus\prometheus-metrics-config\1.3.10\4fe03e3cc60188a32385bbd4559368842815e435\prometheus-metrics-config-1.3.10.jar, C:\Users\hp\.gradle\caches\modules-2\files-2.1\org.glassfish.hk2\osgi-resource-locator\1.0.3\de3b21279df7e755e38275137539be5e2c80dd58\osgi-resource-locator-1.0.3.jar, C:\Users\hp\.gradle\caches\modules-2\files-2.1\org.ccil.cowan.tagsoup\tagsoup\1.2.1\5584627487e984c03456266d3f8802eb85a9ce97\tagsoup-1.2.1.jar, C:\Users\hp\.gradle\caches\modules-2\files-2.1\com.github.albfernandez\juniversalchardet\2.5.0\423123a1ddfe458d07948bc09cfa0170037a9e3d\juniversalchardet-2.5.0.jar, C:\Users\hp\.gradle\caches\modules-2\files-2.1\xerces\xercesImpl\2.12.2\f051f988aa2c9b4d25d05f95742ab0cc3ed789e2\xercesImpl-2.12.2.jar, C:\Users\hp\.gradle\caches\modules-2\files-2.1\org.apache.pdfbox\jempbox\1.8.17\388997fbd1b57f8e424c4447e3fc8ce5dd2fc665\jempbox-1.8.17.jar, C:\Users\hp\.gradle\caches\modules-2\files-2.1\org.apache.pdfbox\xmpbox\2.0.33\27a18389042faff22f156b9b29ad2cc1e0bd0430\xmpbox-2.0.33.jar, C:\Users\hp\.gradle\caches\modules-2\files-2.1\com.github.jnr\jnr-unixsocket\0.38.23\c0ba598b0e26e5f9093df8f765d0742a7a0cc9a3\jnr-unixsocket-0.38.23.jar, C:\Users\hp\.gradle\caches\modules-2\files-2.1\com.github.jnr\jnr-enxio\0.32.18\51a69259b24185ec6cde0d30035e93ae0c504aea\jnr-enxio-0.32.18.jar, C:\Users\hp\.gradle\caches\modules-2\files-2.1\com.google.auth\google-auth-library-credentials\1.32.1\74f75234e8e7fe9e827aa36b72e128aea6a86a47\google-auth-library-credentials-1.32.1.jar, C:\Users\hp\.gradle\caches\modules-2\files-2.1\com.google.api\gax\2.61.0\1ccd2fe23b33e37b380a7efc82aec405a0e874a7\gax-2.61.0.jar, C:\Users\hp\.gradle\caches\modules-2\files-2.1\software.amazon.awssdk\third-party-jackson-core\2.29.9\9615602b6b4ff6c6448719d0dab0e35d5b293164\third-party-jackson-core-2.29.9.jar, C:\Users\hp\.gradle\caches\modules-2\files-2.1\org.glassfish.expressly\expressly\5.0.0\78637fec7db6414c3ad32f3aa9e5d6610a299e5b\expressly-5.0.0.jar, C:\Users\hp\.gradle\caches\modules-2\files-2.1\org.glassfish.hk2\spring-bridge\3.0.6\e7047f31108550310f1ed9c2814caea58d875ccc\spring-bridge-3.0.6.jar, C:\Users\hp\.gradle\caches\modules-2\files-2.1\org.reactivestreams\reactive-streams\1.0.4\3864a1320d97d7b045f729a326e1e077661f31b7\reactive-streams-1.0.4.jar, C:\Users\hp\.gradle\caches\modules-2\files-2.1\io.netty\netty-codec-http2\4.1.124.Final\24f9b9afacb3d79c176d10424890ebd4457ceaf7\netty-codec-http2-4.1.124.Final.jar, C:\Users\hp\.gradle\caches\modules-2\files-2.1\io.netty\netty-codec-http\4.1.125.Final\e5c04e7e7885890cf03085cac4fdf837e73ef8ab\netty-codec-http-4.1.125.Final.jar, C:\Users\hp\.gradle\caches\modules-2\files-2.1\io.netty\netty-handler\4.1.124.Final\13abbd2534e08e60b42829900d2a5d10b9417129\netty-handler-4.1.124.Final.jar, C:\Users\hp\.gradle\caches\modules-2\files-2.1\io.netty\netty-codec\4.1.125.Final\ce90b4cf7fffaec2711397337eeb098a1495c455\netty-codec-4.1.125.Final.jar, C:\Users\hp\.gradle\caches\modules-2\files-2.1\io.netty\netty-transport-classes-epoll\4.1.124.Final\c211ad4e253d8fbb195a868d849c2645544866e7\netty-transport-classes-epoll-4.1.124.Final.jar, C:\Users\hp\.gradle\caches\modules-2\files-2.1\io.netty\netty-transport-native-unix-common\4.1.124.Final\6df613f0356d4de02574507754afb33874a7336\netty-transport-native-unix-common-4.1.124.Final.jar, C:\Users\hp\.gradle\caches\modules-2\files-2.1\io.netty\netty-transport\4.1.124.Final\ce4f80c96f32d51659e142237c3ffbc678765e4e\netty-transport-4.1.124.Final.jar, C:\Users\hp\.gradle\caches\modules-2\files-2.1\io.netty\netty-buffer\4.1.124.Final\1e9c299dc908e801b4e041bef1b81cfe0ca0038c\netty-buffer-4.1.124.Final.jar, C:\Users\hp\.gradle\caches\modules-2\files-2.1\io.netty\netty-resolver\4.1.124.Final\85758b8fd2e75bce01423298592401bf649a5e31\netty-resolver-4.1.124.Final.jar, C:\Users\hp\.gradle\caches\modules-2\files-2.1\io.netty\netty-common\4.1.124.Final\46f22130821ee796e347b90693f61d7fc4b2e8a6\netty-common-4.1.124.Final.jar, C:\Users\hp\.gradle\caches\modules-2\files-2.1\commons-digester\commons-digester\2.1\73a8001e7a54a255eef0f03521ec1805dc738ca0\commons-digester-2.1.jar, C:\Users\hp\.gradle\caches\modules-2\files-2.1\org.apache.httpcomponents.client5\httpclient5\5.5\4b3d253351cf74eb0ae8eb21ca5a5fb9815ef861\httpclient5-5.5.jar, C:\Users\hp\.gradle\caches\modules-2\files-2.1\org.apache.httpcomponents.core5\httpcore5\5.3.4\ea47f0fe6e00ffb07cec3a0cb1bb801b1a9cc353\httpcore5-5.3.4.jar, C:\Users\hp\.gradle\caches\modules-2\files-2.1\org.apache.xmlgraphics\batik-css\1.19\5fd19312a31e1b61c5d9595d65a085b81af30e6b\batik-css-1.19.jar, C:\Users\hp\.gradle\caches\modules-2\files-2.1\org.htmlunit\neko-htmlunit\4.11.0\91d26f42c57ae1d90a6849acefd4d1c8032f05d2\neko-htmlunit-4.11.0.jar, C:\Users\hp\.gradle\caches\modules-2\files-2.1\com.github.jnr\jnr-posix\3.1.20\7f9f3a34bec049bc8e1c4899fee18a85010d608\jnr-posix-3.1.20.jar, C:\Users\hp\.gradle\caches\modules-2\files-2.1\com.github.jnr\jnr-ffi\2.2.17\3b3a375fb3509a2d2014687d5e8d6b3881a3614e\jnr-ffi-2.2.17.jar, C:\Users\hp\.gradle\caches\modules-2\files-2.1\org.glassfish.hk2\class-model\3.0.6\cdb59ed7b763f2fbee0a5595b2d1bad91d22f27f\class-model-3.0.6.jar, C:\Users\hp\.gradle\caches\modules-2\files-2.1\org.ow2.asm\asm-commons\9.7.1\406c6a2225cfe1819f102a161e54cc16a5c24f75\asm-commons-9.7.1.jar, C:\Users\hp\.gradle\caches\modules-2\files-2.1\org.ow2.asm\asm-util\9.7.1\9e23359b598ec6b74b23e53110dd5c577adf2243\asm-util-9.7.1.jar, C:\Users\hp\.gradle\caches\modules-2\files-2.1\org.ow2.asm\asm-analysis\9.7.1\f97a3b319f0ed6a8cd944dc79060d3912a28985f\asm-analysis-9.7.1.jar, C:\Users\hp\.gradle\caches\modules-2\files-2.1\org.ow2.asm\asm-tree\9.7.1\3a53139787663b139de76b627fca0084ab60d32c\asm-tree-9.7.1.jar, C:\Users\hp\.gradle\caches\modules-2\files-2.1\org.ow2.asm\asm\9.7.1\f0ed132a49244b042cd0e15702ab9f2ce3cc8436\asm-9.7.1.jar, C:\Users\hp\.gradle\caches\modules-2\files-2.1\org.jetbrains\annotations\13.0\919f0dfe192fb4e063e7dacadee7f8bb9a2672a9\annotations-13.0.jar, C:\Users\hp\.gradle\caches\modules-2\files-2.1\com.github.jnr\jnr-constants\0.10.4\9f6f23763bf40ea7b56391791f574174914430a\jnr-constants-0.10.4.jar, C:\Users\hp\.gradle\caches\modules-2\files-2.1\com.google.j2objc\j2objc-annotations\3.0.0\7399e65dd7e9ff3404f4535b2f017093bdb134c7\j2objc-annotations-3.0.0.jar, C:\Users\hp\.gradle\caches\modules-2\files-2.1\io.opencensus\opencensus-api\0.31.1\66a60c7201c2b8b20ce495f0295b32bb0ccbbc57\opencensus-api-0.31.1.jar, C:\Users\hp\.gradle\caches\modules-2\files-2.1\io.grpc\grpc-context\1.69.0\cea23878872f76418dcd6df0c6eef0bf27463537\grpc-context-1.69.0.jar, C:\Users\hp\.gradle\caches\modules-2\files-2.1\com.google.auto.value\auto-value-annotations\1.11.0\f0d047931d07cfbc6fa4079854f181ff62891d6f\auto-value-annotations-1.11.0.jar, C:\Users\hp\.gradle\caches\modules-2\files-2.1\org.apache.httpcomponents.core5\httpcore5-h2\5.3.4\3742a9a9ba3a5a0d45be230093b52a1302a561e2\httpcore5-h2-5.3.4.jar, C:\Users\hp\.gradle\caches\modules-2\files-2.1\org.apache.xmlgraphics\batik-util\1.19\f246bb0e8b645a552697a7a507e24536af764fc\batik-util-1.19.jar, C:\Users\hp\.gradle\caches\modules-2\files-2.1\org.apache.xmlgraphics\batik-constants\1.19\aef5a746a204f8597a3f7c0c5e28a0192c1f3e\batik-constants-1.19.jar, C:\Users\hp\.gradle\caches\modules-2\files-2.1\org.apache.xmlgraphics\batik-i18n\1.19\9df77dbefde9120a1c0c4edaa287fa7fe2263cd6\batik-i18n-1.19.jar, C:\Users\hp\.gradle\caches\modules-2\files-2.1\org.apache.xmlgraphics\batik-shared-resources\1.19\db8a1ad3a24f747f5170f623ccd785a95145b724\batik-shared-resources-1.19.jar, C:\Users\hp\.gradle\caches\modules-2\files-2.1\org.apache.xmlgraphics\xmlgraphics-commons\2.11\4adc636cc7051d40f859f53287ae268684ab6a80\xmlgraphics-commons-2.11.jar, C:\Users\hp\.gradle\caches\modules-2\files-2.1\org.attoparser\attoparser\2.0.7.RELEASE\e5d0e988d9124139d645bb5872b24dfa23e283cc\attoparser-2.0.7.RELEASE.jar, C:\Users\hp\.gradle\caches\modules-2\files-2.1\org.unbescape\unbescape\1.1.6.RELEASE\7b90360afb2b860e09e8347112800d12c12b2a13\unbescape-1.1.6.RELEASE.jar, C:\Users\hp\.gradle\caches\modules-2\files-2.1\com.github.jnr\jffi\1.3.13\861b79314b8cef27f506c007edb78bf1ad0df77c\jffi-1.3.13.jar, C:\Users\hp\.gradle\caches\modules-2\files-2.1\com.github.jnr\jffi\1.3.13\15e41e9c8f02b384bf138ab7f2778b441bfa5df3\jffi-1.3.13-native.jar, C:\Users\hp\.gradle\caches\modules-2\files-2.1\com.github.jnr\jnr-a64asm\1.0.0\a1cb8dbe71b5a6a0288043c3ba3ca64545be165\jnr-a64asm-1.0.0.jar, C:\Users\hp\.gradle\caches\modules-2\files-2.1\com.github.jnr\jnr-x86asm\1.0.2\6936bbd6c5b235665d87bd450f5e13b52d4b48\jnr-x86asm-1.0.2.jar, C:\Users\hp\.gradle\caches\modules-2\files-2.1\io.grpc\grpc-api\1.69.0\965c2c7f708cd6e6ddbf1eb175c3e87e96e41297\grpc-api-1.69.0.jar] with C:\Users\hp\.gradle\.tmp\gradle-javaexec-classpath17722963309043530300.jar
Starting process 'command 'C:\Program Files\Java\jdk-21\bin\java.exe''. Working directory: D:\program_data\Fineract\Fineract-without-loan\fineract-provider Command: C:\Program Files\Java\jdk-21\bin\java.exe -Dspring.output.ansi.enabled=ALWAYS -XX:TieredStopAtLevel=1 -Xms512m -Xmx2g -Dfile.encoding=UTF-8 -Duser.country=IN -Duser.language=en -Duser.variant -cp C:\Users\hp\.gradle\.tmp\gradle-javaexec-classpath17722963309043530300.jar org.apache.fineract.ServerApplication
Successfully started process 'command 'C:\Program Files\Java\jdk-21\bin\java.exe''
./gradlew : 17:05:20,725 |-WARN in ch.qos.
logback.core.joran.action.ConversionRuleAc
tion - [converterClass] attribute is 
deprecated and replaced by [class]. See 
element [conversionRule] near line 30
At line:1 char:1
+ ./gradlew :fineract-provider:bootRun 
--no-daemon --info 2>&1 | Tee-Ob ...
+ ~~~~~~~~~~~~~~~~~~~~~~~~~~~~~~~~~~~~~~~~
~~~~~~~~~~~~~~~~~~~~
    + CategoryInfo          : NotSpecifie 
   d: (17:05:20,725 |-...e] near line 30  
  :String) [], RemoteException
    + FullyQualifiedErrorId : NativeComma 
   ndError
 

    _                     _            _____ _                           _
   / \   _ __   __ _  ___| |__   ___  |  ___(_)_ __   ___ _ __ __ _  ___| |_
  / _ \ | '_ \ / _` |/ __| '_ \ / _ \ | |_  | | '_ \ / _ \ '__/ _` |/ __| __|
 / ___ \| |_) | (_| | (__| | | |  __/ |  _| | | | | |  __/ | | (_| | (__| |_
/_/   \_\ .__/ \__,_|\___|_| |_|\___| |_|   |_|_| |_|\___|_|  \__,_|\___|\__|
        |_|

[2m[37m(c) 2015-2024 Apache Fineract (https://fineract.apache.org)[30m

[2m[37mPowered by Spring Boot 3.5.5[30m


[2m2025-12-04 17:05:21.696[0;39m [32m- INFO[0;39m [35m25472[0;39m [32m[0;39m [      no-tenant] [2m---[0;39m [2m[           main][0;39m [36morg.apache.fineract.ServerApplication   [0;39m [2m:[0;39m Starting ServerApplication using Java 21.0.8 with PID 25472 (D:\program_data\Fineract\Fineract-without-loan\fineract-provider\build\classes\java\main started by hp in D:\program_data\Fineract\Fineract-without-loan\fineract-provider)
[2m2025-12-04 17:05:21.701[0;39m [32m- INFO[0;39m [35m25472[0;39m [32m[0;39m [      no-tenant] [2m---[0;39m [2m[           main][0;39m [36morg.apache.fineract.ServerApplication   [0;39m [2m:[0;39m No active profile set, falling back to 1 default profile: "default"
[2m2025-12-04 17:05:28.916[0;39m [32m- INFO[0;39m [35m25472[0;39m [32m[0;39m [      no-tenant] [2m---[0;39m [2m[           main][0;39m [36m.s.d.r.c.RepositoryConfigurationDelegate[0;39m [2m:[0;39m Bootstrapping Spring Data JPA repositories in DEFAULT mode.
[2m2025-12-04 17:05:32.179[0;39m [32m- INFO[0;39m [35m25472[0;39m [32m[0;39m [      no-tenant] [2m---[0;39m [2m[           main][0;39m [36mo.s.b.f.s.DefaultListableBeanFactory    [0;39m [2m:[0;39m Overriding bean definition for bean 'commandRepository' with a different definition: replacing [Root bean: class=org.springframework.data.jpa.repository.support.JpaRepositoryFactoryBean; scope=; abstract=false; lazyInit=false; autowireMode=0; dependencyCheck=0; autowireCandidate=true; primary=false; fallback=false; factoryBeanName=null; factoryMethodName=null; initMethodNames=null; destroyMethodNames=null; defined in org.apache.fineract.command.persistence.domain.CommandRepository defined in @EnableJpaRepositories declared on JPAConfig] with [Root bean: class=org.springframework.data.jpa.repository.support.JpaRepositoryFactoryBean; scope=; abstract=false; lazyInit=false; autowireMode=0; dependencyCheck=0; autowireCandidate=true; primary=false; fallback=false; factoryBeanName=null; factoryMethodName=null; initMethodNames=null; destroyMethodNames=null; defined in org.apache.fineract.command.persistence.domain.CommandRepository defined in @EnableJpaRepositories declared on JPAConfig]
[2m2025-12-04 17:05:32.200[0;39m [32m- INFO[0;39m [35m25472[0;39m [32m[0;39m [      no-tenant] [2m---[0;39m [2m[           main][0;39m [36m.s.d.r.c.RepositoryConfigurationDelegate[0;39m [2m:[0;39m Finished Spring Data repository scanning in 3178 ms. Found 54 JPA repository interfaces.
[2m2025-12-04 17:05:32.226[0;39m [32m- INFO[0;39m [35m25472[0;39m [32m[0;39m [      no-tenant] [2m---[0;39m [2m[           main][0;39m [36mo.s.b.f.s.DefaultListableBeanFactory    [0;39m [2m:[0;39m Overriding bean definition for bean 'jpaAuditingHandler' with a different definition: replacing [Root bean: class=org.springframework.data.auditing.AuditingHandler; scope=; abstract=false; lazyInit=null; autowireMode=2; dependencyCheck=0; autowireCandidate=true; primary=false; fallback=false; factoryBeanName=null; factoryMethodName=from; initMethodNames=null; destroyMethodNames=null] with [Root bean: class=org.apache.fineract.infrastructure.core.auditing.CustomAuditingHandler; scope=prototype; abstract=false; lazyInit=null; autowireMode=0; dependencyCheck=0; autowireCandidate=true; primary=false; fallback=false; factoryBeanName=null; factoryMethodName=null; initMethodNames=null; destroyMethodNames=null]
[2m2025-12-04 17:05:36.901[0;39m [32m- INFO[0;39m [35m25472[0;39m [32m[0;39m [      no-tenant] [2m---[0;39m [2m[           main][0;39m [36mfaultConfiguringBeanFactoryPostProcessor[0;39m [2m:[0;39m No bean named 'errorChannel' has been explicitly defined. Therefore, a default PublishSubscribeChannel will be created.
[2m2025-12-04 17:05:36.931[0;39m [32m- INFO[0;39m [35m25472[0;39m [32m[0;39m [      no-tenant] [2m---[0;39m [2m[           main][0;39m [36mfaultConfiguringBeanFactoryPostProcessor[0;39m [2m:[0;39m No bean named 'integrationHeaderChannelRegistry' has been explicitly defined. Therefore, a default DefaultHeaderChannelRegistry will be created.
[2m2025-12-04 17:05:39.548[0;39m [33m- WARN[0;39m [35m25472[0;39m [33m[0;39m [      no-tenant] [2m---[0;39m [2m[           main][0;39m [36mtrationDelegate$BeanPostProcessorChecker[0;39m [2m:[0;39m Bean 'fineract-org.apache.fineract.infrastructure.core.config.FineractProperties' of type [org.apache.fineract.infrastructure.core.config.FineractProperties] is not eligible for getting processed by all BeanPostProcessors (for example: not eligible for auto-proxying). Is this bean getting eagerly injected/applied to a currently created BeanPostProcessor [samplingBeanPostProcessor]? Check the corresponding BeanPostProcessor declaration and its dependencies/advisors. If this bean does not have to be post-processed, declare it with ROLE_INFRASTRUCTURE.
[2m2025-12-04 17:05:39.569[0;39m [33m- WARN[0;39m [35m25472[0;39m [33m[0;39m [      no-tenant] [2m---[0;39m [2m[           main][0;39m [36mtrationDelegate$BeanPostProcessorChecker[0;39m [2m:[0;39m Bean 'cacheConfig' of type [org.apache.fineract.infrastructure.core.config.cache.CacheConfig$$SpringCGLIB$$0] is not eligible for getting processed by all BeanPostProcessors (for example: not eligible for auto-proxying). Is this bean getting eagerly injected/applied to a currently created BeanPostProcessor [samplingBeanPostProcessor]? Check the corresponding BeanPostProcessor declaration and its dependencies/advisors. If this bean does not have to be post-processed, declare it with ROLE_INFRASTRUCTURE.
[2m2025-12-04 17:05:40.000[0;39m [32m- INFO[0;39m [35m25472[0;39m [32m[0;39m [      no-tenant] [2m---[0;39m [2m[           main][0;39m [36morg.reflections.Reflections             [0;39m [2m:[0;39m Reflections took 19 ms to scan 1 urls, producing 0 keys and 0 values
[2m2025-12-04 17:05:40.011[0;39m [33m- WARN[0;39m [35m25472[0;39m [33m[0;39m [      no-tenant] [2m---[0;39m [2m[           main][0;39m [36mo.a.f.i.core.config.cache.CacheConfig   [0;39m [2m:[0;39m The following cache configurations are defined but cache does not exists: [userTFAccessToken]
[2m2025-12-04 17:05:40.016[0;39m [33m- WARN[0;39m [35m25472[0;39m [33m[0;39m [      no-tenant] [2m---[0;39m [2m[           main][0;39m [36mtrationDelegate$BeanPostProcessorChecker[0;39m [2m:[0;39m Bean 'ehCacheManager' of type [org.springframework.cache.jcache.JCacheCacheManager] is not eligible for getting processed by all BeanPostProcessors (for example: not eligible for auto-proxying). Is this bean getting eagerly injected/applied to a currently created BeanPostProcessor [samplingBeanPostProcessor]? Check the corresponding BeanPostProcessor declaration and its dependencies/advisors. If this bean does not have to be post-processed, declare it with ROLE_INFRASTRUCTURE.
[2m2025-12-04 17:05:40.035[0;39m [33m- WARN[0;39m [35m25472[0;39m [33m[0;39m [      no-tenant] [2m---[0;39m [2m[           main][0;39m [36mtrationDelegate$BeanPostProcessorChecker[0;39m [2m:[0;39m Bean 'defaultCacheManager' of type [org.apache.fineract.infrastructure.core.config.cache.TransactionBoundCacheManager] is not eligible for getting processed by all BeanPostProcessors (for example: not eligible for auto-proxying). Is this bean getting eagerly injected/applied to a currently created BeanPostProcessor [samplingBeanPostProcessor]? Check the corresponding BeanPostProcessor declaration and its dependencies/advisors. If this bean does not have to be post-processed, declare it with ROLE_INFRASTRUCTURE.
[2m2025-12-04 17:05:40.045[0;39m [33m- WARN[0;39m [35m25472[0;39m [33m[0;39m [      no-tenant] [2m---[0;39m [2m[           main][0;39m [36mtrationDelegate$BeanPostProcessorChecker[0;39m [2m:[0;39m Bean 'runtimeDelegatingCacheManager' of type [org.apache.fineract.infrastructure.cache.service.RuntimeDelegatingCacheManager] is not eligible for getting processed by all BeanPostProcessors (for example: not eligible for auto-proxying). Is this bean getting eagerly injected/applied to a currently created BeanPostProcessor [samplingBeanPostProcessor]? Check the corresponding BeanPostProcessor declaration and its dependencies/advisors. If this bean does not have to be post-processed, declare it with ROLE_INFRASTRUCTURE.
[2m2025-12-04 17:05:40.052[0;39m [33m- WARN[0;39m [35m25472[0;39m [33m[0;39m [      no-tenant] [2m---[0;39m [2m[           main][0;39m [36mtrationDelegate$BeanPostProcessorChecker[0;39m [2m:[0;39m Bean 'platformCacheConfiguration' of type [org.apache.fineract.infrastructure.cache.PlatformCacheConfiguration$$SpringCGLIB$$0] is not eligible for getting processed by all BeanPostProcessors (for example: not eligible for auto-proxying). Is this bean getting eagerly injected/applied to a currently created BeanPostProcessor [samplingBeanPostProcessor]? Check the corresponding BeanPostProcessor declaration and its dependencies/advisors. If this bean does not have to be post-processed, declare it with ROLE_INFRASTRUCTURE.
[2m2025-12-04 17:05:40.111[0;39m [33m- WARN[0;39m [35m25472[0;39m [33m[0;39m [      no-tenant] [2m---[0;39m [2m[           main][0;39m [36mtrationDelegate$BeanPostProcessorChecker[0;39m [2m:[0;39m Bean 'samplingConfiguration' of type [org.apache.fineract.infrastructure.core.diagnostics.performance.sampling.core.SamplingConfiguration] is not eligible for getting processed by all BeanPostProcessors (for example: not eligible for auto-proxying). Is this bean getting eagerly injected/applied to a currently created BeanPostProcessor [samplingBeanPostProcessor]? Check the corresponding BeanPostProcessor declaration and its dependencies/advisors. If this bean does not have to be post-processed, declare it with ROLE_INFRASTRUCTURE.
[2m2025-12-04 17:05:40.119[0;39m [33m- WARN[0;39m [35m25472[0;39m [33m[0;39m [      no-tenant] [2m---[0;39m [2m[           main][0;39m [36mtrationDelegate$BeanPostProcessorChecker[0;39m [2m:[0;39m Bean 'samplingServiceFactory' of type [org.apache.fineract.infrastructure.core.diagnostics.performance.sampling.core.SamplingServiceFactory] is not eligible for getting processed by all BeanPostProcessors (for example: not eligible for auto-proxying). Is this bean getting eagerly injected/applied to a currently created BeanPostProcessor [samplingBeanPostProcessor]? Check the corresponding BeanPostProcessor declaration and its dependencies/advisors. If this bean does not have to be post-processed, declare it with ROLE_INFRASTRUCTURE.
[2m2025-12-04 17:05:41.274[0;39m [33m- WARN[0;39m [35m25472[0;39m [33m[0;39m [      no-tenant] [2m---[0;39m [2m[           main][0;39m [36mConfigServletWebServerApplicationContext[0;39m [2m:[0;39m Exception encountered during context initialization - cancelling refresh attempt: org.springframework.context.ApplicationContextException: Unable to start web server
[2m2025-12-04 17:05:41.298[0;39m [32m- INFO[0;39m [35m25472[0;39m [32m[0;39m [      no-tenant] [2m---[0;39m [2m[           main][0;39m [36m.s.b.a.l.ConditionEvaluationReportLogger[0;39m [2m:[0;39m 

Error starting ApplicationContext. To display the condition evaluation report re-run your application with 'debug' enabled.
[2m2025-12-04 17:05:41.339[0;39m [31m-ERROR[0;39m [35m25472[0;39m [31m[0;39m [      no-tenant] [2m---[0;39m [2m[           main][0;39m [36mo.s.boot.SpringApplication              [0;39m [2m:[0;39m Application run failed

org.springframework.context.ApplicationContextException: Unable to start web server
	at org.springframework.boot.web.servlet.context.ServletWebServerApplicationContext.onRefresh(ServletWebServerApplicationContext.java:170)
	at org.springframework.context.support.AbstractApplicationContext.refresh(AbstractApplicationContext.java:621)
	at org.springframework.boot.web.servlet.context.ServletWebServerApplicationContext.refresh(ServletWebServerApplicationContext.java:146)
	at org.springframework.boot.SpringApplication.refresh(SpringApplication.java:752)
	at org.springframework.boot.SpringApplication.refreshContext(SpringApplication.java:439)
	at org.springframework.boot.SpringApplication.run(SpringApplication.java:318)
	at org.springframework.boot.builder.SpringApplicationBuilder.run(SpringApplicationBuilder.java:149)
	at org.apache.fineract.ServerApplication.main(ServerApplication.java:57)
Caused by: java.lang.IllegalStateException: Unable to create key store: Could not load store from 'classpath:keystore.jks'
	at org.springframework.boot.ssl.jks.JksSslStoreBundle.createKeyStore(JksSslStoreBundle.java:112)
	at org.springframework.boot.ssl.jks.JksSslStoreBundle.lambda$new$0(JksSslStoreBundle.java:75)
	at org.springframework.util.function.SingletonSupplier.get(SingletonSupplier.java:106)
	at org.springframework.boot.ssl.jks.JksSslStoreBundle.getKeyStore(JksSslStoreBundle.java:81)
	at org.springframework.boot.web.server.WebServerSslBundle.createKeyStore(WebServerSslBundle.java:157)
	at org.springframework.boot.web.server.WebServerSslBundle.createStoreBundle(WebServerSslBundle.java:147)
	at org.springframework.boot.web.server.WebServerSslBundle.get(WebServerSslBundle.java:142)
	at org.springframework.boot.web.server.AbstractConfigurableWebServerFactory.getSslBundle(AbstractConfigurableWebServerFactory.java:198)
	at org.springframework.boot.web.embedded.tomcat.TomcatServletWebServerFactory.customizeSsl(TomcatServletWebServerFactory.java:384)
	at org.springframework.boot.web.embedded.tomcat.TomcatServletWebServerFactory.customizeConnector(TomcatServletWebServerFactory.java:360)
	at org.springframework.boot.web.embedded.tomcat.TomcatServletWebServerFactory.getWebServer(TomcatServletWebServerFactory.java:209)
	at org.springframework.boot.web.servlet.context.ServletWebServerApplicationContext.createWebServer(ServletWebServerApplicationContext.java:193)
	at org.springframework.boot.web.servlet.context.ServletWebServerApplicationContext.onRefresh(ServletWebServerApplicationContext.java:167)
	... 7 common frames omitted
Caused by: java.lang.IllegalStateException: Could not load store from 'classpath:keystore.jks'
	at org.springframework.boot.ssl.jks.JksSslStoreBundle.loadKeyStore(JksSslStoreBundle.java:140)
	at org.springframework.boot.ssl.jks.JksSslStoreBundle.createKeyStore(JksSslStoreBundle.java:107)
	... 19 common frames omitted
Caused by: java.io.FileNotFoundException: class path resource [keystore.jks] cannot be opened because it does not exist
	at org.springframework.core.io.ClassPathResource.getInputStream(ClassPathResource.java:215)
	at org.springframework.boot.ssl.jks.JksSslStoreBundle.loadKeyStore(JksSslStoreBundle.java:135)
	... 20 common frames omitted


> Task :fineract-provider:bootRun FAILED

[Incubating] Problems report is available at: file:///D:/program_data/Fineract/Fineract-without-loan/build/reports/problems/problems-report.html

FAILURE: Build failed with an exception.

* What went wrong:
Execution failed for task 
':fineract-provider:bootRun'.
> Process 'command 'C:\Program 
Files\Java\jdk-21\bin\java.exe'' finished 
with non-zero exit value 1

* Try:
> Run with --stacktrace option to get the 
stack trace.
> Run with --debug option to get more log 
output.
> Run with --scan to get full insights.
> Get more help at 
https://help.gradle.org.

Deprecated Gradle features were used in this build, making it incompatible with Gradle 9.0.

You can use '--warning-mode all' to show the individual deprecation warnings and determine if they come from your own scripts or plugins.

For more on this, please refer to https://docs.gradle.org/8.14.3/userguide/command_line_interface.html#sec:command_line_warnings in the Gradle documentation.

BUILD FAILED in 2m 55s
56 actionable tasks: 2 executed, 54 up-to-date
